Archive member included to satisfy reference by file (symbol)

../ultrasonic_theremin_bsp/\libhal_bsp.a(alt_irq_register.o)
                              obj/default/led_counter.o (alt_irq_register)
../ultrasonic_theremin_bsp/\libhal_bsp.a(alt_irq_vars.o)
                              ../ultrasonic_theremin_bsp/\libhal_bsp.a(alt_irq_register.o) (alt_irq_active)
../ultrasonic_theremin_bsp/\libhal_bsp.a(alt_load.o)
                              ../ultrasonic_theremin_bsp//obj/HAL/src/crt0.o (alt_load)
../ultrasonic_theremin_bsp/\libhal_bsp.a(alt_main.o)
                              ../ultrasonic_theremin_bsp//obj/HAL/src/crt0.o (alt_main)
../ultrasonic_theremin_bsp/\libhal_bsp.a(alt_sys_init.o)
                              ../ultrasonic_theremin_bsp/\libhal_bsp.a(alt_main.o) (alt_irq_init)
../ultrasonic_theremin_bsp/\libhal_bsp.a(altera_avalon_jtag_uart_fd.o)
                              ../ultrasonic_theremin_bsp/\libhal_bsp.a(alt_sys_init.o) (altera_avalon_jtag_uart_read_fd)
../ultrasonic_theremin_bsp/\libhal_bsp.a(altera_avalon_jtag_uart_read.o)
                              ../ultrasonic_theremin_bsp/\libhal_bsp.a(altera_avalon_jtag_uart_fd.o) (altera_avalon_jtag_uart_read)
../ultrasonic_theremin_bsp/\libhal_bsp.a(altera_avalon_jtag_uart_write.o)
                              ../ultrasonic_theremin_bsp/\libhal_bsp.a(altera_avalon_jtag_uart_fd.o) (altera_avalon_jtag_uart_write)
../ultrasonic_theremin_bsp/\libhal_bsp.a(altera_avalon_timer_sc.o)
                              ../ultrasonic_theremin_bsp/\libhal_bsp.a(alt_sys_init.o) (alt_avalon_timer_sc_init)
../ultrasonic_theremin_bsp/\libhal_bsp.a(alt_close.o)
                              ../ultrasonic_theremin_bsp/\libhal_bsp.a(alt_main.o) (close)
../ultrasonic_theremin_bsp/\libhal_bsp.a(alt_dcache_flush_all.o)
                              ../ultrasonic_theremin_bsp/\libhal_bsp.a(alt_load.o) (alt_dcache_flush_all)
../ultrasonic_theremin_bsp/\libhal_bsp.a(alt_dev.o)
                              ../ultrasonic_theremin_bsp/\libhal_bsp.a(alt_sys_init.o) (alt_dev_list)
../ultrasonic_theremin_bsp/\libhal_bsp.a(alt_dev_llist_insert.o)
                              ../ultrasonic_theremin_bsp/\libhal_bsp.a(alt_sys_init.o) (alt_dev_llist_insert)
../ultrasonic_theremin_bsp/\libhal_bsp.a(alt_do_ctors.o)
                              ../ultrasonic_theremin_bsp/\libhal_bsp.a(alt_main.o) (_do_ctors)
../ultrasonic_theremin_bsp/\libhal_bsp.a(alt_do_dtors.o)
                              ../ultrasonic_theremin_bsp/\libhal_bsp.a(alt_main.o) (_do_dtors)
../ultrasonic_theremin_bsp/\libhal_bsp.a(alt_errno.o)
                              ../ultrasonic_theremin_bsp/\libhal_bsp.a(alt_close.o) (alt_errno)
../ultrasonic_theremin_bsp/\libhal_bsp.a(alt_icache_flush_all.o)
                              ../ultrasonic_theremin_bsp/\libhal_bsp.a(alt_load.o) (alt_icache_flush_all)
../ultrasonic_theremin_bsp/\libhal_bsp.a(alt_iic.o)
                              ../ultrasonic_theremin_bsp/\libhal_bsp.a(altera_avalon_timer_sc.o) (alt_ic_isr_register)
../ultrasonic_theremin_bsp/\libhal_bsp.a(alt_iic_isr_register.o)
                              ../ultrasonic_theremin_bsp/\libhal_bsp.a(alt_iic.o) (alt_iic_isr_register)
../ultrasonic_theremin_bsp/\libhal_bsp.a(alt_io_redirect.o)
                              ../ultrasonic_theremin_bsp/\libhal_bsp.a(alt_main.o) (alt_io_redirect)
../ultrasonic_theremin_bsp/\libhal_bsp.a(alt_irq_entry.o)
                              ../ultrasonic_theremin_bsp/\libhal_bsp.a(alt_irq_register.o) (alt_irq_entry)
../ultrasonic_theremin_bsp/\libhal_bsp.a(alt_irq_handler.o)
                              ../ultrasonic_theremin_bsp/\libhal_bsp.a(alt_irq_register.o) (alt_irq)
../ultrasonic_theremin_bsp/\libhal_bsp.a(alt_open.o)
                              ../ultrasonic_theremin_bsp/\libhal_bsp.a(alt_io_redirect.o) (open)
../ultrasonic_theremin_bsp/\libhal_bsp.a(alt_release_fd.o)
                              ../ultrasonic_theremin_bsp/\libhal_bsp.a(alt_close.o) (alt_release_fd)
../ultrasonic_theremin_bsp/\libhal_bsp.a(alt_tick.o)
                              ../ultrasonic_theremin_bsp/\libhal_bsp.a(altera_avalon_timer_sc.o) (_alt_tick_rate)
../ultrasonic_theremin_bsp/\libhal_bsp.a(altera_nios2_gen2_irq.o)
                              ../ultrasonic_theremin_bsp/\libhal_bsp.a(alt_sys_init.o) (altera_nios2_gen2_irq_init)
../ultrasonic_theremin_bsp/\libhal_bsp.a(alt_exception_entry.o)
                              ../ultrasonic_theremin_bsp/\libhal_bsp.a(alt_irq_entry.o) (alt_exception)
../ultrasonic_theremin_bsp/\libhal_bsp.a(alt_find_dev.o)
                              ../ultrasonic_theremin_bsp/\libhal_bsp.a(alt_open.o) (alt_find_dev)
../ultrasonic_theremin_bsp/\libhal_bsp.a(alt_find_file.o)
                              ../ultrasonic_theremin_bsp/\libhal_bsp.a(alt_open.o) (alt_find_file)
../ultrasonic_theremin_bsp/\libhal_bsp.a(alt_get_fd.o)
                              ../ultrasonic_theremin_bsp/\libhal_bsp.a(alt_open.o) (alt_get_fd)
../ultrasonic_theremin_bsp/\libhal_bsp.a(alt_icache_flush.o)
                              ../ultrasonic_theremin_bsp/\libhal_bsp.a(alt_icache_flush_all.o) (alt_icache_flush)
../ultrasonic_theremin_bsp/\libhal_bsp.a(alt_instruction_exception_entry.o)
                              ../ultrasonic_theremin_bsp/\libhal_bsp.a(alt_exception_entry.o) (alt_instruction_exception_entry)
c:/alteraquartus/nios2eds/bin/gnu/h-x86_64-mingw32/bin/../lib/gcc/nios2-elf/5.3.0/../../../../../H-x86_64-mingw32/nios2-elf/lib\libsmallc.a(lib_a-atexit.o)
                              ../ultrasonic_theremin_bsp/\libhal_bsp.a(alt_main.o) (atexit)
c:/alteraquartus/nios2eds/bin/gnu/h-x86_64-mingw32/bin/../lib/gcc/nios2-elf/5.3.0/../../../../../H-x86_64-mingw32/nios2-elf/lib\libsmallc.a(lib_a-exit.o)
                              ../ultrasonic_theremin_bsp/\libhal_bsp.a(alt_main.o) (exit)
c:/alteraquartus/nios2eds/bin/gnu/h-x86_64-mingw32/bin/../lib/gcc/nios2-elf/5.3.0/../../../../../H-x86_64-mingw32/nios2-elf/lib\libsmallc.a(lib_a-int_errno.o)
                              ../ultrasonic_theremin_bsp/\libhal_bsp.a(alt_close.o) (errno)
c:/alteraquartus/nios2eds/bin/gnu/h-x86_64-mingw32/bin/../lib/gcc/nios2-elf/5.3.0/../../../../../H-x86_64-mingw32/nios2-elf/lib\libsmallc.a(lib_a-memcmp.o)
                              ../ultrasonic_theremin_bsp/\libhal_bsp.a(alt_find_dev.o) (memcmp)
c:/alteraquartus/nios2eds/bin/gnu/h-x86_64-mingw32/bin/../lib/gcc/nios2-elf/5.3.0/../../../../../H-x86_64-mingw32/nios2-elf/lib\libsmallc.a(lib_a-strlen.o)
                              ../ultrasonic_theremin_bsp/\libhal_bsp.a(alt_find_dev.o) (strlen)
c:/alteraquartus/nios2eds/bin/gnu/h-x86_64-mingw32/bin/../lib/gcc/nios2-elf/5.3.0/../../../../../H-x86_64-mingw32/nios2-elf/lib\libsmallc.a(lib_a-__atexit.o)
                              c:/alteraquartus/nios2eds/bin/gnu/h-x86_64-mingw32/bin/../lib/gcc/nios2-elf/5.3.0/../../../../../H-x86_64-mingw32/nios2-elf/lib\libsmallc.a(lib_a-atexit.o) (__register_exitproc)
c:/alteraquartus/nios2eds/bin/gnu/h-x86_64-mingw32/bin/../lib/gcc/nios2-elf/5.3.0/../../../../../H-x86_64-mingw32/nios2-elf/lib\libsmallc.a(lib_a-__call_atexit.o)
                              c:/alteraquartus/nios2eds/bin/gnu/h-x86_64-mingw32/bin/../lib/gcc/nios2-elf/5.3.0/../../../../../H-x86_64-mingw32/nios2-elf/lib\libsmallc.a(lib_a-exit.o) (__call_exitprocs)
c:/alteraquartus/nios2eds/bin/gnu/h-x86_64-mingw32/bin/../lib/gcc/nios2-elf/5.3.0/../../../../../H-x86_64-mingw32/nios2-elf/lib\libsmallc.a(lib_a-impure.o)
                              c:/alteraquartus/nios2eds/bin/gnu/h-x86_64-mingw32/bin/../lib/gcc/nios2-elf/5.3.0/../../../../../H-x86_64-mingw32/nios2-elf/lib\libsmallc.a(lib_a-__atexit.o) (_global_impure_ptr)
../ultrasonic_theremin_bsp/\libhal_bsp.a(alt_exit.o)
                              c:/alteraquartus/nios2eds/bin/gnu/h-x86_64-mingw32/bin/../lib/gcc/nios2-elf/5.3.0/../../../../../H-x86_64-mingw32/nios2-elf/lib\libsmallc.a(lib_a-exit.o) (_exit)

Allocating common symbols
Common symbol       size              file

alt_irq             0x100             ../ultrasonic_theremin_bsp/\libhal_bsp.a(alt_irq_handler.o)
errno               0x4               c:/alteraquartus/nios2eds/bin/gnu/h-x86_64-mingw32/bin/../lib/gcc/nios2-elf/5.3.0/../../../../../H-x86_64-mingw32/nios2-elf/lib\libsmallc.a(lib_a-int_errno.o)

Memory Configuration

Name             Origin             Length             Attributes
reset            0x0000000000004000 0x0000000000000020
onchip_ram       0x0000000000004020 0x0000000000003fe0
*default*        0x0000000000000000 0xffffffffffffffff

Linker script and memory map

LOAD ../ultrasonic_theremin_bsp//obj/HAL/src/crt0.o
LOAD obj/default/led_counter.o
LOAD c:/alteraquartus/nios2eds/bin/gnu/h-x86_64-mingw32/bin/../lib/gcc/nios2-elf/5.3.0/../../../../../H-x86_64-mingw32/nios2-elf/lib\libstdc++.a
LOAD c:/alteraquartus/nios2eds/bin/gnu/h-x86_64-mingw32/bin/../lib/gcc/nios2-elf/5.3.0/../../../../../H-x86_64-mingw32/nios2-elf/lib\libm.a
LOAD c:/alteraquartus/nios2eds/bin/gnu/h-x86_64-mingw32/bin/../lib/gcc/nios2-elf/5.3.0\libgcc.a
START GROUP
LOAD c:/alteraquartus/nios2eds/bin/gnu/h-x86_64-mingw32/bin/../lib/gcc/nios2-elf/5.3.0/../../../../../H-x86_64-mingw32/nios2-elf/lib\libsmallc.a
LOAD c:/alteraquartus/nios2eds/bin/gnu/h-x86_64-mingw32/bin/../lib/gcc/nios2-elf/5.3.0\libgcc.a
LOAD ../ultrasonic_theremin_bsp/\libhal_bsp.a
LOAD c:/alteraquartus/nios2eds/bin/gnu/h-x86_64-mingw32/bin/../lib/gcc/nios2-elf/5.3.0/../../../../../H-x86_64-mingw32/nios2-elf/lib\libm.a
END GROUP
LOAD c:/alteraquartus/nios2eds/bin/gnu/h-x86_64-mingw32/bin/../lib/gcc/nios2-elf/5.3.0\libgcc.a
                0x0000000000004000                __alt_mem_onchip_ram = 0x4000

.entry          0x0000000000004000       0x20
 *(.entry)
 .entry         0x0000000000004000       0x20 ../ultrasonic_theremin_bsp//obj/HAL/src/crt0.o
                0x0000000000004000                __reset

.exceptions     0x0000000000004020      0x224
                0x0000000000004020                PROVIDE (__ram_exceptions_start, ABSOLUTE (.))
                0x0000000000004020                . = ALIGN (0x20)
 *(.irq)
 *(.exceptions.entry.label)
 .exceptions.entry.label
                0x0000000000004020        0x0 ../ultrasonic_theremin_bsp/\libhal_bsp.a(alt_irq_entry.o)
                0x0000000000004020                alt_irq_entry
 .exceptions.entry.label
                0x0000000000004020        0x0 ../ultrasonic_theremin_bsp/\libhal_bsp.a(alt_exception_entry.o)
                0x0000000000004020                alt_exception
 *(.exceptions.entry.user)
 *(.exceptions.entry.ecc_fatal)
 *(.exceptions.entry)
 .exceptions.entry
                0x0000000000004020       0x54 ../ultrasonic_theremin_bsp/\libhal_bsp.a(alt_exception_entry.o)
 *(.exceptions.irqtest.user)
 *(.exceptions.irqtest)
 .exceptions.irqtest
                0x0000000000004074       0x10 ../ultrasonic_theremin_bsp/\libhal_bsp.a(alt_irq_entry.o)
 *(.exceptions.irqhandler.user)
 *(.exceptions.irqhandler)
 .exceptions.irqhandler
                0x0000000000004084        0x4 ../ultrasonic_theremin_bsp/\libhal_bsp.a(alt_irq_entry.o)
 *(.exceptions.irqreturn.user)
 *(.exceptions.irqreturn)
 .exceptions.irqreturn
                0x0000000000004088        0x4 ../ultrasonic_theremin_bsp/\libhal_bsp.a(alt_irq_entry.o)
 *(.exceptions.notirq.label)
 .exceptions.notirq.label
                0x000000000000408c        0x0 ../ultrasonic_theremin_bsp/\libhal_bsp.a(alt_irq_entry.o)
 *(.exceptions.notirq.user)
 *(.exceptions.notirq)
 .exceptions.notirq
                0x000000000000408c        0x8 ../ultrasonic_theremin_bsp/\libhal_bsp.a(alt_exception_entry.o)
 *(.exceptions.soft.user)
 *(.exceptions.soft)
 *(.exceptions.unknown.user)
 *(.exceptions.unknown)
 .exceptions.unknown
                0x0000000000004094       0x14 ../ultrasonic_theremin_bsp/\libhal_bsp.a(alt_exception_entry.o)
 *(.exceptions.exit.label)
 .exceptions.exit.label
                0x00000000000040a8        0x0 ../ultrasonic_theremin_bsp/\libhal_bsp.a(alt_irq_entry.o)
 .exceptions.exit.label
                0x00000000000040a8        0x0 ../ultrasonic_theremin_bsp/\libhal_bsp.a(alt_exception_entry.o)
 *(.exceptions.exit.user)
 *(.exceptions.exit)
 .exceptions.exit
                0x00000000000040a8       0x54 ../ultrasonic_theremin_bsp/\libhal_bsp.a(alt_exception_entry.o)
 *(.exceptions)
 .exceptions    0x00000000000040fc       0xd4 ../ultrasonic_theremin_bsp/\libhal_bsp.a(alt_irq_handler.o)
                0x00000000000040fc                alt_irq_handler
 .exceptions    0x00000000000041d0       0x74 ../ultrasonic_theremin_bsp/\libhal_bsp.a(alt_instruction_exception_entry.o)
                0x00000000000041d0                alt_instruction_exception_entry
                0x0000000000004244                PROVIDE (__ram_exceptions_end, ABSOLUTE (.))
                0x0000000000004020                PROVIDE (__flash_exceptions_start, LOADADDR (.exceptions))

.text           0x0000000000004244     0x1a8c
                [!provide]                        PROVIDE (stext, ABSOLUTE (.))
 *(.interp)
 *(.hash)
 *(.dynsym)
 *(.dynstr)
 *(.gnu.version)
 *(.gnu.version_d)
 *(.gnu.version_r)
 *(.rel.init)
 *(.rela.init)
 *(.rel.text .rel.text.* .rel.gnu.linkonce.t.*)
 *(.rela.text .rela.text.* .rela.gnu.linkonce.t.*)
 *(.rel.fini)
 *(.rela.fini)
 *(.rel.rodata .rel.rodata.* .rel.gnu.linkonce.r.*)
 *(.rela.rodata .rela.rodata.* .rela.gnu.linkonce.r.*)
 *(.rel.data .rel.data.* .rel.gnu.linkonce.d.*)
 *(.rela.data .rela.data.* .rela.gnu.linkonce.d.*)
 *(.rel.tdata .rel.tdata.* .rel.gnu.linkonce.td.*)
 *(.rela.tdata .rela.tdata.* .rela.gnu.linkonce.td.*)
 *(.rel.tbss .rel.tbss.* .rel.gnu.linkonce.tb.*)
 *(.rela.tbss .rela.tbss.* .rela.gnu.linkonce.tb.*)
 *(.rel.ctors)
 *(.rela.ctors)
 *(.rel.dtors)
 *(.rela.dtors)
 *(.rel.got)
 *(.rela.got)
 *(.rel.sdata .rel.sdata.* .rel.gnu.linkonce.s.*)
 *(.rela.sdata .rela.sdata.* .rela.gnu.linkonce.s.*)
 *(.rel.sbss .rel.sbss.* .rel.gnu.linkonce.sb.*)
 *(.rela.sbss .rela.sbss.* .rela.gnu.linkonce.sb.*)
 *(.rel.sdata2 .rel.sdata2.* .rel.gnu.linkonce.s2.*)
 *(.rela.sdata2 .rela.sdata2.* .rela.gnu.linkonce.s2.*)
 *(.rel.sbss2 .rel.sbss2.* .rel.gnu.linkonce.sb2.*)
 *(.rela.sbss2 .rela.sbss2.* .rela.gnu.linkonce.sb2.*)
 *(.rel.bss .rel.bss.* .rel.gnu.linkonce.b.*)
 *(.rela.bss .rela.bss.* .rela.gnu.linkonce.b.*)
 *(.rel.plt)
 *(.rela.plt)
 *(.rel.dyn)
 *(.init)
 *(.plt)
 *(.text .stub .text.* .gnu.linkonce.t.*)
 .text          0x0000000000004244       0x4c ../ultrasonic_theremin_bsp//obj/HAL/src/crt0.o
                0x0000000000004244                _start
 .text          0x0000000000004290       0xb4 obj/default/led_counter.o
                0x0000000000004290                timer_interrupt
                0x00000000000042e0                main
 .text          0x0000000000004344      0x180 ../ultrasonic_theremin_bsp/\libhal_bsp.a(alt_irq_register.o)
                0x0000000000004344                alt_irq_register
 .text          0x00000000000044c4        0x0 ../ultrasonic_theremin_bsp/\libhal_bsp.a(alt_irq_vars.o)
 .text          0x00000000000044c4       0xec ../ultrasonic_theremin_bsp/\libhal_bsp.a(alt_load.o)
                0x000000000000452c                alt_load
 .text          0x00000000000045b0       0x7c ../ultrasonic_theremin_bsp/\libhal_bsp.a(alt_main.o)
                0x00000000000045b0                alt_main
 .text          0x000000000000462c       0xb8 ../ultrasonic_theremin_bsp/\libhal_bsp.a(alt_sys_init.o)
                0x0000000000004660                alt_irq_init
                0x0000000000004698                alt_sys_init
 .text          0x00000000000046e4       0xc0 ../ultrasonic_theremin_bsp/\libhal_bsp.a(altera_avalon_jtag_uart_fd.o)
                0x00000000000046e4                altera_avalon_jtag_uart_read_fd
                0x0000000000004744                altera_avalon_jtag_uart_write_fd
 .text          0x00000000000047a4       0xec ../ultrasonic_theremin_bsp/\libhal_bsp.a(altera_avalon_jtag_uart_read.o)
                0x00000000000047a4                altera_avalon_jtag_uart_read
 .text          0x0000000000004890       0x94 ../ultrasonic_theremin_bsp/\libhal_bsp.a(altera_avalon_jtag_uart_write.o)
                0x0000000000004890                altera_avalon_jtag_uart_write
 .text          0x0000000000004924       0xf4 ../ultrasonic_theremin_bsp/\libhal_bsp.a(altera_avalon_timer_sc.o)
                0x000000000000499c                alt_avalon_timer_sc_init
 .text          0x0000000000004a18      0x10c ../ultrasonic_theremin_bsp/\libhal_bsp.a(alt_close.o)
                0x0000000000004a54                close
 .text          0x0000000000004b24       0x48 ../ultrasonic_theremin_bsp/\libhal_bsp.a(alt_dcache_flush_all.o)
                0x0000000000004b24                alt_dcache_flush_all
 .text          0x0000000000004b6c       0x2c ../ultrasonic_theremin_bsp/\libhal_bsp.a(alt_dev.o)
 .text          0x0000000000004b98       0xe0 ../ultrasonic_theremin_bsp/\libhal_bsp.a(alt_dev_llist_insert.o)
                0x0000000000004bd4                alt_dev_llist_insert
 .text          0x0000000000004c78       0x60 ../ultrasonic_theremin_bsp/\libhal_bsp.a(alt_do_ctors.o)
                0x0000000000004c78                _do_ctors
 .text          0x0000000000004cd8       0x60 ../ultrasonic_theremin_bsp/\libhal_bsp.a(alt_do_dtors.o)
                0x0000000000004cd8                _do_dtors
 .text          0x0000000000004d38        0x0 ../ultrasonic_theremin_bsp/\libhal_bsp.a(alt_errno.o)
 .text          0x0000000000004d38       0x34 ../ultrasonic_theremin_bsp/\libhal_bsp.a(alt_icache_flush_all.o)
                0x0000000000004d38                alt_icache_flush_all
 .text          0x0000000000004d6c      0x1b0 ../ultrasonic_theremin_bsp/\libhal_bsp.a(alt_iic.o)
                0x0000000000004d6c                alt_ic_isr_register
                0x0000000000004dbc                alt_ic_irq_enable
                0x0000000000004e44                alt_ic_irq_disable
                0x0000000000004ed0                alt_ic_irq_enabled
 .text          0x0000000000004f1c       0xf0 ../ultrasonic_theremin_bsp/\libhal_bsp.a(alt_iic_isr_register.o)
                0x0000000000004f1c                alt_iic_isr_register
 .text          0x000000000000500c      0x140 ../ultrasonic_theremin_bsp/\libhal_bsp.a(alt_io_redirect.o)
                0x00000000000050d0                alt_io_redirect
 .text          0x000000000000514c        0x0 ../ultrasonic_theremin_bsp/\libhal_bsp.a(alt_irq_entry.o)
 .text          0x000000000000514c        0x0 ../ultrasonic_theremin_bsp/\libhal_bsp.a(alt_irq_handler.o)
 .text          0x000000000000514c      0x254 ../ultrasonic_theremin_bsp/\libhal_bsp.a(alt_open.o)
                0x000000000000524c                open
 .text          0x00000000000053a0       0x64 ../ultrasonic_theremin_bsp/\libhal_bsp.a(alt_release_fd.o)
                0x00000000000053a0                alt_release_fd
 .text          0x0000000000005404      0x1a4 ../ultrasonic_theremin_bsp/\libhal_bsp.a(alt_tick.o)
                0x0000000000005404                alt_alarm_stop
                0x00000000000054a0                alt_tick
 .text          0x00000000000055a8       0x24 ../ultrasonic_theremin_bsp/\libhal_bsp.a(altera_nios2_gen2_irq.o)
                0x00000000000055a8                altera_nios2_gen2_irq_init
 .text          0x00000000000055cc        0x0 ../ultrasonic_theremin_bsp/\libhal_bsp.a(alt_exception_entry.o)
 .text          0x00000000000055cc       0x90 ../ultrasonic_theremin_bsp/\libhal_bsp.a(alt_find_dev.o)
                0x00000000000055cc                alt_find_dev
 .text          0x000000000000565c      0x108 ../ultrasonic_theremin_bsp/\libhal_bsp.a(alt_find_file.o)
                0x000000000000565c                alt_find_file
 .text          0x0000000000005764       0xa4 ../ultrasonic_theremin_bsp/\libhal_bsp.a(alt_get_fd.o)
                0x0000000000005764                alt_get_fd
 .text          0x0000000000005808       0x90 ../ultrasonic_theremin_bsp/\libhal_bsp.a(alt_icache_flush.o)
                0x0000000000005808                alt_icache_flush
 .text          0x0000000000005898       0x9c ../ultrasonic_theremin_bsp/\libhal_bsp.a(alt_instruction_exception_entry.o)
                0x0000000000005898                alt_exception_cause_generated_bad_addr
 .text          0x0000000000005934        0x0 c:/alteraquartus/nios2eds/bin/gnu/h-x86_64-mingw32/bin/../lib/gcc/nios2-elf/5.3.0/../../../../../H-x86_64-mingw32/nios2-elf/lib\libsmallc.a(lib_a-atexit.o)
 .text.atexit   0x0000000000005934       0x14 c:/alteraquartus/nios2eds/bin/gnu/h-x86_64-mingw32/bin/../lib/gcc/nios2-elf/5.3.0/../../../../../H-x86_64-mingw32/nios2-elf/lib\libsmallc.a(lib_a-atexit.o)
                0x0000000000005934                atexit
 .text          0x0000000000005948        0x0 c:/alteraquartus/nios2eds/bin/gnu/h-x86_64-mingw32/bin/../lib/gcc/nios2-elf/5.3.0/../../../../../H-x86_64-mingw32/nios2-elf/lib\libsmallc.a(lib_a-exit.o)
 .text.exit     0x0000000000005948       0x20 c:/alteraquartus/nios2eds/bin/gnu/h-x86_64-mingw32/bin/../lib/gcc/nios2-elf/5.3.0/../../../../../H-x86_64-mingw32/nios2-elf/lib\libsmallc.a(lib_a-exit.o)
                0x0000000000005948                exit
 .text          0x0000000000005968        0x0 c:/alteraquartus/nios2eds/bin/gnu/h-x86_64-mingw32/bin/../lib/gcc/nios2-elf/5.3.0/../../../../../H-x86_64-mingw32/nios2-elf/lib\libsmallc.a(lib_a-int_errno.o)
 .text          0x0000000000005968        0x0 c:/alteraquartus/nios2eds/bin/gnu/h-x86_64-mingw32/bin/../lib/gcc/nios2-elf/5.3.0/../../../../../H-x86_64-mingw32/nios2-elf/lib\libsmallc.a(lib_a-memcmp.o)
 .text.memcmp   0x0000000000005968       0x30 c:/alteraquartus/nios2eds/bin/gnu/h-x86_64-mingw32/bin/../lib/gcc/nios2-elf/5.3.0/../../../../../H-x86_64-mingw32/nios2-elf/lib\libsmallc.a(lib_a-memcmp.o)
                0x0000000000005968                memcmp
 .text          0x0000000000005998        0x0 c:/alteraquartus/nios2eds/bin/gnu/h-x86_64-mingw32/bin/../lib/gcc/nios2-elf/5.3.0/../../../../../H-x86_64-mingw32/nios2-elf/lib\libsmallc.a(lib_a-strlen.o)
 .text.strlen   0x0000000000005998       0x1c c:/alteraquartus/nios2eds/bin/gnu/h-x86_64-mingw32/bin/../lib/gcc/nios2-elf/5.3.0/../../../../../H-x86_64-mingw32/nios2-elf/lib\libsmallc.a(lib_a-strlen.o)
                0x0000000000005998                strlen
 .text          0x00000000000059b4        0x0 c:/alteraquartus/nios2eds/bin/gnu/h-x86_64-mingw32/bin/../lib/gcc/nios2-elf/5.3.0/../../../../../H-x86_64-mingw32/nios2-elf/lib\libsmallc.a(lib_a-__atexit.o)
 .text.__register_exitproc
                0x00000000000059b4      0x158 c:/alteraquartus/nios2eds/bin/gnu/h-x86_64-mingw32/bin/../lib/gcc/nios2-elf/5.3.0/../../../../../H-x86_64-mingw32/nios2-elf/lib\libsmallc.a(lib_a-__atexit.o)
                0x00000000000059b4                __register_exitproc
 .text          0x0000000000005b0c        0x0 c:/alteraquartus/nios2eds/bin/gnu/h-x86_64-mingw32/bin/../lib/gcc/nios2-elf/5.3.0/../../../../../H-x86_64-mingw32/nios2-elf/lib\libsmallc.a(lib_a-__call_atexit.o)
 .text.__call_exitprocs
                0x0000000000005b0c      0x190 c:/alteraquartus/nios2eds/bin/gnu/h-x86_64-mingw32/bin/../lib/gcc/nios2-elf/5.3.0/../../../../../H-x86_64-mingw32/nios2-elf/lib\libsmallc.a(lib_a-__call_atexit.o)
                0x0000000000005b0c                __call_exitprocs
 .text          0x0000000000005c9c        0x0 c:/alteraquartus/nios2eds/bin/gnu/h-x86_64-mingw32/bin/../lib/gcc/nios2-elf/5.3.0/../../../../../H-x86_64-mingw32/nios2-elf/lib\libsmallc.a(lib_a-impure.o)
 .text          0x0000000000005c9c       0x34 ../ultrasonic_theremin_bsp/\libhal_bsp.a(alt_exit.o)
                0x0000000000005c9c                _exit
 *(.gnu.warning.*)
 *(.fini)
                [!provide]                        PROVIDE (__etext, ABSOLUTE (.))
                [!provide]                        PROVIDE (_etext, ABSOLUTE (.))
                [!provide]                        PROVIDE (etext, ABSOLUTE (.))
 *(.eh_frame_hdr)
                0x0000000000005cd0                . = ALIGN (0x4)
                [!provide]                        PROVIDE (__preinit_array_start, ABSOLUTE (.))
 *(.preinit_array)
                [!provide]                        PROVIDE (__preinit_array_end, ABSOLUTE (.))
                [!provide]                        PROVIDE (__init_array_start, ABSOLUTE (.))
 *(.init_array)
                [!provide]                        PROVIDE (__init_array_end, ABSOLUTE (.))
                [!provide]                        PROVIDE (__fini_array_start, ABSOLUTE (.))
 *(.fini_array)
                [!provide]                        PROVIDE (__fini_array_end, ABSOLUTE (.))
 *(.eh_frame)
 *(.gcc_except_table .gcc_except_table.*)
 *(.dynamic)
                0x0000000000005cd0                PROVIDE (__CTOR_LIST__, ABSOLUTE (.))
 *(.ctors)
 *(SORT(.ctors.*))
                0x0000000000005cd0                PROVIDE (__CTOR_END__, ABSOLUTE (.))
                0x0000000000005cd0                PROVIDE (__DTOR_LIST__, ABSOLUTE (.))
 *(.dtors)
 *(SORT(.dtors.*))
                0x0000000000005cd0                PROVIDE (__DTOR_END__, ABSOLUTE (.))
 *(.jcr)
                0x0000000000005cd0                . = ALIGN (0x4)

.rodata         0x0000000000005cd0       0x2c
                0x0000000000005cd0                PROVIDE (__ram_rodata_start, ABSOLUTE (.))
                0x0000000000005cd0                . = ALIGN (0x4)
 *(.rodata .rodata.* .gnu.linkonce.r.*)
 .rodata        0x0000000000005cd0        0xf ../ultrasonic_theremin_bsp/\libhal_bsp.a(alt_main.o)
 *fill*         0x0000000000005cdf        0x1 
 .rodata        0x0000000000005ce0        0xf ../ultrasonic_theremin_bsp/\libhal_bsp.a(alt_sys_init.o)
 *fill*         0x0000000000005cef        0x1 
 .rodata        0x0000000000005cf0        0xa ../ultrasonic_theremin_bsp/\libhal_bsp.a(alt_dev.o)
 *(.rodata1)
                0x0000000000005cfc                . = ALIGN (0x4)
 *fill*         0x0000000000005cfa        0x2 
                0x0000000000005cfc                PROVIDE (__ram_rodata_end, ABSOLUTE (.))
                0x0000000000005cd0                PROVIDE (__flash_rodata_start, LOADADDR (.rodata))

.rwdata         0x0000000000005cfc      0x2e0 load address 0x0000000000005fdc
                0x0000000000005cfc                PROVIDE (__ram_rwdata_start, ABSOLUTE (.))
                0x0000000000005cfc                . = ALIGN (0x4)
 *(.got.plt)
 *(.got)
 *(.data1)
 *(.data .data.* .gnu.linkonce.d.*)
 .data          0x0000000000005cfc        0x0 ../ultrasonic_theremin_bsp//obj/HAL/src/crt0.o
 .data          0x0000000000005cfc        0x0 obj/default/led_counter.o
 .data          0x0000000000005cfc        0x0 ../ultrasonic_theremin_bsp/\libhal_bsp.a(alt_irq_register.o)
 .data          0x0000000000005cfc        0x0 ../ultrasonic_theremin_bsp/\libhal_bsp.a(alt_irq_vars.o)
 .data          0x0000000000005cfc        0x0 ../ultrasonic_theremin_bsp/\libhal_bsp.a(alt_load.o)
 .data          0x0000000000005cfc        0x0 ../ultrasonic_theremin_bsp/\libhal_bsp.a(alt_main.o)
 .data          0x0000000000005cfc       0x2c ../ultrasonic_theremin_bsp/\libhal_bsp.a(alt_sys_init.o)
 .data          0x0000000000005d28        0x0 ../ultrasonic_theremin_bsp/\libhal_bsp.a(altera_avalon_jtag_uart_fd.o)
 .data          0x0000000000005d28        0x0 ../ultrasonic_theremin_bsp/\libhal_bsp.a(altera_avalon_jtag_uart_read.o)
 .data          0x0000000000005d28        0x0 ../ultrasonic_theremin_bsp/\libhal_bsp.a(altera_avalon_jtag_uart_write.o)
 .data          0x0000000000005d28        0x0 ../ultrasonic_theremin_bsp/\libhal_bsp.a(altera_avalon_timer_sc.o)
 .data          0x0000000000005d28        0x0 ../ultrasonic_theremin_bsp/\libhal_bsp.a(alt_close.o)
 .data          0x0000000000005d28        0x0 ../ultrasonic_theremin_bsp/\libhal_bsp.a(alt_dcache_flush_all.o)
 .data          0x0000000000005d28      0x1a8 ../ultrasonic_theremin_bsp/\libhal_bsp.a(alt_dev.o)
                0x0000000000005d28                alt_dev_null
                0x0000000000005d50                alt_fd_list
 .data          0x0000000000005ed0        0x0 ../ultrasonic_theremin_bsp/\libhal_bsp.a(alt_dev_llist_insert.o)
 .data          0x0000000000005ed0        0x0 ../ultrasonic_theremin_bsp/\libhal_bsp.a(alt_do_ctors.o)
 .data          0x0000000000005ed0        0x0 ../ultrasonic_theremin_bsp/\libhal_bsp.a(alt_do_dtors.o)
 .data          0x0000000000005ed0        0x0 ../ultrasonic_theremin_bsp/\libhal_bsp.a(alt_errno.o)
 .data          0x0000000000005ed0        0x0 ../ultrasonic_theremin_bsp/\libhal_bsp.a(alt_icache_flush_all.o)
 .data          0x0000000000005ed0        0x0 ../ultrasonic_theremin_bsp/\libhal_bsp.a(alt_iic.o)
 .data          0x0000000000005ed0        0x0 ../ultrasonic_theremin_bsp/\libhal_bsp.a(alt_iic_isr_register.o)
 .data          0x0000000000005ed0        0x0 ../ultrasonic_theremin_bsp/\libhal_bsp.a(alt_io_redirect.o)
 .data          0x0000000000005ed0        0x0 ../ultrasonic_theremin_bsp/\libhal_bsp.a(alt_irq_entry.o)
 .data          0x0000000000005ed0        0x0 ../ultrasonic_theremin_bsp/\libhal_bsp.a(alt_irq_handler.o)
 .data          0x0000000000005ed0        0x0 ../ultrasonic_theremin_bsp/\libhal_bsp.a(alt_open.o)
 .data          0x0000000000005ed0        0x0 ../ultrasonic_theremin_bsp/\libhal_bsp.a(alt_release_fd.o)
 .data          0x0000000000005ed0        0x0 ../ultrasonic_theremin_bsp/\libhal_bsp.a(alt_tick.o)
 .data          0x0000000000005ed0        0x0 ../ultrasonic_theremin_bsp/\libhal_bsp.a(altera_nios2_gen2_irq.o)
 .data          0x0000000000005ed0        0x0 ../ultrasonic_theremin_bsp/\libhal_bsp.a(alt_exception_entry.o)
 .data          0x0000000000005ed0        0x0 ../ultrasonic_theremin_bsp/\libhal_bsp.a(alt_find_dev.o)
 .data          0x0000000000005ed0        0x0 ../ultrasonic_theremin_bsp/\libhal_bsp.a(alt_find_file.o)
 .data          0x0000000000005ed0        0x0 ../ultrasonic_theremin_bsp/\libhal_bsp.a(alt_get_fd.o)
 .data          0x0000000000005ed0        0x0 ../ultrasonic_theremin_bsp/\libhal_bsp.a(alt_icache_flush.o)
 .data          0x0000000000005ed0        0x0 ../ultrasonic_theremin_bsp/\libhal_bsp.a(alt_instruction_exception_entry.o)
 .data          0x0000000000005ed0        0x0 c:/alteraquartus/nios2eds/bin/gnu/h-x86_64-mingw32/bin/../lib/gcc/nios2-elf/5.3.0/../../../../../H-x86_64-mingw32/nios2-elf/lib\libsmallc.a(lib_a-atexit.o)
 .data          0x0000000000005ed0        0x0 c:/alteraquartus/nios2eds/bin/gnu/h-x86_64-mingw32/bin/../lib/gcc/nios2-elf/5.3.0/../../../../../H-x86_64-mingw32/nios2-elf/lib\libsmallc.a(lib_a-exit.o)
 .data          0x0000000000005ed0        0x0 c:/alteraquartus/nios2eds/bin/gnu/h-x86_64-mingw32/bin/../lib/gcc/nios2-elf/5.3.0/../../../../../H-x86_64-mingw32/nios2-elf/lib\libsmallc.a(lib_a-int_errno.o)
 .data          0x0000000000005ed0        0x0 c:/alteraquartus/nios2eds/bin/gnu/h-x86_64-mingw32/bin/../lib/gcc/nios2-elf/5.3.0/../../../../../H-x86_64-mingw32/nios2-elf/lib\libsmallc.a(lib_a-memcmp.o)
 .data          0x0000000000005ed0        0x0 c:/alteraquartus/nios2eds/bin/gnu/h-x86_64-mingw32/bin/../lib/gcc/nios2-elf/5.3.0/../../../../../H-x86_64-mingw32/nios2-elf/lib\libsmallc.a(lib_a-strlen.o)
 .data          0x0000000000005ed0        0x0 c:/alteraquartus/nios2eds/bin/gnu/h-x86_64-mingw32/bin/../lib/gcc/nios2-elf/5.3.0/../../../../../H-x86_64-mingw32/nios2-elf/lib\libsmallc.a(lib_a-__atexit.o)
 .data          0x0000000000005ed0        0x0 c:/alteraquartus/nios2eds/bin/gnu/h-x86_64-mingw32/bin/../lib/gcc/nios2-elf/5.3.0/../../../../../H-x86_64-mingw32/nios2-elf/lib\libsmallc.a(lib_a-__call_atexit.o)
 .data          0x0000000000005ed0        0x0 c:/alteraquartus/nios2eds/bin/gnu/h-x86_64-mingw32/bin/../lib/gcc/nios2-elf/5.3.0/../../../../../H-x86_64-mingw32/nios2-elf/lib\libsmallc.a(lib_a-impure.o)
 .data.impure_data
                0x0000000000005ed0       0xe0 c:/alteraquartus/nios2eds/bin/gnu/h-x86_64-mingw32/bin/../lib/gcc/nios2-elf/5.3.0/../../../../../H-x86_64-mingw32/nios2-elf/lib\libsmallc.a(lib_a-impure.o)
 .data          0x0000000000005fb0        0x0 ../ultrasonic_theremin_bsp/\libhal_bsp.a(alt_exit.o)
                0x000000000000dfb0                _gp = ABSOLUTE ((. + 0x8000))
                [!provide]                        PROVIDE (gp, _gp)
 *(.rwdata .rwdata.*)
 *(.sdata .sdata.* .gnu.linkonce.s.*)
 .sdata         0x0000000000005fb0        0x4 ../ultrasonic_theremin_bsp/\libhal_bsp.a(alt_irq_vars.o)
                0x0000000000005fb0                alt_priority_mask
 .sdata         0x0000000000005fb4       0x14 ../ultrasonic_theremin_bsp/\libhal_bsp.a(alt_dev.o)
                0x0000000000005fb4                alt_fs_list
                0x0000000000005fbc                alt_dev_list
                0x0000000000005fc4                alt_max_fd
 .sdata         0x0000000000005fc8        0x4 ../ultrasonic_theremin_bsp/\libhal_bsp.a(alt_errno.o)
                0x0000000000005fc8                alt_errno
 .sdata         0x0000000000005fcc        0x8 ../ultrasonic_theremin_bsp/\libhal_bsp.a(alt_tick.o)
                0x0000000000005fcc                alt_alarm_list
 .sdata._global_impure_ptr
                0x0000000000005fd4        0x4 c:/alteraquartus/nios2eds/bin/gnu/h-x86_64-mingw32/bin/../lib/gcc/nios2-elf/5.3.0/../../../../../H-x86_64-mingw32/nios2-elf/lib\libsmallc.a(lib_a-impure.o)
                0x0000000000005fd4                _global_impure_ptr
 .sdata._impure_ptr
                0x0000000000005fd8        0x4 c:/alteraquartus/nios2eds/bin/gnu/h-x86_64-mingw32/bin/../lib/gcc/nios2-elf/5.3.0/../../../../../H-x86_64-mingw32/nios2-elf/lib\libsmallc.a(lib_a-impure.o)
                0x0000000000005fd8                _impure_ptr
 *(.sdata2 .sdata2.* .gnu.linkonce.s2.*)
                0x0000000000005fdc                . = ALIGN (0x4)
                0x0000000000005fdc                _edata = ABSOLUTE (.)
                [!provide]                        PROVIDE (edata, ABSOLUTE (.))
                0x0000000000005fdc                PROVIDE (__ram_rwdata_end, ABSOLUTE (.))
                0x0000000000005fdc                PROVIDE (__flash_rwdata_start, LOADADDR (.rwdata))

.bss            0x00000000000062bc      0x124
                0x00000000000062bc                __bss_start = ABSOLUTE (.)
                [!provide]                        PROVIDE (__sbss_start, ABSOLUTE (.))
                [!provide]                        PROVIDE (___sbss_start, ABSOLUTE (.))
 *(.dynsbss)
 *(.sbss .sbss.* .gnu.linkonce.sb.*)
 .sbss          0x00000000000062bc        0x2 obj/default/led_counter.o
                0x00000000000062bc                counter
 *fill*         0x00000000000062be        0x2 
 .sbss          0x00000000000062c0        0x4 ../ultrasonic_theremin_bsp/\libhal_bsp.a(alt_irq_vars.o)
                0x00000000000062c0                alt_irq_active
 .sbss          0x00000000000062c4        0xc ../ultrasonic_theremin_bsp/\libhal_bsp.a(alt_main.o)
                0x00000000000062c4                alt_argc
                0x00000000000062c8                alt_argv
                0x00000000000062cc                alt_envp
 .sbss          0x00000000000062d0        0x8 ../ultrasonic_theremin_bsp/\libhal_bsp.a(alt_tick.o)
                0x00000000000062d0                _alt_tick_rate
                0x00000000000062d4                _alt_nticks
 .sbss          0x00000000000062d8        0x4 ../ultrasonic_theremin_bsp/\libhal_bsp.a(alt_instruction_exception_entry.o)
                0x00000000000062d8                alt_instruction_exception_handler
 .sbss          0x00000000000062dc        0x4 c:/alteraquartus/nios2eds/bin/gnu/h-x86_64-mingw32/bin/../lib/gcc/nios2-elf/5.3.0/../../../../../H-x86_64-mingw32/nios2-elf/lib\libsmallc.a(lib_a-int_errno.o)
                0x00000000000062dc                errno
 *(.sbss2 .sbss2.* .gnu.linkonce.sb2.*)
 *(.scommon)
                [!provide]                        PROVIDE (__sbss_end, ABSOLUTE (.))
                [!provide]                        PROVIDE (___sbss_end, ABSOLUTE (.))
 *(.dynbss)
 *(.bss .bss.* .gnu.linkonce.b.*)
 .bss           0x00000000000062e0        0x0 ../ultrasonic_theremin_bsp//obj/HAL/src/crt0.o
 .bss           0x00000000000062e0        0x0 obj/default/led_counter.o
 .bss           0x00000000000062e0        0x0 ../ultrasonic_theremin_bsp/\libhal_bsp.a(alt_irq_register.o)
 .bss           0x00000000000062e0        0x0 ../ultrasonic_theremin_bsp/\libhal_bsp.a(alt_irq_vars.o)
 .bss           0x00000000000062e0        0x0 ../ultrasonic_theremin_bsp/\libhal_bsp.a(alt_load.o)
 .bss           0x00000000000062e0        0x0 ../ultrasonic_theremin_bsp/\libhal_bsp.a(alt_main.o)
 .bss           0x00000000000062e0        0x0 ../ultrasonic_theremin_bsp/\libhal_bsp.a(alt_sys_init.o)
 .bss           0x00000000000062e0        0x0 ../ultrasonic_theremin_bsp/\libhal_bsp.a(altera_avalon_jtag_uart_fd.o)
 .bss           0x00000000000062e0        0x0 ../ultrasonic_theremin_bsp/\libhal_bsp.a(altera_avalon_jtag_uart_read.o)
 .bss           0x00000000000062e0        0x0 ../ultrasonic_theremin_bsp/\libhal_bsp.a(altera_avalon_jtag_uart_write.o)
 .bss           0x00000000000062e0        0x0 ../ultrasonic_theremin_bsp/\libhal_bsp.a(altera_avalon_timer_sc.o)
 .bss           0x00000000000062e0        0x0 ../ultrasonic_theremin_bsp/\libhal_bsp.a(alt_close.o)
 .bss           0x00000000000062e0        0x0 ../ultrasonic_theremin_bsp/\libhal_bsp.a(alt_dcache_flush_all.o)
 .bss           0x00000000000062e0        0x0 ../ultrasonic_theremin_bsp/\libhal_bsp.a(alt_dev.o)
 .bss           0x00000000000062e0        0x0 ../ultrasonic_theremin_bsp/\libhal_bsp.a(alt_dev_llist_insert.o)
 .bss           0x00000000000062e0        0x0 ../ultrasonic_theremin_bsp/\libhal_bsp.a(alt_do_ctors.o)
 .bss           0x00000000000062e0        0x0 ../ultrasonic_theremin_bsp/\libhal_bsp.a(alt_do_dtors.o)
 .bss           0x00000000000062e0        0x0 ../ultrasonic_theremin_bsp/\libhal_bsp.a(alt_errno.o)
 .bss           0x00000000000062e0        0x0 ../ultrasonic_theremin_bsp/\libhal_bsp.a(alt_icache_flush_all.o)
 .bss           0x00000000000062e0        0x0 ../ultrasonic_theremin_bsp/\libhal_bsp.a(alt_iic.o)
 .bss           0x00000000000062e0        0x0 ../ultrasonic_theremin_bsp/\libhal_bsp.a(alt_iic_isr_register.o)
 .bss           0x00000000000062e0        0x0 ../ultrasonic_theremin_bsp/\libhal_bsp.a(alt_io_redirect.o)
 .bss           0x00000000000062e0        0x0 ../ultrasonic_theremin_bsp/\libhal_bsp.a(alt_irq_entry.o)
 .bss           0x00000000000062e0        0x0 ../ultrasonic_theremin_bsp/\libhal_bsp.a(alt_irq_handler.o)
 .bss           0x00000000000062e0        0x0 ../ultrasonic_theremin_bsp/\libhal_bsp.a(alt_open.o)
 .bss           0x00000000000062e0        0x0 ../ultrasonic_theremin_bsp/\libhal_bsp.a(alt_release_fd.o)
 .bss           0x00000000000062e0        0x0 ../ultrasonic_theremin_bsp/\libhal_bsp.a(alt_tick.o)
 .bss           0x00000000000062e0        0x0 ../ultrasonic_theremin_bsp/\libhal_bsp.a(altera_nios2_gen2_irq.o)
 .bss           0x00000000000062e0        0x0 ../ultrasonic_theremin_bsp/\libhal_bsp.a(alt_exception_entry.o)
 .bss           0x00000000000062e0        0x0 ../ultrasonic_theremin_bsp/\libhal_bsp.a(alt_find_dev.o)
 .bss           0x00000000000062e0        0x0 ../ultrasonic_theremin_bsp/\libhal_bsp.a(alt_find_file.o)
 .bss           0x00000000000062e0        0x0 ../ultrasonic_theremin_bsp/\libhal_bsp.a(alt_get_fd.o)
 .bss           0x00000000000062e0        0x0 ../ultrasonic_theremin_bsp/\libhal_bsp.a(alt_icache_flush.o)
 .bss           0x00000000000062e0        0x0 ../ultrasonic_theremin_bsp/\libhal_bsp.a(alt_instruction_exception_entry.o)
 .bss           0x00000000000062e0        0x0 c:/alteraquartus/nios2eds/bin/gnu/h-x86_64-mingw32/bin/../lib/gcc/nios2-elf/5.3.0/../../../../../H-x86_64-mingw32/nios2-elf/lib\libsmallc.a(lib_a-atexit.o)
 .bss           0x00000000000062e0        0x0 c:/alteraquartus/nios2eds/bin/gnu/h-x86_64-mingw32/bin/../lib/gcc/nios2-elf/5.3.0/../../../../../H-x86_64-mingw32/nios2-elf/lib\libsmallc.a(lib_a-exit.o)
 .bss           0x00000000000062e0        0x0 c:/alteraquartus/nios2eds/bin/gnu/h-x86_64-mingw32/bin/../lib/gcc/nios2-elf/5.3.0/../../../../../H-x86_64-mingw32/nios2-elf/lib\libsmallc.a(lib_a-int_errno.o)
 .bss           0x00000000000062e0        0x0 c:/alteraquartus/nios2eds/bin/gnu/h-x86_64-mingw32/bin/../lib/gcc/nios2-elf/5.3.0/../../../../../H-x86_64-mingw32/nios2-elf/lib\libsmallc.a(lib_a-memcmp.o)
 .bss           0x00000000000062e0        0x0 c:/alteraquartus/nios2eds/bin/gnu/h-x86_64-mingw32/bin/../lib/gcc/nios2-elf/5.3.0/../../../../../H-x86_64-mingw32/nios2-elf/lib\libsmallc.a(lib_a-strlen.o)
 .bss           0x00000000000062e0        0x0 c:/alteraquartus/nios2eds/bin/gnu/h-x86_64-mingw32/bin/../lib/gcc/nios2-elf/5.3.0/../../../../../H-x86_64-mingw32/nios2-elf/lib\libsmallc.a(lib_a-__atexit.o)
 .bss           0x00000000000062e0        0x0 c:/alteraquartus/nios2eds/bin/gnu/h-x86_64-mingw32/bin/../lib/gcc/nios2-elf/5.3.0/../../../../../H-x86_64-mingw32/nios2-elf/lib\libsmallc.a(lib_a-__call_atexit.o)
 .bss           0x00000000000062e0        0x0 c:/alteraquartus/nios2eds/bin/gnu/h-x86_64-mingw32/bin/../lib/gcc/nios2-elf/5.3.0/../../../../../H-x86_64-mingw32/nios2-elf/lib\libsmallc.a(lib_a-impure.o)
 .bss           0x00000000000062e0        0x0 ../ultrasonic_theremin_bsp/\libhal_bsp.a(alt_exit.o)
 *(COMMON)
 COMMON         0x00000000000062e0      0x100 ../ultrasonic_theremin_bsp/\libhal_bsp.a(alt_irq_handler.o)
                0x00000000000062e0                alt_irq
                0x00000000000063e0                . = ALIGN (0x4)
                0x00000000000063e0                __bss_end = ABSOLUTE (.)

.onchip_ram     0x00000000000063e0        0x0
                [!provide]                        PROVIDE (_alt_partition_onchip_ram_start, ABSOLUTE (.))
 *(.onchip_ram .onchip_ram. onchip_ram.*)
                0x00000000000063e0                . = ALIGN (0x4)
                [!provide]                        PROVIDE (_alt_partition_onchip_ram_end, ABSOLUTE (.))
                0x00000000000063e0                _end = ABSOLUTE (.)
                0x00000000000063e0                end = ABSOLUTE (.)
                0x00000000000063e0                __alt_stack_base = ABSOLUTE (.)
                [!provide]                        PROVIDE (_alt_partition_onchip_ram_load_addr, LOADADDR (.onchip_ram))

.stab
 *(.stab)

.stabstr
 *(.stabstr)

.stab.excl
 *(.stab.excl)

.stab.exclstr
 *(.stab.exclstr)

.stab.index
 *(.stab.index)

.stab.indexstr
 *(.stab.indexstr)

.comment        0x0000000000000000       0x23
 *(.comment)
 .comment       0x0000000000000000       0x23 obj/default/led_counter.o
                                         0x24 (size before relaxing)
 .comment       0x0000000000000023       0x24 ../ultrasonic_theremin_bsp/\libhal_bsp.a(alt_irq_register.o)
 .comment       0x0000000000000023       0x24 ../ultrasonic_theremin_bsp/\libhal_bsp.a(alt_irq_vars.o)
 .comment       0x0000000000000023       0x24 ../ultrasonic_theremin_bsp/\libhal_bsp.a(alt_load.o)
 .comment       0x0000000000000023       0x24 ../ultrasonic_theremin_bsp/\libhal_bsp.a(alt_main.o)
 .comment       0x0000000000000023       0x24 ../ultrasonic_theremin_bsp/\libhal_bsp.a(alt_sys_init.o)
 .comment       0x0000000000000023       0x24 ../ultrasonic_theremin_bsp/\libhal_bsp.a(altera_avalon_jtag_uart_fd.o)
 .comment       0x0000000000000023       0x24 ../ultrasonic_theremin_bsp/\libhal_bsp.a(altera_avalon_jtag_uart_read.o)
 .comment       0x0000000000000023       0x24 ../ultrasonic_theremin_bsp/\libhal_bsp.a(altera_avalon_jtag_uart_write.o)
 .comment       0x0000000000000023       0x24 ../ultrasonic_theremin_bsp/\libhal_bsp.a(altera_avalon_timer_sc.o)
 .comment       0x0000000000000023       0x24 ../ultrasonic_theremin_bsp/\libhal_bsp.a(alt_close.o)
 .comment       0x0000000000000023       0x24 ../ultrasonic_theremin_bsp/\libhal_bsp.a(alt_dcache_flush_all.o)
 .comment       0x0000000000000023       0x24 ../ultrasonic_theremin_bsp/\libhal_bsp.a(alt_dev.o)
 .comment       0x0000000000000023       0x24 ../ultrasonic_theremin_bsp/\libhal_bsp.a(alt_dev_llist_insert.o)
 .comment       0x0000000000000023       0x24 ../ultrasonic_theremin_bsp/\libhal_bsp.a(alt_do_ctors.o)
 .comment       0x0000000000000023       0x24 ../ultrasonic_theremin_bsp/\libhal_bsp.a(alt_do_dtors.o)
 .comment       0x0000000000000023       0x24 ../ultrasonic_theremin_bsp/\libhal_bsp.a(alt_errno.o)
 .comment       0x0000000000000023       0x24 ../ultrasonic_theremin_bsp/\libhal_bsp.a(alt_icache_flush_all.o)
 .comment       0x0000000000000023       0x24 ../ultrasonic_theremin_bsp/\libhal_bsp.a(alt_iic.o)
 .comment       0x0000000000000023       0x24 ../ultrasonic_theremin_bsp/\libhal_bsp.a(alt_iic_isr_register.o)
 .comment       0x0000000000000023       0x24 ../ultrasonic_theremin_bsp/\libhal_bsp.a(alt_io_redirect.o)
 .comment       0x0000000000000023       0x24 ../ultrasonic_theremin_bsp/\libhal_bsp.a(alt_irq_handler.o)
 .comment       0x0000000000000023       0x24 ../ultrasonic_theremin_bsp/\libhal_bsp.a(alt_open.o)
 .comment       0x0000000000000023       0x24 ../ultrasonic_theremin_bsp/\libhal_bsp.a(alt_release_fd.o)
 .comment       0x0000000000000023       0x24 ../ultrasonic_theremin_bsp/\libhal_bsp.a(alt_tick.o)
 .comment       0x0000000000000023       0x24 ../ultrasonic_theremin_bsp/\libhal_bsp.a(altera_nios2_gen2_irq.o)
 .comment       0x0000000000000023       0x24 ../ultrasonic_theremin_bsp/\libhal_bsp.a(alt_find_dev.o)
 .comment       0x0000000000000023       0x24 ../ultrasonic_theremin_bsp/\libhal_bsp.a(alt_find_file.o)
 .comment       0x0000000000000023       0x24 ../ultrasonic_theremin_bsp/\libhal_bsp.a(alt_get_fd.o)
 .comment       0x0000000000000023       0x24 ../ultrasonic_theremin_bsp/\libhal_bsp.a(alt_icache_flush.o)
 .comment       0x0000000000000023       0x24 ../ultrasonic_theremin_bsp/\libhal_bsp.a(alt_instruction_exception_entry.o)
 .comment       0x0000000000000023       0x24 c:/alteraquartus/nios2eds/bin/gnu/h-x86_64-mingw32/bin/../lib/gcc/nios2-elf/5.3.0/../../../../../H-x86_64-mingw32/nios2-elf/lib\libsmallc.a(lib_a-atexit.o)
 .comment       0x0000000000000023       0x24 c:/alteraquartus/nios2eds/bin/gnu/h-x86_64-mingw32/bin/../lib/gcc/nios2-elf/5.3.0/../../../../../H-x86_64-mingw32/nios2-elf/lib\libsmallc.a(lib_a-exit.o)
 .comment       0x0000000000000023       0x24 c:/alteraquartus/nios2eds/bin/gnu/h-x86_64-mingw32/bin/../lib/gcc/nios2-elf/5.3.0/../../../../../H-x86_64-mingw32/nios2-elf/lib\libsmallc.a(lib_a-int_errno.o)
 .comment       0x0000000000000023       0x24 c:/alteraquartus/nios2eds/bin/gnu/h-x86_64-mingw32/bin/../lib/gcc/nios2-elf/5.3.0/../../../../../H-x86_64-mingw32/nios2-elf/lib\libsmallc.a(lib_a-memcmp.o)
 .comment       0x0000000000000023       0x24 c:/alteraquartus/nios2eds/bin/gnu/h-x86_64-mingw32/bin/../lib/gcc/nios2-elf/5.3.0/../../../../../H-x86_64-mingw32/nios2-elf/lib\libsmallc.a(lib_a-strlen.o)
 .comment       0x0000000000000023       0x24 c:/alteraquartus/nios2eds/bin/gnu/h-x86_64-mingw32/bin/../lib/gcc/nios2-elf/5.3.0/../../../../../H-x86_64-mingw32/nios2-elf/lib\libsmallc.a(lib_a-__atexit.o)
 .comment       0x0000000000000023       0x24 c:/alteraquartus/nios2eds/bin/gnu/h-x86_64-mingw32/bin/../lib/gcc/nios2-elf/5.3.0/../../../../../H-x86_64-mingw32/nios2-elf/lib\libsmallc.a(lib_a-__call_atexit.o)
 .comment       0x0000000000000023       0x24 c:/alteraquartus/nios2eds/bin/gnu/h-x86_64-mingw32/bin/../lib/gcc/nios2-elf/5.3.0/../../../../../H-x86_64-mingw32/nios2-elf/lib\libsmallc.a(lib_a-impure.o)
 .comment       0x0000000000000023       0x24 ../ultrasonic_theremin_bsp/\libhal_bsp.a(alt_exit.o)

.debug
 *(.debug)

.line
 *(.line)

.debug_srcinfo
 *(.debug_srcinfo)

.debug_sfnames
 *(.debug_sfnames)

.debug_aranges  0x0000000000000000      0x578
 *(.debug_aranges)
 .debug_aranges
                0x0000000000000000       0x28 ../ultrasonic_theremin_bsp//obj/HAL/src/crt0.o
 .debug_aranges
                0x0000000000000028       0x20 obj/default/led_counter.o
 .debug_aranges
                0x0000000000000048       0x20 ../ultrasonic_theremin_bsp/\libhal_bsp.a(alt_irq_register.o)
 .debug_aranges
                0x0000000000000068       0x18 ../ultrasonic_theremin_bsp/\libhal_bsp.a(alt_irq_vars.o)
 .debug_aranges
                0x0000000000000080       0x20 ../ultrasonic_theremin_bsp/\libhal_bsp.a(alt_load.o)
 .debug_aranges
                0x00000000000000a0       0x20 ../ultrasonic_theremin_bsp/\libhal_bsp.a(alt_main.o)
 .debug_aranges
                0x00000000000000c0       0x20 ../ultrasonic_theremin_bsp/\libhal_bsp.a(alt_sys_init.o)
 .debug_aranges
                0x00000000000000e0       0x20 ../ultrasonic_theremin_bsp/\libhal_bsp.a(altera_avalon_jtag_uart_fd.o)
 .debug_aranges
                0x0000000000000100       0x20 ../ultrasonic_theremin_bsp/\libhal_bsp.a(altera_avalon_jtag_uart_read.o)
 .debug_aranges
                0x0000000000000120       0x20 ../ultrasonic_theremin_bsp/\libhal_bsp.a(altera_avalon_jtag_uart_write.o)
 .debug_aranges
                0x0000000000000140       0x20 ../ultrasonic_theremin_bsp/\libhal_bsp.a(altera_avalon_timer_sc.o)
 .debug_aranges
                0x0000000000000160       0x20 ../ultrasonic_theremin_bsp/\libhal_bsp.a(alt_close.o)
 .debug_aranges
                0x0000000000000180       0x20 ../ultrasonic_theremin_bsp/\libhal_bsp.a(alt_dcache_flush_all.o)
 .debug_aranges
                0x00000000000001a0       0x20 ../ultrasonic_theremin_bsp/\libhal_bsp.a(alt_dev.o)
 .debug_aranges
                0x00000000000001c0       0x20 ../ultrasonic_theremin_bsp/\libhal_bsp.a(alt_dev_llist_insert.o)
 .debug_aranges
                0x00000000000001e0       0x20 ../ultrasonic_theremin_bsp/\libhal_bsp.a(alt_do_ctors.o)
 .debug_aranges
                0x0000000000000200       0x20 ../ultrasonic_theremin_bsp/\libhal_bsp.a(alt_do_dtors.o)
 .debug_aranges
                0x0000000000000220       0x18 ../ultrasonic_theremin_bsp/\libhal_bsp.a(alt_errno.o)
 .debug_aranges
                0x0000000000000238       0x20 ../ultrasonic_theremin_bsp/\libhal_bsp.a(alt_icache_flush_all.o)
 .debug_aranges
                0x0000000000000258       0x20 ../ultrasonic_theremin_bsp/\libhal_bsp.a(alt_iic.o)
 .debug_aranges
                0x0000000000000278       0x20 ../ultrasonic_theremin_bsp/\libhal_bsp.a(alt_iic_isr_register.o)
 .debug_aranges
                0x0000000000000298       0x20 ../ultrasonic_theremin_bsp/\libhal_bsp.a(alt_io_redirect.o)
 .debug_aranges
                0x00000000000002b8       0x30 ../ultrasonic_theremin_bsp/\libhal_bsp.a(alt_irq_entry.o)
 .debug_aranges
                0x00000000000002e8       0x20 ../ultrasonic_theremin_bsp/\libhal_bsp.a(alt_irq_handler.o)
 .debug_aranges
                0x0000000000000308       0x20 ../ultrasonic_theremin_bsp/\libhal_bsp.a(alt_open.o)
 .debug_aranges
                0x0000000000000328       0x20 ../ultrasonic_theremin_bsp/\libhal_bsp.a(alt_release_fd.o)
 .debug_aranges
                0x0000000000000348       0x20 ../ultrasonic_theremin_bsp/\libhal_bsp.a(alt_tick.o)
 .debug_aranges
                0x0000000000000368       0x20 ../ultrasonic_theremin_bsp/\libhal_bsp.a(altera_nios2_gen2_irq.o)
 .debug_aranges
                0x0000000000000388       0x38 ../ultrasonic_theremin_bsp/\libhal_bsp.a(alt_exception_entry.o)
 .debug_aranges
                0x00000000000003c0       0x20 ../ultrasonic_theremin_bsp/\libhal_bsp.a(alt_find_dev.o)
 .debug_aranges
                0x00000000000003e0       0x20 ../ultrasonic_theremin_bsp/\libhal_bsp.a(alt_find_file.o)
 .debug_aranges
                0x0000000000000400       0x20 ../ultrasonic_theremin_bsp/\libhal_bsp.a(alt_get_fd.o)
 .debug_aranges
                0x0000000000000420       0x20 ../ultrasonic_theremin_bsp/\libhal_bsp.a(alt_icache_flush.o)
 .debug_aranges
                0x0000000000000440       0x28 ../ultrasonic_theremin_bsp/\libhal_bsp.a(alt_instruction_exception_entry.o)
 .debug_aranges
                0x0000000000000468       0x20 c:/alteraquartus/nios2eds/bin/gnu/h-x86_64-mingw32/bin/../lib/gcc/nios2-elf/5.3.0/../../../../../H-x86_64-mingw32/nios2-elf/lib\libsmallc.a(lib_a-atexit.o)
 .debug_aranges
                0x0000000000000488       0x20 c:/alteraquartus/nios2eds/bin/gnu/h-x86_64-mingw32/bin/../lib/gcc/nios2-elf/5.3.0/../../../../../H-x86_64-mingw32/nios2-elf/lib\libsmallc.a(lib_a-exit.o)
 .debug_aranges
                0x00000000000004a8       0x18 c:/alteraquartus/nios2eds/bin/gnu/h-x86_64-mingw32/bin/../lib/gcc/nios2-elf/5.3.0/../../../../../H-x86_64-mingw32/nios2-elf/lib\libsmallc.a(lib_a-int_errno.o)
 .debug_aranges
                0x00000000000004c0       0x20 c:/alteraquartus/nios2eds/bin/gnu/h-x86_64-mingw32/bin/../lib/gcc/nios2-elf/5.3.0/../../../../../H-x86_64-mingw32/nios2-elf/lib\libsmallc.a(lib_a-memcmp.o)
 .debug_aranges
                0x00000000000004e0       0x20 c:/alteraquartus/nios2eds/bin/gnu/h-x86_64-mingw32/bin/../lib/gcc/nios2-elf/5.3.0/../../../../../H-x86_64-mingw32/nios2-elf/lib\libsmallc.a(lib_a-strlen.o)
 .debug_aranges
                0x0000000000000500       0x20 c:/alteraquartus/nios2eds/bin/gnu/h-x86_64-mingw32/bin/../lib/gcc/nios2-elf/5.3.0/../../../../../H-x86_64-mingw32/nios2-elf/lib\libsmallc.a(lib_a-__atexit.o)
 .debug_aranges
                0x0000000000000520       0x20 c:/alteraquartus/nios2eds/bin/gnu/h-x86_64-mingw32/bin/../lib/gcc/nios2-elf/5.3.0/../../../../../H-x86_64-mingw32/nios2-elf/lib\libsmallc.a(lib_a-__call_atexit.o)
 .debug_aranges
                0x0000000000000540       0x18 c:/alteraquartus/nios2eds/bin/gnu/h-x86_64-mingw32/bin/../lib/gcc/nios2-elf/5.3.0/../../../../../H-x86_64-mingw32/nios2-elf/lib\libsmallc.a(lib_a-impure.o)
 .debug_aranges
                0x0000000000000558       0x20 ../ultrasonic_theremin_bsp/\libhal_bsp.a(alt_exit.o)

.debug_pubnames
 *(.debug_pubnames)

.debug_info     0x0000000000000000     0x5a3f
 *(.debug_info .gnu.linkonce.wi.*)
 .debug_info    0x0000000000000000       0x7a ../ultrasonic_theremin_bsp//obj/HAL/src/crt0.o
 .debug_info    0x000000000000007a      0x134 obj/default/led_counter.o
 .debug_info    0x00000000000001ae      0x324 ../ultrasonic_theremin_bsp/\libhal_bsp.a(alt_irq_register.o)
 .debug_info    0x00000000000004d2       0x88 ../ultrasonic_theremin_bsp/\libhal_bsp.a(alt_irq_vars.o)
 .debug_info    0x000000000000055a      0x145 ../ultrasonic_theremin_bsp/\libhal_bsp.a(alt_load.o)
 .debug_info    0x000000000000069f      0x131 ../ultrasonic_theremin_bsp/\libhal_bsp.a(alt_main.o)
 .debug_info    0x00000000000007d0      0x3df ../ultrasonic_theremin_bsp/\libhal_bsp.a(alt_sys_init.o)
 .debug_info    0x0000000000000baf      0x3a7 ../ultrasonic_theremin_bsp/\libhal_bsp.a(altera_avalon_jtag_uart_fd.o)
 .debug_info    0x0000000000000f56      0x1b2 ../ultrasonic_theremin_bsp/\libhal_bsp.a(altera_avalon_jtag_uart_read.o)
 .debug_info    0x0000000000001108      0x195 ../ultrasonic_theremin_bsp/\libhal_bsp.a(altera_avalon_jtag_uart_write.o)
 .debug_info    0x000000000000129d      0x226 ../ultrasonic_theremin_bsp/\libhal_bsp.a(altera_avalon_timer_sc.o)
 .debug_info    0x00000000000014c3      0x321 ../ultrasonic_theremin_bsp/\libhal_bsp.a(alt_close.o)
 .debug_info    0x00000000000017e4       0xa5 ../ultrasonic_theremin_bsp/\libhal_bsp.a(alt_dcache_flush_all.o)
 .debug_info    0x0000000000001889      0x49c ../ultrasonic_theremin_bsp/\libhal_bsp.a(alt_dev.o)
 .debug_info    0x0000000000001d25      0x1a9 ../ultrasonic_theremin_bsp/\libhal_bsp.a(alt_dev_llist_insert.o)
 .debug_info    0x0000000000001ece       0x83 ../ultrasonic_theremin_bsp/\libhal_bsp.a(alt_do_ctors.o)
 .debug_info    0x0000000000001f51       0x83 ../ultrasonic_theremin_bsp/\libhal_bsp.a(alt_do_dtors.o)
 .debug_info    0x0000000000001fd4       0xa6 ../ultrasonic_theremin_bsp/\libhal_bsp.a(alt_errno.o)
 .debug_info    0x000000000000207a       0x92 ../ultrasonic_theremin_bsp/\libhal_bsp.a(alt_icache_flush_all.o)
 .debug_info    0x000000000000210c      0x350 ../ultrasonic_theremin_bsp/\libhal_bsp.a(alt_iic.o)
 .debug_info    0x000000000000245c      0x1ef ../ultrasonic_theremin_bsp/\libhal_bsp.a(alt_iic_isr_register.o)
 .debug_info    0x000000000000264b      0x4a5 ../ultrasonic_theremin_bsp/\libhal_bsp.a(alt_io_redirect.o)
 .debug_info    0x0000000000002af0       0x83 ../ultrasonic_theremin_bsp/\libhal_bsp.a(alt_irq_entry.o)
 .debug_info    0x0000000000002b73      0x187 ../ultrasonic_theremin_bsp/\libhal_bsp.a(alt_irq_handler.o)
 .debug_info    0x0000000000002cfa      0x3bb ../ultrasonic_theremin_bsp/\libhal_bsp.a(alt_open.o)
 .debug_info    0x00000000000030b5      0x2b0 ../ultrasonic_theremin_bsp/\libhal_bsp.a(alt_release_fd.o)
 .debug_info    0x0000000000003365      0x299 ../ultrasonic_theremin_bsp/\libhal_bsp.a(alt_tick.o)
 .debug_info    0x00000000000035fe       0x92 ../ultrasonic_theremin_bsp/\libhal_bsp.a(altera_nios2_gen2_irq.o)
 .debug_info    0x0000000000003690       0x89 ../ultrasonic_theremin_bsp/\libhal_bsp.a(alt_exception_entry.o)
 .debug_info    0x0000000000003719      0x2e9 ../ultrasonic_theremin_bsp/\libhal_bsp.a(alt_find_dev.o)
 .debug_info    0x0000000000003a02      0x2e6 ../ultrasonic_theremin_bsp/\libhal_bsp.a(alt_find_file.o)
 .debug_info    0x0000000000003ce8      0x310 ../ultrasonic_theremin_bsp/\libhal_bsp.a(alt_get_fd.o)
 .debug_info    0x0000000000003ff8       0xdc ../ultrasonic_theremin_bsp/\libhal_bsp.a(alt_icache_flush.o)
 .debug_info    0x00000000000040d4      0x1e7 ../ultrasonic_theremin_bsp/\libhal_bsp.a(alt_instruction_exception_entry.o)
 .debug_info    0x00000000000042bb       0xfe c:/alteraquartus/nios2eds/bin/gnu/h-x86_64-mingw32/bin/../lib/gcc/nios2-elf/5.3.0/../../../../../H-x86_64-mingw32/nios2-elf/lib\libsmallc.a(lib_a-atexit.o)
 .debug_info    0x00000000000043b9       0xe5 c:/alteraquartus/nios2eds/bin/gnu/h-x86_64-mingw32/bin/../lib/gcc/nios2-elf/5.3.0/../../../../../H-x86_64-mingw32/nios2-elf/lib\libsmallc.a(lib_a-exit.o)
 .debug_info    0x000000000000449e       0x8a c:/alteraquartus/nios2eds/bin/gnu/h-x86_64-mingw32/bin/../lib/gcc/nios2-elf/5.3.0/../../../../../H-x86_64-mingw32/nios2-elf/lib\libsmallc.a(lib_a-int_errno.o)
 .debug_info    0x0000000000004528       0xf4 c:/alteraquartus/nios2eds/bin/gnu/h-x86_64-mingw32/bin/../lib/gcc/nios2-elf/5.3.0/../../../../../H-x86_64-mingw32/nios2-elf/lib\libsmallc.a(lib_a-memcmp.o)
 .debug_info    0x000000000000461c       0xc9 c:/alteraquartus/nios2eds/bin/gnu/h-x86_64-mingw32/bin/../lib/gcc/nios2-elf/5.3.0/../../../../../H-x86_64-mingw32/nios2-elf/lib\libsmallc.a(lib_a-strlen.o)
 .debug_info    0x00000000000046e5      0x64a c:/alteraquartus/nios2eds/bin/gnu/h-x86_64-mingw32/bin/../lib/gcc/nios2-elf/5.3.0/../../../../../H-x86_64-mingw32/nios2-elf/lib\libsmallc.a(lib_a-__atexit.o)
 .debug_info    0x0000000000004d2f      0x67b c:/alteraquartus/nios2eds/bin/gnu/h-x86_64-mingw32/bin/../lib/gcc/nios2-elf/5.3.0/../../../../../H-x86_64-mingw32/nios2-elf/lib\libsmallc.a(lib_a-__call_atexit.o)
 .debug_info    0x00000000000053aa      0x5a9 c:/alteraquartus/nios2eds/bin/gnu/h-x86_64-mingw32/bin/../lib/gcc/nios2-elf/5.3.0/../../../../../H-x86_64-mingw32/nios2-elf/lib\libsmallc.a(lib_a-impure.o)
 .debug_info    0x0000000000005953       0xec ../ultrasonic_theremin_bsp/\libhal_bsp.a(alt_exit.o)

.debug_abbrev   0x0000000000000000     0x23b8
 *(.debug_abbrev)
 .debug_abbrev  0x0000000000000000       0x12 ../ultrasonic_theremin_bsp//obj/HAL/src/crt0.o
 .debug_abbrev  0x0000000000000012       0xd0 obj/default/led_counter.o
 .debug_abbrev  0x00000000000000e2      0x186 ../ultrasonic_theremin_bsp/\libhal_bsp.a(alt_irq_register.o)
 .debug_abbrev  0x0000000000000268       0x40 ../ultrasonic_theremin_bsp/\libhal_bsp.a(alt_irq_vars.o)
 .debug_abbrev  0x00000000000002a8       0x9f ../ultrasonic_theremin_bsp/\libhal_bsp.a(alt_load.o)
 .debug_abbrev  0x0000000000000347       0xba ../ultrasonic_theremin_bsp/\libhal_bsp.a(alt_main.o)
 .debug_abbrev  0x0000000000000401      0x157 ../ultrasonic_theremin_bsp/\libhal_bsp.a(alt_sys_init.o)
 .debug_abbrev  0x0000000000000558       0xf7 ../ultrasonic_theremin_bsp/\libhal_bsp.a(altera_avalon_jtag_uart_fd.o)
 .debug_abbrev  0x000000000000064f       0xd5 ../ultrasonic_theremin_bsp/\libhal_bsp.a(altera_avalon_jtag_uart_read.o)
 .debug_abbrev  0x0000000000000724       0xd5 ../ultrasonic_theremin_bsp/\libhal_bsp.a(altera_avalon_jtag_uart_write.o)
 .debug_abbrev  0x00000000000007f9      0x155 ../ultrasonic_theremin_bsp/\libhal_bsp.a(altera_avalon_timer_sc.o)
 .debug_abbrev  0x000000000000094e      0x11f ../ultrasonic_theremin_bsp/\libhal_bsp.a(alt_close.o)
 .debug_abbrev  0x0000000000000a6d       0x5a ../ultrasonic_theremin_bsp/\libhal_bsp.a(alt_dcache_flush_all.o)
 .debug_abbrev  0x0000000000000ac7       0xd9 ../ultrasonic_theremin_bsp/\libhal_bsp.a(alt_dev.o)
 .debug_abbrev  0x0000000000000ba0      0x114 ../ultrasonic_theremin_bsp/\libhal_bsp.a(alt_dev_llist_insert.o)
 .debug_abbrev  0x0000000000000cb4       0x79 ../ultrasonic_theremin_bsp/\libhal_bsp.a(alt_do_ctors.o)
 .debug_abbrev  0x0000000000000d2d       0x79 ../ultrasonic_theremin_bsp/\libhal_bsp.a(alt_do_dtors.o)
 .debug_abbrev  0x0000000000000da6       0x5a ../ultrasonic_theremin_bsp/\libhal_bsp.a(alt_errno.o)
 .debug_abbrev  0x0000000000000e00       0x42 ../ultrasonic_theremin_bsp/\libhal_bsp.a(alt_icache_flush_all.o)
 .debug_abbrev  0x0000000000000e42      0x163 ../ultrasonic_theremin_bsp/\libhal_bsp.a(alt_iic.o)
 .debug_abbrev  0x0000000000000fa5      0x169 ../ultrasonic_theremin_bsp/\libhal_bsp.a(alt_iic_isr_register.o)
 .debug_abbrev  0x000000000000110e      0x114 ../ultrasonic_theremin_bsp/\libhal_bsp.a(alt_io_redirect.o)
 .debug_abbrev  0x0000000000001222       0x12 ../ultrasonic_theremin_bsp/\libhal_bsp.a(alt_irq_entry.o)
 .debug_abbrev  0x0000000000001234      0x122 ../ultrasonic_theremin_bsp/\libhal_bsp.a(alt_irq_handler.o)
 .debug_abbrev  0x0000000000001356      0x148 ../ultrasonic_theremin_bsp/\libhal_bsp.a(alt_open.o)
 .debug_abbrev  0x000000000000149e       0xde ../ultrasonic_theremin_bsp/\libhal_bsp.a(alt_release_fd.o)
 .debug_abbrev  0x000000000000157c      0x15a ../ultrasonic_theremin_bsp/\libhal_bsp.a(alt_tick.o)
 .debug_abbrev  0x00000000000016d6       0x42 ../ultrasonic_theremin_bsp/\libhal_bsp.a(altera_nios2_gen2_irq.o)
 .debug_abbrev  0x0000000000001718       0x12 ../ultrasonic_theremin_bsp/\libhal_bsp.a(alt_exception_entry.o)
 .debug_abbrev  0x000000000000172a       0xf0 ../ultrasonic_theremin_bsp/\libhal_bsp.a(alt_find_dev.o)
 .debug_abbrev  0x000000000000181a       0xf0 ../ultrasonic_theremin_bsp/\libhal_bsp.a(alt_find_file.o)
 .debug_abbrev  0x000000000000190a      0x10d ../ultrasonic_theremin_bsp/\libhal_bsp.a(alt_get_fd.o)
 .debug_abbrev  0x0000000000001a17       0x8c ../ultrasonic_theremin_bsp/\libhal_bsp.a(alt_icache_flush.o)
 .debug_abbrev  0x0000000000001aa3       0xdc ../ultrasonic_theremin_bsp/\libhal_bsp.a(alt_instruction_exception_entry.o)
 .debug_abbrev  0x0000000000001b7f       0xaa c:/alteraquartus/nios2eds/bin/gnu/h-x86_64-mingw32/bin/../lib/gcc/nios2-elf/5.3.0/../../../../../H-x86_64-mingw32/nios2-elf/lib\libsmallc.a(lib_a-atexit.o)
 .debug_abbrev  0x0000000000001c29       0x8b c:/alteraquartus/nios2eds/bin/gnu/h-x86_64-mingw32/bin/../lib/gcc/nios2-elf/5.3.0/../../../../../H-x86_64-mingw32/nios2-elf/lib\libsmallc.a(lib_a-exit.o)
 .debug_abbrev  0x0000000000001cb4       0x37 c:/alteraquartus/nios2eds/bin/gnu/h-x86_64-mingw32/bin/../lib/gcc/nios2-elf/5.3.0/../../../../../H-x86_64-mingw32/nios2-elf/lib\libsmallc.a(lib_a-int_errno.o)
 .debug_abbrev  0x0000000000001ceb       0x7f c:/alteraquartus/nios2eds/bin/gnu/h-x86_64-mingw32/bin/../lib/gcc/nios2-elf/5.3.0/../../../../../H-x86_64-mingw32/nios2-elf/lib\libsmallc.a(lib_a-memcmp.o)
 .debug_abbrev  0x0000000000001d6a       0x7f c:/alteraquartus/nios2eds/bin/gnu/h-x86_64-mingw32/bin/../lib/gcc/nios2-elf/5.3.0/../../../../../H-x86_64-mingw32/nios2-elf/lib\libsmallc.a(lib_a-strlen.o)
 .debug_abbrev  0x0000000000001de9      0x1e6 c:/alteraquartus/nios2eds/bin/gnu/h-x86_64-mingw32/bin/../lib/gcc/nios2-elf/5.3.0/../../../../../H-x86_64-mingw32/nios2-elf/lib\libsmallc.a(lib_a-__atexit.o)
 .debug_abbrev  0x0000000000001fcf      0x1f6 c:/alteraquartus/nios2eds/bin/gnu/h-x86_64-mingw32/bin/../lib/gcc/nios2-elf/5.3.0/../../../../../H-x86_64-mingw32/nios2-elf/lib\libsmallc.a(lib_a-__call_atexit.o)
 .debug_abbrev  0x00000000000021c5      0x14a c:/alteraquartus/nios2eds/bin/gnu/h-x86_64-mingw32/bin/../lib/gcc/nios2-elf/5.3.0/../../../../../H-x86_64-mingw32/nios2-elf/lib\libsmallc.a(lib_a-impure.o)
 .debug_abbrev  0x000000000000230f       0xa9 ../ultrasonic_theremin_bsp/\libhal_bsp.a(alt_exit.o)

.debug_line     0x0000000000000000     0x2582
 *(.debug_line)
 .debug_line    0x0000000000000000       0x72 ../ultrasonic_theremin_bsp//obj/HAL/src/crt0.o
 .debug_line    0x0000000000000072      0x164 obj/default/led_counter.o
 .debug_line    0x00000000000001d6      0x155 ../ultrasonic_theremin_bsp/\libhal_bsp.a(alt_irq_register.o)
 .debug_line    0x000000000000032b       0x50 ../ultrasonic_theremin_bsp/\libhal_bsp.a(alt_irq_vars.o)
 .debug_line    0x000000000000037b       0x8e ../ultrasonic_theremin_bsp/\libhal_bsp.a(alt_load.o)
 .debug_line    0x0000000000000409       0xa4 ../ultrasonic_theremin_bsp/\libhal_bsp.a(alt_main.o)
 .debug_line    0x00000000000004ad      0x142 ../ultrasonic_theremin_bsp/\libhal_bsp.a(alt_sys_init.o)
 .debug_line    0x00000000000005ef      0x112 ../ultrasonic_theremin_bsp/\libhal_bsp.a(altera_avalon_jtag_uart_fd.o)
 .debug_line    0x0000000000000701       0xfd ../ultrasonic_theremin_bsp/\libhal_bsp.a(altera_avalon_jtag_uart_read.o)
 .debug_line    0x00000000000007fe       0xf4 ../ultrasonic_theremin_bsp/\libhal_bsp.a(altera_avalon_jtag_uart_write.o)
 .debug_line    0x00000000000008f2       0xfd ../ultrasonic_theremin_bsp/\libhal_bsp.a(altera_avalon_timer_sc.o)
 .debug_line    0x00000000000009ef      0x15f ../ultrasonic_theremin_bsp/\libhal_bsp.a(alt_close.o)
 .debug_line    0x0000000000000b4e       0x61 ../ultrasonic_theremin_bsp/\libhal_bsp.a(alt_dcache_flush_all.o)
 .debug_line    0x0000000000000baf       0xf2 ../ultrasonic_theremin_bsp/\libhal_bsp.a(alt_dev.o)
 .debug_line    0x0000000000000ca1       0xcf ../ultrasonic_theremin_bsp/\libhal_bsp.a(alt_dev_llist_insert.o)
 .debug_line    0x0000000000000d70       0x59 ../ultrasonic_theremin_bsp/\libhal_bsp.a(alt_do_ctors.o)
 .debug_line    0x0000000000000dc9       0x59 ../ultrasonic_theremin_bsp/\libhal_bsp.a(alt_do_dtors.o)
 .debug_line    0x0000000000000e22       0x51 ../ultrasonic_theremin_bsp/\libhal_bsp.a(alt_errno.o)
 .debug_line    0x0000000000000e73       0x50 ../ultrasonic_theremin_bsp/\libhal_bsp.a(alt_icache_flush_all.o)
 .debug_line    0x0000000000000ec3       0xeb ../ultrasonic_theremin_bsp/\libhal_bsp.a(alt_iic.o)
 .debug_line    0x0000000000000fae       0xdb ../ultrasonic_theremin_bsp/\libhal_bsp.a(alt_iic_isr_register.o)
 .debug_line    0x0000000000001089      0x12d ../ultrasonic_theremin_bsp/\libhal_bsp.a(alt_io_redirect.o)
 .debug_line    0x00000000000011b6       0x6b ../ultrasonic_theremin_bsp/\libhal_bsp.a(alt_irq_entry.o)
 .debug_line    0x0000000000001221       0xaa ../ultrasonic_theremin_bsp/\libhal_bsp.a(alt_irq_handler.o)
 .debug_line    0x00000000000012cb      0x128 ../ultrasonic_theremin_bsp/\libhal_bsp.a(alt_open.o)
 .debug_line    0x00000000000013f3       0xae ../ultrasonic_theremin_bsp/\libhal_bsp.a(alt_release_fd.o)
 .debug_line    0x00000000000014a1       0xff ../ultrasonic_theremin_bsp/\libhal_bsp.a(alt_tick.o)
 .debug_line    0x00000000000015a0       0x51 ../ultrasonic_theremin_bsp/\libhal_bsp.a(altera_nios2_gen2_irq.o)
 .debug_line    0x00000000000015f1       0xb3 ../ultrasonic_theremin_bsp/\libhal_bsp.a(alt_exception_entry.o)
 .debug_line    0x00000000000016a4       0xb5 ../ultrasonic_theremin_bsp/\libhal_bsp.a(alt_find_dev.o)
 .debug_line    0x0000000000001759       0xd1 ../ultrasonic_theremin_bsp/\libhal_bsp.a(alt_find_file.o)
 .debug_line    0x000000000000182a       0xd4 ../ultrasonic_theremin_bsp/\libhal_bsp.a(alt_get_fd.o)
 .debug_line    0x00000000000018fe       0x81 ../ultrasonic_theremin_bsp/\libhal_bsp.a(alt_icache_flush.o)
 .debug_line    0x000000000000197f       0xba ../ultrasonic_theremin_bsp/\libhal_bsp.a(alt_instruction_exception_entry.o)
 .debug_line    0x0000000000001a39       0xe4 c:/alteraquartus/nios2eds/bin/gnu/h-x86_64-mingw32/bin/../lib/gcc/nios2-elf/5.3.0/../../../../../H-x86_64-mingw32/nios2-elf/lib\libsmallc.a(lib_a-atexit.o)
 .debug_line    0x0000000000001b1d      0x156 c:/alteraquartus/nios2eds/bin/gnu/h-x86_64-mingw32/bin/../lib/gcc/nios2-elf/5.3.0/../../../../../H-x86_64-mingw32/nios2-elf/lib\libsmallc.a(lib_a-exit.o)
 .debug_line    0x0000000000001c73       0x5c c:/alteraquartus/nios2eds/bin/gnu/h-x86_64-mingw32/bin/../lib/gcc/nios2-elf/5.3.0/../../../../../H-x86_64-mingw32/nios2-elf/lib\libsmallc.a(lib_a-int_errno.o)
 .debug_line    0x0000000000001ccf      0x15d c:/alteraquartus/nios2eds/bin/gnu/h-x86_64-mingw32/bin/../lib/gcc/nios2-elf/5.3.0/../../../../../H-x86_64-mingw32/nios2-elf/lib\libsmallc.a(lib_a-memcmp.o)
 .debug_line    0x0000000000001e2c      0x159 c:/alteraquartus/nios2eds/bin/gnu/h-x86_64-mingw32/bin/../lib/gcc/nios2-elf/5.3.0/../../../../../H-x86_64-mingw32/nios2-elf/lib\libsmallc.a(lib_a-strlen.o)
 .debug_line    0x0000000000001f85      0x20a c:/alteraquartus/nios2eds/bin/gnu/h-x86_64-mingw32/bin/../lib/gcc/nios2-elf/5.3.0/../../../../../H-x86_64-mingw32/nios2-elf/lib\libsmallc.a(lib_a-__atexit.o)
 .debug_line    0x000000000000218f      0x22f c:/alteraquartus/nios2eds/bin/gnu/h-x86_64-mingw32/bin/../lib/gcc/nios2-elf/5.3.0/../../../../../H-x86_64-mingw32/nios2-elf/lib\libsmallc.a(lib_a-__call_atexit.o)
 .debug_line    0x00000000000023be      0x153 c:/alteraquartus/nios2eds/bin/gnu/h-x86_64-mingw32/bin/../lib/gcc/nios2-elf/5.3.0/../../../../../H-x86_64-mingw32/nios2-elf/lib\libsmallc.a(lib_a-impure.o)
 .debug_line    0x0000000000002511       0x71 ../ultrasonic_theremin_bsp/\libhal_bsp.a(alt_exit.o)

.debug_frame    0x0000000000000000      0x9d8
 *(.debug_frame)
 .debug_frame   0x0000000000000000       0x5c obj/default/led_counter.o
 .debug_frame   0x000000000000005c       0x34 ../ultrasonic_theremin_bsp/\libhal_bsp.a(alt_irq_register.o)
 .debug_frame   0x0000000000000090       0x5c ../ultrasonic_theremin_bsp/\libhal_bsp.a(alt_load.o)
 .debug_frame   0x00000000000000ec       0x2c ../ultrasonic_theremin_bsp/\libhal_bsp.a(alt_main.o)
 .debug_frame   0x0000000000000118       0x88 ../ultrasonic_theremin_bsp/\libhal_bsp.a(alt_sys_init.o)
 .debug_frame   0x00000000000001a0       0x60 ../ultrasonic_theremin_bsp/\libhal_bsp.a(altera_avalon_jtag_uart_fd.o)
 .debug_frame   0x0000000000000200       0x34 ../ultrasonic_theremin_bsp/\libhal_bsp.a(altera_avalon_jtag_uart_read.o)
 .debug_frame   0x0000000000000234       0x34 ../ultrasonic_theremin_bsp/\libhal_bsp.a(altera_avalon_jtag_uart_write.o)
 .debug_frame   0x0000000000000268       0x60 ../ultrasonic_theremin_bsp/\libhal_bsp.a(altera_avalon_timer_sc.o)
 .debug_frame   0x00000000000002c8       0x60 ../ultrasonic_theremin_bsp/\libhal_bsp.a(alt_close.o)
 .debug_frame   0x0000000000000328       0x34 ../ultrasonic_theremin_bsp/\libhal_bsp.a(alt_dcache_flush_all.o)
 .debug_frame   0x000000000000035c       0x34 ../ultrasonic_theremin_bsp/\libhal_bsp.a(alt_dev.o)
 .debug_frame   0x0000000000000390       0x60 ../ultrasonic_theremin_bsp/\libhal_bsp.a(alt_dev_llist_insert.o)
 .debug_frame   0x00000000000003f0       0x38 ../ultrasonic_theremin_bsp/\libhal_bsp.a(alt_do_ctors.o)
 .debug_frame   0x0000000000000428       0x38 ../ultrasonic_theremin_bsp/\libhal_bsp.a(alt_do_dtors.o)
 .debug_frame   0x0000000000000460       0x38 ../ultrasonic_theremin_bsp/\libhal_bsp.a(alt_icache_flush_all.o)
 .debug_frame   0x0000000000000498       0xa4 ../ultrasonic_theremin_bsp/\libhal_bsp.a(alt_iic.o)
 .debug_frame   0x000000000000053c       0x38 ../ultrasonic_theremin_bsp/\libhal_bsp.a(alt_iic_isr_register.o)
 .debug_frame   0x0000000000000574       0x60 ../ultrasonic_theremin_bsp/\libhal_bsp.a(alt_io_redirect.o)
 .debug_frame   0x00000000000005d4       0x38 ../ultrasonic_theremin_bsp/\libhal_bsp.a(alt_irq_handler.o)
 .debug_frame   0x000000000000060c       0x84 ../ultrasonic_theremin_bsp/\libhal_bsp.a(alt_open.o)
 .debug_frame   0x0000000000000690       0x34 ../ultrasonic_theremin_bsp/\libhal_bsp.a(alt_release_fd.o)
 .debug_frame   0x00000000000006c4       0x5c ../ultrasonic_theremin_bsp/\libhal_bsp.a(alt_tick.o)
 .debug_frame   0x0000000000000720       0x34 ../ultrasonic_theremin_bsp/\libhal_bsp.a(altera_nios2_gen2_irq.o)
 .debug_frame   0x0000000000000754       0x38 ../ultrasonic_theremin_bsp/\libhal_bsp.a(alt_find_dev.o)
 .debug_frame   0x000000000000078c       0x38 ../ultrasonic_theremin_bsp/\libhal_bsp.a(alt_find_file.o)
 .debug_frame   0x00000000000007c4       0x34 ../ultrasonic_theremin_bsp/\libhal_bsp.a(alt_get_fd.o)
 .debug_frame   0x00000000000007f8       0x34 ../ultrasonic_theremin_bsp/\libhal_bsp.a(alt_icache_flush.o)
 .debug_frame   0x000000000000082c       0x5c ../ultrasonic_theremin_bsp/\libhal_bsp.a(alt_instruction_exception_entry.o)
 .debug_frame   0x0000000000000888       0x20 c:/alteraquartus/nios2eds/bin/gnu/h-x86_64-mingw32/bin/../lib/gcc/nios2-elf/5.3.0/../../../../../H-x86_64-mingw32/nios2-elf/lib\libsmallc.a(lib_a-atexit.o)
 .debug_frame   0x00000000000008a8       0x28 c:/alteraquartus/nios2eds/bin/gnu/h-x86_64-mingw32/bin/../lib/gcc/nios2-elf/5.3.0/../../../../../H-x86_64-mingw32/nios2-elf/lib\libsmallc.a(lib_a-exit.o)
 .debug_frame   0x00000000000008d0       0x20 c:/alteraquartus/nios2eds/bin/gnu/h-x86_64-mingw32/bin/../lib/gcc/nios2-elf/5.3.0/../../../../../H-x86_64-mingw32/nios2-elf/lib\libsmallc.a(lib_a-memcmp.o)
 .debug_frame   0x00000000000008f0       0x20 c:/alteraquartus/nios2eds/bin/gnu/h-x86_64-mingw32/bin/../lib/gcc/nios2-elf/5.3.0/../../../../../H-x86_64-mingw32/nios2-elf/lib\libsmallc.a(lib_a-strlen.o)
 .debug_frame   0x0000000000000910       0x48 c:/alteraquartus/nios2eds/bin/gnu/h-x86_64-mingw32/bin/../lib/gcc/nios2-elf/5.3.0/../../../../../H-x86_64-mingw32/nios2-elf/lib\libsmallc.a(lib_a-__atexit.o)
 .debug_frame   0x0000000000000958       0x54 c:/alteraquartus/nios2eds/bin/gnu/h-x86_64-mingw32/bin/../lib/gcc/nios2-elf/5.3.0/../../../../../H-x86_64-mingw32/nios2-elf/lib\libsmallc.a(lib_a-__call_atexit.o)
 .debug_frame   0x00000000000009ac       0x2c ../ultrasonic_theremin_bsp/\libhal_bsp.a(alt_exit.o)

.debug_str      0x0000000000000000     0x1812
 *(.debug_str)
 .debug_str     0x0000000000000000      0x13b obj/default/led_counter.o
                                        0x192 (size before relaxing)
 .debug_str     0x000000000000013b       0xf7 ../ultrasonic_theremin_bsp/\libhal_bsp.a(alt_irq_register.o)
                                        0x211 (size before relaxing)
 .debug_str     0x0000000000000232       0x17 ../ultrasonic_theremin_bsp/\libhal_bsp.a(alt_irq_vars.o)
                                        0x143 (size before relaxing)
 .debug_str     0x0000000000000249       0xe9 ../ultrasonic_theremin_bsp/\libhal_bsp.a(alt_load.o)
                                        0x21b (size before relaxing)
 .debug_str     0x0000000000000332       0x70 ../ultrasonic_theremin_bsp/\libhal_bsp.a(alt_main.o)
                                        0x1a6 (size before relaxing)
 .debug_str     0x00000000000003a2      0x188 ../ultrasonic_theremin_bsp/\libhal_bsp.a(alt_sys_init.o)
                                        0x313 (size before relaxing)
 .debug_str     0x000000000000052a       0x77 ../ultrasonic_theremin_bsp/\libhal_bsp.a(altera_avalon_jtag_uart_fd.o)
                                        0x2de (size before relaxing)
 .debug_str     0x00000000000005a1       0x48 ../ultrasonic_theremin_bsp/\libhal_bsp.a(altera_avalon_jtag_uart_read.o)
                                        0x228 (size before relaxing)
 .debug_str     0x00000000000005e9       0x4a ../ultrasonic_theremin_bsp/\libhal_bsp.a(altera_avalon_jtag_uart_write.o)
                                        0x21e (size before relaxing)
 .debug_str     0x0000000000000633       0x7f ../ultrasonic_theremin_bsp/\libhal_bsp.a(altera_avalon_timer_sc.o)
                                        0x254 (size before relaxing)
 .debug_str     0x00000000000006b2       0x44 ../ultrasonic_theremin_bsp/\libhal_bsp.a(alt_close.o)
                                        0x214 (size before relaxing)
 .debug_str     0x00000000000006f6       0x34 ../ultrasonic_theremin_bsp/\libhal_bsp.a(alt_dcache_flush_all.o)
                                        0x15e (size before relaxing)
 .debug_str     0x000000000000072a      0x120 ../ultrasonic_theremin_bsp/\libhal_bsp.a(alt_dev.o)
                                        0x30e (size before relaxing)
 .debug_str     0x000000000000084a       0x45 ../ultrasonic_theremin_bsp/\libhal_bsp.a(alt_dev_llist_insert.o)
                                        0x1d5 (size before relaxing)
 .debug_str     0x000000000000088f       0x48 ../ultrasonic_theremin_bsp/\libhal_bsp.a(alt_do_ctors.o)
                                         0xd9 (size before relaxing)
 .debug_str     0x00000000000008d7       0x4c ../ultrasonic_theremin_bsp/\libhal_bsp.a(alt_do_dtors.o)
                                         0xd8 (size before relaxing)
 .debug_str     0x0000000000000923       0x14 ../ultrasonic_theremin_bsp/\libhal_bsp.a(alt_errno.o)
                                        0x14e (size before relaxing)
 .debug_str     0x0000000000000937       0x34 ../ultrasonic_theremin_bsp/\libhal_bsp.a(alt_icache_flush_all.o)
                                        0x15e (size before relaxing)
 .debug_str     0x000000000000096b       0x70 ../ultrasonic_theremin_bsp/\libhal_bsp.a(alt_iic.o)
                                        0x247 (size before relaxing)
 .debug_str     0x00000000000009db       0x34 ../ultrasonic_theremin_bsp/\libhal_bsp.a(alt_iic_isr_register.o)
                                        0x1f1 (size before relaxing)
 .debug_str     0x0000000000000a0f       0x56 ../ultrasonic_theremin_bsp/\libhal_bsp.a(alt_io_redirect.o)
                                        0x31f (size before relaxing)
 .debug_str     0x0000000000000a65       0x3a ../ultrasonic_theremin_bsp/\libhal_bsp.a(alt_irq_handler.o)
                                        0x1a0 (size before relaxing)
 .debug_str     0x0000000000000a9f       0x2f ../ultrasonic_theremin_bsp/\libhal_bsp.a(alt_open.o)
                                        0x254 (size before relaxing)
 .debug_str     0x0000000000000ace       0x28 ../ultrasonic_theremin_bsp/\libhal_bsp.a(alt_release_fd.o)
                                        0x1dc (size before relaxing)
 .debug_str     0x0000000000000af6       0x78 ../ultrasonic_theremin_bsp/\libhal_bsp.a(alt_tick.o)
                                        0x25b (size before relaxing)
 .debug_str     0x0000000000000b6e       0x3b ../ultrasonic_theremin_bsp/\libhal_bsp.a(altera_nios2_gen2_irq.o)
                                        0x165 (size before relaxing)
 .debug_str     0x0000000000000ba9       0x24 ../ultrasonic_theremin_bsp/\libhal_bsp.a(alt_find_dev.o)
                                        0x1f5 (size before relaxing)
 .debug_str     0x0000000000000bcd       0x26 ../ultrasonic_theremin_bsp/\libhal_bsp.a(alt_find_file.o)
                                        0x203 (size before relaxing)
 .debug_str     0x0000000000000bf3       0x30 ../ultrasonic_theremin_bsp/\libhal_bsp.a(alt_get_fd.o)
                                        0x225 (size before relaxing)
 .debug_str     0x0000000000000c23       0x2c ../ultrasonic_theremin_bsp/\libhal_bsp.a(alt_icache_flush.o)
                                        0x164 (size before relaxing)
 .debug_str     0x0000000000000c4f      0x48b ../ultrasonic_theremin_bsp/\libhal_bsp.a(alt_instruction_exception_entry.o)
                                        0x5a9 (size before relaxing)
 .debug_str     0x00000000000010da      0x15d c:/alteraquartus/nios2eds/bin/gnu/h-x86_64-mingw32/bin/../lib/gcc/nios2-elf/5.3.0/../../../../../H-x86_64-mingw32/nios2-elf/lib\libsmallc.a(lib_a-atexit.o)
                                        0x202 (size before relaxing)
 .debug_str     0x0000000000001237       0x49 c:/alteraquartus/nios2eds/bin/gnu/h-x86_64-mingw32/bin/../lib/gcc/nios2-elf/5.3.0/../../../../../H-x86_64-mingw32/nios2-elf/lib\libsmallc.a(lib_a-exit.o)
                                        0x1d6 (size before relaxing)
 .debug_str     0x0000000000001280       0xc5 c:/alteraquartus/nios2eds/bin/gnu/h-x86_64-mingw32/bin/../lib/gcc/nios2-elf/5.3.0/../../../../../H-x86_64-mingw32/nios2-elf/lib\libsmallc.a(lib_a-int_errno.o)
                                        0x1be (size before relaxing)
 .debug_str     0x0000000000001345       0xd2 c:/alteraquartus/nios2eds/bin/gnu/h-x86_64-mingw32/bin/../lib/gcc/nios2-elf/5.3.0/../../../../../H-x86_64-mingw32/nios2-elf/lib\libsmallc.a(lib_a-memcmp.o)
                                        0x1c5 (size before relaxing)
 .debug_str     0x0000000000001417       0x41 c:/alteraquartus/nios2eds/bin/gnu/h-x86_64-mingw32/bin/../lib/gcc/nios2-elf/5.3.0/../../../../../H-x86_64-mingw32/nios2-elf/lib\libsmallc.a(lib_a-strlen.o)
                                        0x1cb (size before relaxing)
 .debug_str     0x0000000000001458      0x2e9 c:/alteraquartus/nios2eds/bin/gnu/h-x86_64-mingw32/bin/../lib/gcc/nios2-elf/5.3.0/../../../../../H-x86_64-mingw32/nios2-elf/lib\libsmallc.a(lib_a-__atexit.o)
                                        0x4e5 (size before relaxing)
 .debug_str     0x0000000000001741       0x62 c:/alteraquartus/nios2eds/bin/gnu/h-x86_64-mingw32/bin/../lib/gcc/nios2-elf/5.3.0/../../../../../H-x86_64-mingw32/nios2-elf/lib\libsmallc.a(lib_a-__call_atexit.o)
                                        0x4d1 (size before relaxing)
 .debug_str     0x00000000000017a3       0x45 c:/alteraquartus/nios2eds/bin/gnu/h-x86_64-mingw32/bin/../lib/gcc/nios2-elf/5.3.0/../../../../../H-x86_64-mingw32/nios2-elf/lib\libsmallc.a(lib_a-impure.o)
                                        0x4a4 (size before relaxing)
 .debug_str     0x00000000000017e8       0x2a ../ultrasonic_theremin_bsp/\libhal_bsp.a(alt_exit.o)
                                        0x15a (size before relaxing)

.debug_loc      0x0000000000000000      0x413
 *(.debug_loc)
 .debug_loc     0x0000000000000000       0x2c c:/alteraquartus/nios2eds/bin/gnu/h-x86_64-mingw32/bin/../lib/gcc/nios2-elf/5.3.0/../../../../../H-x86_64-mingw32/nios2-elf/lib\libsmallc.a(lib_a-atexit.o)
 .debug_loc     0x000000000000002c       0x1e c:/alteraquartus/nios2eds/bin/gnu/h-x86_64-mingw32/bin/../lib/gcc/nios2-elf/5.3.0/../../../../../H-x86_64-mingw32/nios2-elf/lib\libsmallc.a(lib_a-exit.o)
 .debug_loc     0x000000000000004a       0x94 c:/alteraquartus/nios2eds/bin/gnu/h-x86_64-mingw32/bin/../lib/gcc/nios2-elf/5.3.0/../../../../../H-x86_64-mingw32/nios2-elf/lib\libsmallc.a(lib_a-memcmp.o)
 .debug_loc     0x00000000000000de       0x1e c:/alteraquartus/nios2eds/bin/gnu/h-x86_64-mingw32/bin/../lib/gcc/nios2-elf/5.3.0/../../../../../H-x86_64-mingw32/nios2-elf/lib\libsmallc.a(lib_a-strlen.o)
 .debug_loc     0x00000000000000fc      0x1c0 c:/alteraquartus/nios2eds/bin/gnu/h-x86_64-mingw32/bin/../lib/gcc/nios2-elf/5.3.0/../../../../../H-x86_64-mingw32/nios2-elf/lib\libsmallc.a(lib_a-__atexit.o)
 .debug_loc     0x00000000000002bc      0x157 c:/alteraquartus/nios2eds/bin/gnu/h-x86_64-mingw32/bin/../lib/gcc/nios2-elf/5.3.0/../../../../../H-x86_64-mingw32/nios2-elf/lib\libsmallc.a(lib_a-__call_atexit.o)

.debug_macinfo
 *(.debug_macinfo)

.debug_weaknames
 *(.debug_weaknames)

.debug_funcnames
 *(.debug_funcnames)

.debug_typenames
 *(.debug_typenames)

.debug_varnames
 *(.debug_varnames)

.debug_alt_sim_info
                0x0000000000000000       0x30
 *(.debug_alt_sim_info)
 .debug_alt_sim_info
                0x0000000000000000       0x30 ../ultrasonic_theremin_bsp//obj/HAL/src/crt0.o
                0x0000000000008000                __alt_data_end = 0x8000
                0x0000000000008000                PROVIDE (__alt_stack_pointer, __alt_data_end)
                [!provide]                        PROVIDE (__alt_stack_limit, __alt_stack_base)
                [!provide]                        PROVIDE (__alt_heap_start, end)
                [!provide]                        PROVIDE (__alt_heap_limit, 0x8000)
OUTPUT(led_counter.elf elf32-littlenios2)

.debug_ranges   0x0000000000000000      0x130
 .debug_ranges  0x0000000000000000       0x20 ../ultrasonic_theremin_bsp//obj/HAL/src/crt0.o
 .debug_ranges  0x0000000000000020       0x18 ../ultrasonic_theremin_bsp/\libhal_bsp.a(altera_avalon_jtag_uart_read.o)
 .debug_ranges  0x0000000000000038       0x28 ../ultrasonic_theremin_bsp/\libhal_bsp.a(alt_irq_entry.o)
 .debug_ranges  0x0000000000000060       0x10 ../ultrasonic_theremin_bsp/\libhal_bsp.a(alt_irq_handler.o)
 .debug_ranges  0x0000000000000070       0x30 ../ultrasonic_theremin_bsp/\libhal_bsp.a(alt_exception_entry.o)
 .debug_ranges  0x00000000000000a0       0x18 ../ultrasonic_theremin_bsp/\libhal_bsp.a(alt_instruction_exception_entry.o)
 .debug_ranges  0x00000000000000b8       0x10 c:/alteraquartus/nios2eds/bin/gnu/h-x86_64-mingw32/bin/../lib/gcc/nios2-elf/5.3.0/../../../../../H-x86_64-mingw32/nios2-elf/lib\libsmallc.a(lib_a-atexit.o)
 .debug_ranges  0x00000000000000c8       0x10 c:/alteraquartus/nios2eds/bin/gnu/h-x86_64-mingw32/bin/../lib/gcc/nios2-elf/5.3.0/../../../../../H-x86_64-mingw32/nios2-elf/lib\libsmallc.a(lib_a-exit.o)
 .debug_ranges  0x00000000000000d8       0x10 c:/alteraquartus/nios2eds/bin/gnu/h-x86_64-mingw32/bin/../lib/gcc/nios2-elf/5.3.0/../../../../../H-x86_64-mingw32/nios2-elf/lib\libsmallc.a(lib_a-memcmp.o)
 .debug_ranges  0x00000000000000e8       0x10 c:/alteraquartus/nios2eds/bin/gnu/h-x86_64-mingw32/bin/../lib/gcc/nios2-elf/5.3.0/../../../../../H-x86_64-mingw32/nios2-elf/lib\libsmallc.a(lib_a-strlen.o)
 .debug_ranges  0x00000000000000f8       0x10 c:/alteraquartus/nios2eds/bin/gnu/h-x86_64-mingw32/bin/../lib/gcc/nios2-elf/5.3.0/../../../../../H-x86_64-mingw32/nios2-elf/lib\libsmallc.a(lib_a-__atexit.o)
 .debug_ranges  0x0000000000000108       0x28 c:/alteraquartus/nios2eds/bin/gnu/h-x86_64-mingw32/bin/../lib/gcc/nios2-elf/5.3.0/../../../../../H-x86_64-mingw32/nios2-elf/lib\libsmallc.a(lib_a-__call_atexit.o)
