Archive member included to satisfy reference by file (symbol)

c:/alteraquartus/nios2eds/bin/gnu/h-x86_64-mingw32/bin/../lib/gcc/nios2-elf/5.3.0\libgcc.a(divsf3.o)
                              obj/default/dev_ultrasound.o (__divsf3)
c:/alteraquartus/nios2eds/bin/gnu/h-x86_64-mingw32/bin/../lib/gcc/nios2-elf/5.3.0\libgcc.a(fixsfsi.o)
                              obj/default/dev_ultrasound.o (__fixsfsi)
c:/alteraquartus/nios2eds/bin/gnu/h-x86_64-mingw32/bin/../lib/gcc/nios2-elf/5.3.0\libgcc.a(muldf3.o)
                              obj/default/dev_ultrasound.o (__muldf3)
c:/alteraquartus/nios2eds/bin/gnu/h-x86_64-mingw32/bin/../lib/gcc/nios2-elf/5.3.0\libgcc.a(floatunsidf.o)
                              obj/default/dev_ultrasound.o (__floatunsidf)
c:/alteraquartus/nios2eds/bin/gnu/h-x86_64-mingw32/bin/../lib/gcc/nios2-elf/5.3.0\libgcc.a(truncdfsf2.o)
                              obj/default/dev_ultrasound.o (__truncdfsf2)
c:/alteraquartus/nios2eds/bin/gnu/h-x86_64-mingw32/bin/../lib/gcc/nios2-elf/5.3.0\libgcc.a(_clzsi2.o)
                              c:/alteraquartus/nios2eds/bin/gnu/h-x86_64-mingw32/bin/../lib/gcc/nios2-elf/5.3.0\libgcc.a(divsf3.o) (__clzsi2)
c:/alteraquartus/nios2eds/bin/gnu/h-x86_64-mingw32/bin/../lib/gcc/nios2-elf/5.3.0\libgcc.a(_clz.o)
                              c:/alteraquartus/nios2eds/bin/gnu/h-x86_64-mingw32/bin/../lib/gcc/nios2-elf/5.3.0\libgcc.a(_clzsi2.o) (__clz_tab)
c:/alteraquartus/nios2eds/bin/gnu/h-x86_64-mingw32/bin/../lib/gcc/nios2-elf/5.3.0/../../../../../H-x86_64-mingw32/nios2-elf/lib\libsmallc.a(lib_a-printf.o)
                              obj/default/dev_ultrasound.o (printf)
c:/alteraquartus/nios2eds/bin/gnu/h-x86_64-mingw32/bin/../lib/gcc/nios2-elf/5.3.0/../../../../../H-x86_64-mingw32/nios2-elf/lib\libsmallc.a(lib_a-vfprintf.o)
                              c:/alteraquartus/nios2eds/bin/gnu/h-x86_64-mingw32/bin/../lib/gcc/nios2-elf/5.3.0/../../../../../H-x86_64-mingw32/nios2-elf/lib\libsmallc.a(lib_a-printf.o) (___vfprintf_internal_r)
c:/alteraquartus/nios2eds/bin/gnu/h-x86_64-mingw32/bin/../lib/gcc/nios2-elf/5.3.0/../../../../../H-x86_64-mingw32/nios2-elf/lib\libsmallc.a(lib_a-fvwrite_small_dev.o)
                              c:/alteraquartus/nios2eds/bin/gnu/h-x86_64-mingw32/bin/../lib/gcc/nios2-elf/5.3.0/../../../../../H-x86_64-mingw32/nios2-elf/lib\libsmallc.a(lib_a-printf.o) (__sfvwrite_small_dev)
c:/alteraquartus/nios2eds/bin/gnu/h-x86_64-mingw32/bin/../lib/gcc/nios2-elf/5.3.0/../../../../../H-x86_64-mingw32/nios2-elf/lib\libsmallc.a(lib_a-impure.o)
                              c:/alteraquartus/nios2eds/bin/gnu/h-x86_64-mingw32/bin/../lib/gcc/nios2-elf/5.3.0/../../../../../H-x86_64-mingw32/nios2-elf/lib\libsmallc.a(lib_a-printf.o) (_impure_ptr)
c:/alteraquartus/nios2eds/bin/gnu/h-x86_64-mingw32/bin/../lib/gcc/nios2-elf/5.3.0/../../../../../H-x86_64-mingw32/nios2-elf/lib\libsmallc.a(lib_a-strlen.o)
                              c:/alteraquartus/nios2eds/bin/gnu/h-x86_64-mingw32/bin/../lib/gcc/nios2-elf/5.3.0/../../../../../H-x86_64-mingw32/nios2-elf/lib\libsmallc.a(lib_a-vfprintf.o) (strlen)
c:/alteraquartus/nios2eds/bin/gnu/h-x86_64-mingw32/bin/../lib/gcc/nios2-elf/5.3.0/../../../../../H-x86_64-mingw32/nios2-elf/lib\libsmallc.a(lib_a-writer.o)
                              c:/alteraquartus/nios2eds/bin/gnu/h-x86_64-mingw32/bin/../lib/gcc/nios2-elf/5.3.0/../../../../../H-x86_64-mingw32/nios2-elf/lib\libsmallc.a(lib_a-fvwrite_small_dev.o) (_write_r)
c:/alteraquartus/nios2eds/bin/gnu/h-x86_64-mingw32/bin/../lib/gcc/nios2-elf/5.3.0/../../../../../H-x86_64-mingw32/nios2-elf/lib\libsmallc.a(lib_a-int_errno.o)
                              c:/alteraquartus/nios2eds/bin/gnu/h-x86_64-mingw32/bin/../lib/gcc/nios2-elf/5.3.0/../../../../../H-x86_64-mingw32/nios2-elf/lib\libsmallc.a(lib_a-writer.o) (errno)
c:/alteraquartus/nios2eds/bin/gnu/h-x86_64-mingw32/bin/../lib/gcc/nios2-elf/5.3.0\libgcc.a(lib2-divmod.o)
                              c:/alteraquartus/nios2eds/bin/gnu/h-x86_64-mingw32/bin/../lib/gcc/nios2-elf/5.3.0/../../../../../H-x86_64-mingw32/nios2-elf/lib\libsmallc.a(lib_a-vfprintf.o) (__udivsi3)
../ultrasonic_theremin_bsp/\libhal_bsp.a(alt_load.o)
                              ../ultrasonic_theremin_bsp//obj/HAL/src/crt0.o (alt_load)
../ultrasonic_theremin_bsp/\libhal_bsp.a(alt_main.o)
                              ../ultrasonic_theremin_bsp//obj/HAL/src/crt0.o (alt_main)
../ultrasonic_theremin_bsp/\libhal_bsp.a(alt_write.o)
                              c:/alteraquartus/nios2eds/bin/gnu/h-x86_64-mingw32/bin/../lib/gcc/nios2-elf/5.3.0/../../../../../H-x86_64-mingw32/nios2-elf/lib\libsmallc.a(lib_a-writer.o) (write)
../ultrasonic_theremin_bsp/\libhal_bsp.a(alt_sys_init.o)
                              ../ultrasonic_theremin_bsp/\libhal_bsp.a(alt_main.o) (alt_irq_init)
../ultrasonic_theremin_bsp/\libhal_bsp.a(altera_avalon_jtag_uart_fd.o)
[...]
Memory Configuration

Name             Origin             Length             Attributes
reset            0x0000000000004000 0x0000000000000020
onchip_ram       0x0000000000004020 0x0000000000003fe0
*default*        0x0000000000000000 0xffffffffffffffff

Linker script and memory map

LOAD ../ultrasonic_theremin_bsp//obj/HAL/src/crt0.o
LOAD obj/default/dev_ultrasound.o
LOAD c:/alteraquartus/nios2eds/bin/gnu/h-x86_64-mingw32/bin/../lib/gcc/nios2-elf/5.3.0/../../../../../H-x86_64-mingw32/nios2-elf/lib\libstdc++.a
LOAD c:/alteraquartus/nios2eds/bin/gnu/h-x86_64-mingw32/bin/../lib/gcc/nios2-elf/5.3.0/../../../../../H-x86_64-mingw32/nios2-elf/lib\libm.a
LOAD c:/alteraquartus/nios2eds/bin/gnu/h-x86_64-mingw32/bin/../lib/gcc/nios2-elf/5.3.0\libgcc.a
START GROUP
LOAD c:/alteraquartus/nios2eds/bin/gnu/h-x86_64-mingw32/bin/../lib/gcc/nios2-elf/5.3.0/../../../../../H-x86_64-mingw32/nios2-elf/lib\libsmallc.a
LOAD c:/alteraquartus/nios2eds/bin/gnu/h-x86_64-mingw32/bin/../lib/gcc/nios2-elf/5.3.0\libgcc.a
LOAD ../ultrasonic_theremin_bsp/\libhal_bsp.a
LOAD c:/alteraquartus/nios2eds/bin/gnu/h-x86_64-mingw32/bin/../lib/gcc/nios2-elf/5.3.0/../../../../../H-x86_64-mingw32/nios2-elf/lib\libm.a
END GROUP
LOAD c:/alteraquartus/nios2eds/bin/gnu/h-x86_64-mingw32/bin/../lib/gcc/nios2-elf/5.3.0\libgcc.a
                0x0000000000004000                __alt_mem_onchip_ram = 0x4000

.entry          0x0000000000004000       0x20
 *(.entry)
 .entry         0x0000000000004000       0x20 ../ultrasonic_theremin_bsp//obj/HAL/src/crt0.o
                0x0000000000004000                __reset

.exceptions     0x0000000000004020      0x224
                0x0000000000004020                PROVIDE (__ram_exceptions_start, ABSOLUTE (.))
                0x0000000000004020                . = ALIGN (0x20)
 *(.irq)
 *(.exceptions.entry.label)
 .exceptions.entry.label
                0x0000000000004020        0x0 ../ultrasonic_theremin_bsp/\libhal_bsp.a(alt_irq_entry.o)
                0x0000000000004020                alt_irq_entry
 .exceptions.entry.label
                0x0000000000004020        0x0 ../ultrasonic_theremin_bsp/\libhal_bsp.a(alt_exception_entry.o)
                0x0000000000004020                alt_exception
 *(.exceptions.entry.user)
 *(.exceptions.entry.ecc_fatal)
 *(.exceptions.entry)
 .exceptions.entry
                0x0000000000004020       0x54 ../ultrasonic_theremin_bsp/\libhal_bsp.a(alt_exception_entry.o)
 *(.exceptions.irqtest.user)
 *(.exceptions.irqtest)
 .exceptions.irqtest
                0x0000000000004074       0x10 ../ultrasonic_theremin_bsp/\libhal_bsp.a(alt_irq_entry.o)
 *(.exceptions.irqhandler.user)
 *(.exceptions.irqhandler)
 .exceptions.irqhandler
                0x0000000000004084        0x4 ../ultrasonic_theremin_bsp/\libhal_bsp.a(alt_irq_entry.o)
 *(.exceptions.irqreturn.user)
 *(.exceptions.irqreturn)
 .exceptions.irqreturn
                0x0000000000004088        0x4 ../ultrasonic_theremin_bsp/\libhal_bsp.a(alt_irq_entry.o)
 *(.exceptions.notirq.label)
 .exceptions.notirq.label
                0x000000000000408c        0x0 ../ultrasonic_theremin_bsp/\libhal_bsp.a(alt_irq_entry.o)
 *(.exceptions.notirq.user)
 *(.exceptions.notirq)
 .exceptions.notirq
                0x000000000000408c        0x8 ../ultrasonic_theremin_bsp/\libhal_bsp.a(alt_exception_entry.o)
 *(.exceptions.soft.user)
 *(.exceptions.soft)
 *(.exceptions.unknown.user)
 *(.exceptions.unknown)
 .exceptions.unknown
                0x0000000000004094       0x14 ../ultrasonic_theremin_bsp/\libhal_bsp.a(alt_exception_entry.o)
 *(.exceptions.exit.label)
 .exceptions.exit.label
                0x00000000000040a8        0x0 ../ultrasonic_theremin_bsp/\libhal_bsp.a(alt_irq_entry.o)
 .exceptions.exit.label
                0x00000000000040a8        0x0 ../ultrasonic_theremin_bsp/\libhal_bsp.a(alt_exception_entry.o)
 *(.exceptions.exit.user)
 *(.exceptions.exit)
 .exceptions.exit
                0x00000000000040a8       0x54 ../ultrasonic_theremin_bsp/\libhal_bsp.a(alt_exception_entry.o)
 *(.exceptions)
 .exceptions    0x00000000000040fc       0xd4 ../ultrasonic_theremin_bsp/\libhal_bsp.a(alt_irq_handler.o)
                0x00000000000040fc                alt_irq_handler
 .exceptions    0x00000000000041d0       0x74 ../ultrasonic_theremin_bsp/\libhal_bsp.a(alt_instruction_exception_entry.o)
                0x00000000000041d0                alt_instruction_exception_entry
                0x0000000000004244                PROVIDE (__ram_exceptions_end, ABSOLUTE (.))
                0x0000000000004020                PROVIDE (__flash_exceptions_start, LOADADDR (.exceptions))

.text           0x0000000000004244     0x31ec
                [!provide]                        PROVIDE (stext, ABSOLUTE (.))
 *(.interp)
 *(.hash)
 *(.dynsym)
 *(.dynstr)
 *(.gnu.version)
 *(.gnu.version_d)
 *(.gnu.version_r)
 *(.rel.init)
 *(.rela.init)
 *(.rel.text .rel.text.* .rel.gnu.linkonce.t.*)
 *(.rela.text .rela.text.* .rela.gnu.linkonce.t.*)
 *(.rel.fini)
 *(.rela.fini)
 *(.rel.rodata .rel.rodata.* .rel.gnu.linkonce.r.*)
 *(.rela.rodata .rela.rodata.* .rela.gnu.linkonce.r.*)
 *(.rel.data .rel.data.* .rel.gnu.linkonce.d.*)
 *(.rela.data .rela.data.* .rela.gnu.linkonce.d.*)
 *(.rel.tdata .rel.tdata.* .rel.gnu.linkonce.td.*)
 *(.rela.tdata .rela.tdata.* .rela.gnu.linkonce.td.*)
 *(.rel.tbss .rel.tbss.* .rel.gnu.linkonce.tb.*)
 *(.rela.tbss .rela.tbss.* .rela.gnu.linkonce.tb.*)
 *(.rel.ctors)
 *(.rela.ctors)
 *(.rel.dtors)
 *(.rela.dtors)
 *(.rel.got)
 *(.rela.got)
 *(.rel.sdata .rel.sdata.* .rel.gnu.linkonce.s.*)
 *(.rela.sdata .rela.sdata.* .rela.gnu.linkonce.s.*)
 *(.rel.sbss .rel.sbss.* .rel.gnu.linkonce.sb.*)
 *(.rela.sbss .rela.sbss.* .rela.gnu.linkonce.sb.*)
 *(.rel.sdata2 .rel.sdata2.* .rel.gnu.linkonce.s2.*)
 *(.rela.sdata2 .rela.sdata2.* .rela.gnu.linkonce.s2.*)
 *(.rel.sbss2 .rel.sbss2.* .rel.gnu.linkonce.sb2.*)
 *(.rela.sbss2 .rela.sbss2.* .rela.gnu.linkonce.sb2.*)
 *(.rel.bss .rel.bss.* .rel.gnu.linkonce.b.*)
 *(.rela.bss .rela.bss.* .rela.gnu.linkonce.b.*)
 *(.rel.plt)
 *(.rela.plt)
 *(.rel.dyn)
 *(.init)
 *(.plt)
 *(.text .stub .text.* .gnu.linkonce.t.*)
 .text          0x0000000000004244       0x4c ../ultrasonic_theremin_bsp//obj/HAL/src/crt0.o
                0x0000000000004244                _start
 .text          0x0000000000004290       0xec obj/default/dev_ultrasound.o
                0x0000000000004290                main
 .text          0x000000000000437c      0x440 c:/alteraquartus/nios2eds/bin/gnu/h-x86_64-mingw32/bin/../lib/gcc/nios2-elf/5.3.0\libgcc.a(divsf3.o)
                0x000000000000437c                __divsf3
 .text          0x00000000000047bc       0x70 c:/alteraquartus/nios2eds/bin/gnu/h-x86_64-mingw32/bin/../lib/gcc/nios2-elf/5.3.0\libgcc.a(fixsfsi.o)
                0x00000000000047bc                __fixsfsi
 .text          0x000000000000482c      0x718 c:/alteraquartus/nios2eds/bin/gnu/h-x86_64-mingw32/bin/../lib/gcc/nios2-elf/5.3.0\libgcc.a(muldf3.o)
                0x000000000000482c                __muldf3
 .text          0x0000000000004f44       0xa8 c:/alteraquartus/nios2eds/bin/gnu/h-x86_64-mingw32/bin/../lib/gcc/nios2-elf/5.3.0\libgcc.a(floatunsidf.o)
                0x0000000000004f44                __floatunsidf
 .text          0x0000000000004fec      0x1a8 c:/alteraquartus/nios2eds/bin/gnu/h-x86_64-mingw32/bin/../lib/gcc/nios2-elf/5.3.0\libgcc.a(truncdfsf2.o)
                0x0000000000004fec                __truncdfsf2
 .text          0x0000000000005194       0x64 c:/alteraquartus/nios2eds/bin/gnu/h-x86_64-mingw32/bin/../lib/gcc/nios2-elf/5.3.0\libgcc.a(_clzsi2.o)
                0x0000000000005194                __clzsi2
 .text          0x00000000000051f8        0x0 c:/alteraquartus/nios2eds/bin/gnu/h-x86_64-mingw32/bin/../lib/gcc/nios2-elf/5.3.0\libgcc.a(_clz.o)
 .text          0x00000000000051f8        0x0 c:/alteraquartus/nios2eds/bin/gnu/h-x86_64-mingw32/bin/../lib/gcc/nios2-elf/5.3.0/../../../../../H-x86_64-mingw32/nios2-elf/lib\libsmallc.a(lib_a-printf.o)
 .text._printf_r
                0x00000000000051f8       0x3c c:/alteraquartus/nios2eds/bin/gnu/h-x86_64-mingw32/bin/../lib/gcc/nios2-elf/5.3.0/../../../../../H-x86_64-mingw32/nios2-elf/lib\libsmallc.a(lib_a-printf.o)
                0x00000000000051f8                _printf_r
 .text.printf   0x0000000000005234       0x4c c:/alteraquartus/nios2eds/bin/gnu/h-x86_64-mingw32/bin/../lib/gcc/nios2-elf/5.3.0/../../../../../H-x86_64-mingw32/nios2-elf/lib\libsmallc.a(lib_a-printf.o)
                0x0000000000005234                printf
 .text          0x0000000000005280        0x0 c:/alteraquartus/nios2eds/bin/gnu/h-x86_64-mingw32/bin/../lib/gcc/nios2-elf/5.3.0/../../../../../H-x86_64-mingw32/nios2-elf/lib\libsmallc.a(lib_a-vfprintf.o)
 .text.print_repeat
                0x0000000000005280       0x6c c:/alteraquartus/nios2eds/bin/gnu/h-x86_64-mingw32/bin/../lib/gcc/nios2-elf/5.3.0/../../../../../H-x86_64-mingw32/nios2-elf/lib\libsmallc.a(lib_a-vfprintf.o)
 .text.___vfprintf_internal_r
                0x00000000000052ec      0x524 c:/alteraquartus/nios2eds/bin/gnu/h-x86_64-mingw32/bin/../lib/gcc/nios2-elf/5.3.0/../../../../../H-x86_64-mingw32/nios2-elf/lib\libsmallc.a(lib_a-vfprintf.o)
                0x00000000000052ec                ___vfprintf_internal_r
 .text.__vfprintf_internal
                0x0000000000005810       0x1c c:/alteraquartus/nios2eds/bin/gnu/h-x86_64-mingw32/bin/../lib/gcc/nios2-elf/5.3.0/../../../../../H-x86_64-mingw32/nios2-elf/lib\libsmallc.a(lib_a-vfprintf.o)
                0x0000000000005810                __vfprintf_internal
 .text          0x000000000000582c        0x0 c:/alteraquartus/nios2eds/bin/gnu/h-x86_64-mingw32/bin/../lib/gcc/nios2-elf/5.3.0/../../../../../H-x86_64-mingw32/nios2-elf/lib\libsmallc.a(lib_a-fvwrite_small_dev.o)
 .text.__sfvwrite_small_dev
                0x000000000000582c       0xb8 c:/alteraquartus/nios2eds/bin/gnu/h-x86_64-mingw32/bin/../lib/gcc/nios2-elf/5.3.0/../../../../../H-x86_64-mingw32/nios2-elf/lib\libsmallc.a(lib_a-fvwrite_small_dev.o)
                0x000000000000582c                __sfvwrite_small_dev
 .text          0x00000000000058e4        0x0 c:/alteraquartus/nios2eds/bin/gnu/h-x86_64-mingw32/bin/../lib/gcc/nios2-elf/5.3.0/../../../../../H-x86_64-mingw32/nios2-elf/lib\libsmallc.a(lib_a-impure.o)
 .text          0x00000000000058e4        0x0 c:/alteraquartus/nios2eds/bin/gnu/h-x86_64-mingw32/bin/../lib/gcc/nios2-elf/5.3.0/../../../../../H-x86_64-mingw32/nios2-elf/lib\libsmallc.a(lib_a-strlen.o)
 .text.strlen   0x00000000000058e4       0x1c c:/alteraquartus/nios2eds/bin/gnu/h-x86_64-mingw32/bin/../lib/gcc/nios2-elf/5.3.0/../../../../../H-x86_64-mingw32/nios2-elf/lib\libsmallc.a(lib_a-strlen.o)
                0x00000000000058e4                strlen
 .text          0x0000000000005900        0x0 c:/alteraquartus/nios2eds/bin/gnu/h-x86_64-mingw32/bin/../lib/gcc/nios2-elf/5.3.0/../../../../../H-x86_64-mingw32/nios2-elf/lib\libsmallc.a(lib_a-writer.o)
 .text._write_r
                0x0000000000005900       0x58 c:/alteraquartus/nios2eds/bin/gnu/h-x86_64-mingw32/bin/../lib/gcc/nios2-elf/5.3.0/../../../../../H-x86_64-mingw32/nios2-elf/lib\libsmallc.a(lib_a-writer.o)
                0x0000000000005900                _write_r
 .text          0x0000000000005958        0x0 c:/alteraquartus/nios2eds/bin/gnu/h-x86_64-mingw32/bin/../lib/gcc/nios2-elf/5.3.0/../../../../../H-x86_64-mingw32/nios2-elf/lib\libsmallc.a(lib_a-int_errno.o)
 .text          0x0000000000005958      0x1b4 c:/alteraquartus/nios2eds/bin/gnu/h-x86_64-mingw32/bin/../lib/gcc/nios2-elf/5.3.0\libgcc.a(lib2-divmod.o)
                0x0000000000005958                __divsi3
                0x00000000000059dc                __modsi3
                0x0000000000005a50                __udivsi3
                0x0000000000005ab4                __umodsi3
 .text          0x0000000000005b0c       0xec ../ultrasonic_theremin_bsp/\libhal_bsp.a(alt_load.o)
                0x0000000000005b74                alt_load
 .text          0x0000000000005bf8       0x7c ../ultrasonic_theremin_bsp/\libhal_bsp.a(alt_main.o)
                0x0000000000005bf8                alt_main
 .text          0x0000000000005c74      0x134 ../ultrasonic_theremin_bsp/\libhal_bsp.a(alt_write.o)
                0x0000000000005cb0                write
 .text          0x0000000000005da8       0xb8 ../ultrasonic_theremin_bsp/\libhal_bsp.a(alt_sys_init.o)
                0x0000000000005ddc                alt_irq_init
                0x0000000000005e14                alt_sys_init
 .text          0x0000000000005e60       0xc0 ../ultrasonic_theremin_bsp/\libhal_bsp.a(altera_avalon_jtag_uart_fd.o)
                0x0000000000005e60                altera_avalon_jtag_uart_read_fd
                0x0000000000005ec0                altera_avalon_jtag_uart_write_fd
 .text          0x0000000000005f20       0xec ../ultrasonic_theremin_bsp/\libhal_bsp.a(altera_avalon_jtag_uart_read.o)
                0x0000000000005f20                altera_avalon_jtag_uart_read
 .text          0x000000000000600c       0x94 ../ultrasonic_theremin_bsp/\libhal_bsp.a(altera_avalon_jtag_uart_write.o)
                0x000000000000600c                altera_avalon_jtag_uart_write
 .text          0x00000000000060a0       0xf4 ../ultrasonic_theremin_bsp/\libhal_bsp.a(altera_avalon_timer_sc.o)
                0x0000000000006118                alt_avalon_timer_sc_init
 .text          0x0000000000006194      0x10c ../ultrasonic_theremin_bsp/\libhal_bsp.a(alt_close.o)
                0x00000000000061d0                close
 .text          0x00000000000062a0       0x48 ../ultrasonic_theremin_bsp/\libhal_bsp.a(alt_dcache_flush_all.o)
                0x00000000000062a0                alt_dcache_flush_all
 .text          0x00000000000062e8       0x2c ../ultrasonic_theremin_bsp/\libhal_bsp.a(alt_dev.o)
 .text          0x0000000000006314       0xe0 ../ultrasonic_theremin_bsp/\libhal_bsp.a(alt_dev_llist_insert.o)
                0x0000000000006350                alt_dev_llist_insert
 .text          0x00000000000063f4       0x60 ../ultrasonic_theremin_bsp/\libhal_bsp.a(alt_do_ctors.o)
                0x00000000000063f4                _do_ctors
 .text          0x0000000000006454       0x60 ../ultrasonic_theremin_bsp/\libhal_bsp.a(alt_do_dtors.o)
                0x0000000000006454                _do_dtors
 .text          0x00000000000064b4        0x0 ../ultrasonic_theremin_bsp/\libhal_bsp.a(alt_errno.o)
 .text          0x00000000000064b4       0x34 ../ultrasonic_theremin_bsp/\libhal_bsp.a(alt_icache_flush_all.o)
                0x00000000000064b4                alt_icache_flush_all
 .text          0x00000000000064e8      0x1b0 ../ultrasonic_theremin_bsp/\libhal_bsp.a(alt_iic.o)
                0x00000000000064e8                alt_ic_isr_register
                0x0000000000006538                alt_ic_irq_enable
                0x00000000000065c0                alt_ic_irq_disable
                0x000000000000664c                alt_ic_irq_enabled
 .text          0x0000000000006698       0xf0 ../ultrasonic_theremin_bsp/\libhal_bsp.a(alt_iic_isr_register.o)
                0x0000000000006698                alt_iic_isr_register
 .text          0x0000000000006788      0x140 ../ultrasonic_theremin_bsp/\libhal_bsp.a(alt_io_redirect.o)
                0x000000000000684c                alt_io_redirect
 .text          0x00000000000068c8        0x0 ../ultrasonic_theremin_bsp/\libhal_bsp.a(alt_irq_entry.o)
 .text          0x00000000000068c8        0x0 ../ultrasonic_theremin_bsp/\libhal_bsp.a(alt_irq_handler.o)
 .text          0x00000000000068c8        0x0 ../ultrasonic_theremin_bsp/\libhal_bsp.a(alt_irq_vars.o)
 .text          0x00000000000068c8      0x254 ../ultrasonic_theremin_bsp/\libhal_bsp.a(alt_open.o)
                0x00000000000069c8                open
 .text          0x0000000000006b1c       0x64 ../ultrasonic_theremin_bsp/\libhal_bsp.a(alt_release_fd.o)
                0x0000000000006b1c                alt_release_fd
 .text          0x0000000000006b80      0x1a4 ../ultrasonic_theremin_bsp/\libhal_bsp.a(alt_tick.o)
                0x0000000000006b80                alt_alarm_stop
                0x0000000000006c1c                alt_tick
 .text          0x0000000000006d24       0x24 ../ultrasonic_theremin_bsp/\libhal_bsp.a(altera_nios2_gen2_irq.o)
                0x0000000000006d24                altera_nios2_gen2_irq_init
 .text          0x0000000000006d48        0x0 ../ultrasonic_theremin_bsp/\libhal_bsp.a(alt_exception_entry.o)
 .text          0x0000000000006d48       0x90 ../ultrasonic_theremin_bsp/\libhal_bsp.a(alt_find_dev.o)
                0x0000000000006d48                alt_find_dev
 .text          0x0000000000006dd8      0x108 ../ultrasonic_theremin_bsp/\libhal_bsp.a(alt_find_file.o)
                0x0000000000006dd8                alt_find_file
 .text          0x0000000000006ee0       0xa4 ../ultrasonic_theremin_bsp/\libhal_bsp.a(alt_get_fd.o)
                0x0000000000006ee0                alt_get_fd
 .text          0x0000000000006f84       0x90 ../ultrasonic_theremin_bsp/\libhal_bsp.a(alt_icache_flush.o)
                0x0000000000006f84                alt_icache_flush
 .text          0x0000000000007014       0x9c ../ultrasonic_theremin_bsp/\libhal_bsp.a(alt_instruction_exception_entry.o)
                0x0000000000007014                alt_exception_cause_generated_bad_addr
 .text          0x00000000000070b0        0x0 c:/alteraquartus/nios2eds/bin/gnu/h-x86_64-mingw32/bin/../lib/gcc/nios2-elf/5.3.0/../../../../../H-x86_64-mingw32/nios2-elf/lib\libsmallc.a(lib_a-atexit.o)
 .text.atexit   0x00000000000070b0       0x14 c:/alteraquartus/nios2eds/bin/gnu/h-x86_64-mingw32/bin/../lib/gcc/nios2-elf/5.3.0/../../../../../H-x86_64-mingw32/nios2-elf/lib\libsmallc.a(lib_a-atexit.o)
                0x00000000000070b0                atexit
 .text          0x00000000000070c4        0x0 c:/alteraquartus/nios2eds/bin/gnu/h-x86_64-mingw32/bin/../lib/gcc/nios2-elf/5.3.0/../../../../../H-x86_64-mingw32/nios2-elf/lib\libsmallc.a(lib_a-exit.o)
 .text.exit     0x00000000000070c4       0x20 c:/alteraquartus/nios2eds/bin/gnu/h-x86_64-mingw32/bin/../lib/gcc/nios2-elf/5.3.0/../../../../../H-x86_64-mingw32/nios2-elf/lib\libsmallc.a(lib_a-exit.o)
                0x00000000000070c4                exit
 .text          0x00000000000070e4        0x0 c:/alteraquartus/nios2eds/bin/gnu/h-x86_64-mingw32/bin/../lib/gcc/nios2-elf/5.3.0/../../../../../H-x86_64-mingw32/nios2-elf/lib\libsmallc.a(lib_a-memcmp.o)
 .text.memcmp   0x00000000000070e4       0x30 c:/alteraquartus/nios2eds/bin/gnu/h-x86_64-mingw32/bin/../lib/gcc/nios2-elf/5.3.0/../../../../../H-x86_64-mingw32/nios2-elf/lib\libsmallc.a(lib_a-memcmp.o)
                0x00000000000070e4                memcmp
 .text          0x0000000000007114        0x0 c:/alteraquartus/nios2eds/bin/gnu/h-x86_64-mingw32/bin/../lib/gcc/nios2-elf/5.3.0/../../../../../H-x86_64-mingw32/nios2-elf/lib\libsmallc.a(lib_a-__atexit.o)
 .text.__register_exitproc
                0x0000000000007114      0x158 c:/alteraquartus/nios2eds/bin/gnu/h-x86_64-mingw32/bin/../lib/gcc/nios2-elf/5.3.0/../../../../../H-x86_64-mingw32/nios2-elf/lib\libsmallc.a(lib_a-__atexit.o)
                0x0000000000007114                __register_exitproc
 .text          0x000000000000726c        0x0 c:/alteraquartus/nios2eds/bin/gnu/h-x86_64-mingw32/bin/../lib/gcc/nios2-elf/5.3.0/../../../../../H-x86_64-mingw32/nios2-elf/lib\libsmallc.a(lib_a-__call_atexit.o)
 .text.__call_exitprocs
                0x000000000000726c      0x190 c:/alteraquartus/nios2eds/bin/gnu/h-x86_64-mingw32/bin/../lib/gcc/nios2-elf/5.3.0/../../../../../H-x86_64-mingw32/nios2-elf/lib\libsmallc.a(lib_a-__call_atexit.o)
                0x000000000000726c                __call_exitprocs
 .text          0x00000000000073fc       0x34 ../ultrasonic_theremin_bsp/\libhal_bsp.a(alt_exit.o)
                0x00000000000073fc                _exit
 *(.gnu.warning.*)
 *(.fini)
                [!provide]                        PROVIDE (__etext, ABSOLUTE (.))
                [!provide]                        PROVIDE (_etext, ABSOLUTE (.))
                [!provide]                        PROVIDE (etext, ABSOLUTE (.))
 *(.eh_frame_hdr)
                0x0000000000007430                . = ALIGN (0x4)
                [!provide]                        PROVIDE (__preinit_array_start, ABSOLUTE (.))
 *(.preinit_array)
                [!provide]                        PROVIDE (__preinit_array_end, ABSOLUTE (.))
                [!provide]                        PROVIDE (__init_array_start, ABSOLUTE (.))
 *(.init_array)
                [!provide]                        PROVIDE (__init_array_end, ABSOLUTE (.))
                [!provide]                        PROVIDE (__fini_array_start, ABSOLUTE (.))
 *(.fini_array)
                [!provide]                        PROVIDE (__fini_array_end, ABSOLUTE (.))
 *(.eh_frame)
 *(.gcc_except_table .gcc_except_table.*)
 *(.dynamic)
                0x0000000000007430                PROVIDE (__CTOR_LIST__, ABSOLUTE (.))
 *(.ctors)
 *(SORT(.ctors.*))
                0x0000000000007430                PROVIDE (__CTOR_END__, ABSOLUTE (.))
                0x0000000000007430                PROVIDE (__DTOR_LIST__, ABSOLUTE (.))
 *(.dtors)
 *(SORT(.dtors.*))
                0x0000000000007430                PROVIDE (__DTOR_END__, ABSOLUTE (.))
 *(.jcr)
                0x0000000000007430                . = ALIGN (0x4)

.rodata         0x0000000000007430      0x140
                0x0000000000007430                PROVIDE (__ram_rodata_start, ABSOLUTE (.))
                0x0000000000007430                . = ALIGN (0x4)
 *(.rodata .rodata.* .gnu.linkonce.r.*)
 .rodata        0x0000000000007430       0x12 obj/default/dev_ultrasound.o
 .rodata        0x0000000000007442      0x100 c:/alteraquartus/nios2eds/bin/gnu/h-x86_64-mingw32/bin/../lib/gcc/nios2-elf/5.3.0\libgcc.a(_clz.o)
                0x0000000000007442                __clz_tab
 *fill*         0x0000000000007542        0x2 
 .rodata        0x0000000000007544        0xf ../ultrasonic_theremin_bsp/\libhal_bsp.a(alt_main.o)
 *fill*         0x0000000000007553        0x1 
 .rodata        0x0000000000007554        0xf ../ultrasonic_theremin_bsp/\libhal_bsp.a(alt_sys_init.o)
 *fill*         0x0000000000007563        0x1 
 .rodata        0x0000000000007564        0xa ../ultrasonic_theremin_bsp/\libhal_bsp.a(alt_dev.o)
 *(.rodata1)
                0x0000000000007570                . = ALIGN (0x4)
 *fill*         0x000000000000756e        0x2 
                0x0000000000007570                PROVIDE (__ram_rodata_end, ABSOLUTE (.))
                0x0000000000007430                PROVIDE (__flash_rodata_start, LOADADDR (.rodata))

.rwdata         0x0000000000007570      0x2e0 load address 0x0000000000007850
                0x0000000000007570                PROVIDE (__ram_rwdata_start, ABSOLUTE (.))
                0x0000000000007570                . = ALIGN (0x4)
 *(.got.plt)
 *(.got)
 *(.data1)
 *(.data .data.* .gnu.linkonce.d.*)
 .data          0x0000000000007570        0x0 ../ultrasonic_theremin_bsp//obj/HAL/src/crt0.o
 .data          0x0000000000007570        0x0 obj/default/dev_ultrasound.o
 .data          0x0000000000007570        0x0 c:/alteraquartus/nios2eds/bin/gnu/h-x86_64-mingw32/bin/../lib/gcc/nios2-elf/5.3.0\libgcc.a(divsf3.o)
 .data          0x0000000000007570        0x0 c:/alteraquartus/nios2eds/bin/gnu/h-x86_64-mingw32/bin/../lib/gcc/nios2-elf/5.3.0\libgcc.a(fixsfsi.o)
 .data          0x0000000000007570        0x0 c:/alteraquartus/nios2eds/bin/gnu/h-x86_64-mingw32/bin/../lib/gcc/nios2-elf/5.3.0\libgcc.a(muldf3.o)
 .data          0x0000000000007570        0x0 c:/alteraquartus/nios2eds/bin/gnu/h-x86_64-mingw32/bin/../lib/gcc/nios2-elf/5.3.0\libgcc.a(floatunsidf.o)
 .data          0x0000000000007570        0x0 c:/alteraquartus/nios2eds/bin/gnu/h-x86_64-mingw32/bin/../lib/gcc/nios2-elf/5.3.0\libgcc.a(truncdfsf2.o)
 .data          0x0000000000007570        0x0 c:/alteraquartus/nios2eds/bin/gnu/h-x86_64-mingw32/bin/../lib/gcc/nios2-elf/5.3.0\libgcc.a(_clzsi2.o)
 .data          0x0000000000007570        0x0 c:/alteraquartus/nios2eds/bin/gnu/h-x86_64-mingw32/bin/../lib/gcc/nios2-elf/5.3.0\libgcc.a(_clz.o)
 .data          0x0000000000007570        0x0 c:/alteraquartus/nios2eds/bin/gnu/h-x86_64-mingw32/bin/../lib/gcc/nios2-elf/5.3.0/../../../../../H-x86_64-mingw32/nios2-elf/lib\libsmallc.a(lib_a-printf.o)
 .data          0x0000000000007570        0x0 c:/alteraquartus/nios2eds/bin/gnu/h-x86_64-mingw32/bin/../lib/gcc/nios2-elf/5.3.0/../../../../../H-x86_64-mingw32/nios2-elf/lib\libsmallc.a(lib_a-vfprintf.o)
 .data          0x0000000000007570        0x0 c:/alteraquartus/nios2eds/bin/gnu/h-x86_64-mingw32/bin/../lib/gcc/nios2-elf/5.3.0/../../../../../H-x86_64-mingw32/nios2-elf/lib\libsmallc.a(lib_a-fvwrite_small_dev.o)
 .data          0x0000000000007570        0x0 c:/alteraquartus/nios2eds/bin/gnu/h-x86_64-mingw32/bin/../lib/gcc/nios2-elf/5.3.0/../../../../../H-x86_64-mingw32/nios2-elf/lib\libsmallc.a(lib_a-impure.o)
 .data.impure_data
                0x0000000000007570       0xe0 c:/alteraquartus/nios2eds/bin/gnu/h-x86_64-mingw32/bin/../lib/gcc/nios2-elf/5.3.0/../../../../../H-x86_64-mingw32/nios2-elf/lib\libsmallc.a(lib_a-impure.o)
 .data          0x0000000000007650        0x0 c:/alteraquartus/nios2eds/bin/gnu/h-x86_64-mingw32/bin/../lib/gcc/nios2-elf/5.3.0/../../../../../H-x86_64-mingw32/nios2-elf/lib\libsmallc.a(lib_a-strlen.o)
 .data          0x0000000000007650        0x0 c:/alteraquartus/nios2eds/bin/gnu/h-x86_64-mingw32/bin/../lib/gcc/nios2-elf/5.3.0/../../../../../H-x86_64-mingw32/nios2-elf/lib\libsmallc.a(lib_a-writer.o)
 .data          0x0000000000007650        0x0 c:/alteraquartus/nios2eds/bin/gnu/h-x86_64-mingw32/bin/../lib/gcc/nios2-elf/5.3.0/../../../../../H-x86_64-mingw32/nios2-elf/lib\libsmallc.a(lib_a-int_errno.o)
 .data          0x0000000000007650        0x0 c:/alteraquartus/nios2eds/bin/gnu/h-x86_64-mingw32/bin/../lib/gcc/nios2-elf/5.3.0\libgcc.a(lib2-divmod.o)
 .data          0x0000000000007650        0x0 ../ultrasonic_theremin_bsp/\libhal_bsp.a(alt_load.o)
 .data          0x0000000000007650        0x0 ../ultrasonic_theremin_bsp/\libhal_bsp.a(alt_main.o)
 .data          0x0000000000007650        0x0 ../ultrasonic_theremin_bsp/\libhal_bsp.a(alt_write.o)
 .data          0x0000000000007650       0x2c ../ultrasonic_theremin_bsp/\libhal_bsp.a(alt_sys_init.o)
 .data          0x000000000000767c        0x0 ../ultrasonic_theremin_bsp/\libhal_bsp.a(altera_avalon_jtag_uart_fd.o)
 .data          0x000000000000767c        0x0 ../ultrasonic_theremin_bsp/\libhal_bsp.a(altera_avalon_jtag_uart_read.o)
 .data          0x000000000000767c        0x0 ../ultrasonic_theremin_bsp/\libhal_bsp.a(altera_avalon_jtag_uart_write.o)
 .data          0x000000000000767c        0x0 ../ultrasonic_theremin_bsp/\libhal_bsp.a(altera_avalon_timer_sc.o)
 .data          0x000000000000767c        0x0 ../ultrasonic_theremin_bsp/\libhal_bsp.a(alt_close.o)
 .data          0x000000000000767c        0x0 ../ultrasonic_theremin_bsp/\libhal_bsp.a(alt_dcache_flush_all.o)
 .data          0x000000000000767c      0x1a8 ../ultrasonic_theremin_bsp/\libhal_bsp.a(alt_dev.o)
                0x000000000000767c                alt_dev_null
                0x00000000000076a4                alt_fd_list
 .data          0x0000000000007824        0x0 ../ultrasonic_theremin_bsp/\libhal_bsp.a(alt_dev_llist_insert.o)
 .data          0x0000000000007824        0x0 ../ultrasonic_theremin_bsp/\libhal_bsp.a(alt_do_ctors.o)
 .data          0x0000000000007824        0x0 ../ultrasonic_theremin_bsp/\libhal_bsp.a(alt_do_dtors.o)
 .data          0x0000000000007824        0x0 ../ultrasonic_theremin_bsp/\libhal_bsp.a(alt_errno.o)
 .data          0x0000000000007824        0x0 ../ultrasonic_theremin_bsp/\libhal_bsp.a(alt_icache_flush_all.o)
 .data          0x0000000000007824        0x0 ../ultrasonic_theremin_bsp/\libhal_bsp.a(alt_iic.o)
 .data          0x0000000000007824        0x0 ../ultrasonic_theremin_bsp/\libhal_bsp.a(alt_iic_isr_register.o)
 .data          0x0000000000007824        0x0 ../ultrasonic_theremin_bsp/\libhal_bsp.a(alt_io_redirect.o)
 .data          0x0000000000007824        0x0 ../ultrasonic_theremin_bsp/\libhal_bsp.a(alt_irq_entry.o)
 .data          0x0000000000007824        0x0 ../ultrasonic_theremin_bsp/\libhal_bsp.a(alt_irq_handler.o)
 .data          0x0000000000007824        0x0 ../ultrasonic_theremin_bsp/\libhal_bsp.a(alt_irq_vars.o)
 .data          0x0000000000007824        0x0 ../ultrasonic_theremin_bsp/\libhal_bsp.a(alt_open.o)
 .data          0x0000000000007824        0x0 ../ultrasonic_theremin_bsp/\libhal_bsp.a(alt_release_fd.o)
 .data          0x0000000000007824        0x0 ../ultrasonic_theremin_bsp/\libhal_bsp.a(alt_tick.o)
 .data          0x0000000000007824        0x0 ../ultrasonic_theremin_bsp/\libhal_bsp.a(altera_nios2_gen2_irq.o)
 .data          0x0000000000007824        0x0 ../ultrasonic_theremin_bsp/\libhal_bsp.a(alt_exception_entry.o)
 .data          0x0000000000007824        0x0 ../ultrasonic_theremin_bsp/\libhal_bsp.a(alt_find_dev.o)
 .data          0x0000000000007824        0x0 ../ultrasonic_theremin_bsp/\libhal_bsp.a(alt_find_file.o)
 .data          0x0000000000007824        0x0 ../ultrasonic_theremin_bsp/\libhal_bsp.a(alt_get_fd.o)
 .data          0x0000000000007824        0x0 ../ultrasonic_theremin_bsp/\libhal_bsp.a(alt_icache_flush.o)
 .data          0x0000000000007824        0x0 ../ultrasonic_theremin_bsp/\libhal_bsp.a(alt_instruction_exception_entry.o)
 .data          0x0000000000007824        0x0 c:/alteraquartus/nios2eds/bin/gnu/h-x86_64-mingw32/bin/../lib/gcc/nios2-elf/5.3.0/../../../../../H-x86_64-mingw32/nios2-elf/lib\libsmallc.a(lib_a-atexit.o)
 .data          0x0000000000007824        0x0 c:/alteraquartus/nios2eds/bin/gnu/h-x86_64-mingw32/bin/../lib/gcc/nios2-elf/5.3.0/../../../../../H-x86_64-mingw32/nios2-elf/lib\libsmallc.a(lib_a-exit.o)
 .data          0x0000000000007824        0x0 c:/alteraquartus/nios2eds/bin/gnu/h-x86_64-mingw32/bin/../lib/gcc/nios2-elf/5.3.0/../../../../../H-x86_64-mingw32/nios2-elf/lib\libsmallc.a(lib_a-memcmp.o)
 .data          0x0000000000007824        0x0 c:/alteraquartus/nios2eds/bin/gnu/h-x86_64-mingw32/bin/../lib/gcc/nios2-elf/5.3.0/../../../../../H-x86_64-mingw32/nios2-elf/lib\libsmallc.a(lib_a-__atexit.o)
 .data          0x0000000000007824        0x0 c:/alteraquartus/nios2eds/bin/gnu/h-x86_64-mingw32/bin/../lib/gcc/nios2-elf/5.3.0/../../../../../H-x86_64-mingw32/nios2-elf/lib\libsmallc.a(lib_a-__call_atexit.o)
 .data          0x0000000000007824        0x0 ../ultrasonic_theremin_bsp/\libhal_bsp.a(alt_exit.o)
                0x000000000000f824                _gp = ABSOLUTE ((. + 0x8000))
                [!provide]                        PROVIDE (gp, _gp)
 *(.rwdata .rwdata.*)
 *(.sdata .sdata.* .gnu.linkonce.s.*)
 .sdata._global_impure_ptr
                0x0000000000007824        0x4 c:/alteraquartus/nios2eds/bin/gnu/h-x86_64-mingw32/bin/../lib/gcc/nios2-elf/5.3.0/../../../../../H-x86_64-mingw32/nios2-elf/lib\libsmallc.a(lib_a-impure.o)
                0x0000000000007824                _global_impure_ptr
 .sdata._impure_ptr
                0x0000000000007828        0x4 c:/alteraquartus/nios2eds/bin/gnu/h-x86_64-mingw32/bin/../lib/gcc/nios2-elf/5.3.0/../../../../../H-x86_64-mingw32/nios2-elf/lib\libsmallc.a(lib_a-impure.o)
                0x0000000000007828                _impure_ptr
 .sdata         0x000000000000782c       0x14 ../ultrasonic_theremin_bsp/\libhal_bsp.a(alt_dev.o)
                0x000000000000782c                alt_fs_list
                0x0000000000007834                alt_dev_list
                0x000000000000783c                alt_max_fd
 .sdata         0x0000000000007840        0x4 ../ultrasonic_theremin_bsp/\libhal_bsp.a(alt_errno.o)
                0x0000000000007840                alt_errno
 .sdata         0x0000000000007844        0x4 ../ultrasonic_theremin_bsp/\libhal_bsp.a(alt_irq_vars.o)
                0x0000000000007844                alt_priority_mask
 .sdata         0x0000000000007848        0x8 ../ultrasonic_theremin_bsp/\libhal_bsp.a(alt_tick.o)
                0x0000000000007848                alt_alarm_list
 *(.sdata2 .sdata2.* .gnu.linkonce.s2.*)
                0x0000000000007850                . = ALIGN (0x4)
                0x0000000000007850                _edata = ABSOLUTE (.)
                [!provide]                        PROVIDE (edata, ABSOLUTE (.))
                0x0000000000007850                PROVIDE (__ram_rwdata_end, ABSOLUTE (.))
                0x0000000000007850                PROVIDE (__flash_rwdata_start, LOADADDR (.rwdata))

.bss            0x0000000000007b30      0x120
                0x0000000000007b30                __bss_start = ABSOLUTE (.)
                [!provide]                        PROVIDE (__sbss_start, ABSOLUTE (.))
                [!provide]                        PROVIDE (___sbss_start, ABSOLUTE (.))
 *(.dynsbss)
 *(.sbss .sbss.* .gnu.linkonce.sb.*)
 .sbss          0x0000000000007b30        0x4 c:/alteraquartus/nios2eds/bin/gnu/h-x86_64-mingw32/bin/../lib/gcc/nios2-elf/5.3.0/../../../../../H-x86_64-mingw32/nios2-elf/lib\libsmallc.a(lib_a-int_errno.o)
                0x0000000000007b30                errno
 .sbss          0x0000000000007b34        0xc ../ultrasonic_theremin_bsp/\libhal_bsp.a(alt_main.o)
                0x0000000000007b34                alt_argc
                0x0000000000007b38                alt_argv
                0x0000000000007b3c                alt_envp
 .sbss          0x0000000000007b40        0x4 ../ultrasonic_theremin_bsp/\libhal_bsp.a(alt_irq_vars.o)
                0x0000000000007b40                alt_irq_active
 .sbss          0x0000000000007b44        0x8 ../ultrasonic_theremin_bsp/\libhal_bsp.a(alt_tick.o)
                0x0000000000007b44                _alt_tick_rate
                0x0000000000007b48                _alt_nticks
 .sbss          0x0000000000007b4c        0x4 ../ultrasonic_theremin_bsp/\libhal_bsp.a(alt_instruction_exception_entry.o)
                0x0000000000007b4c                alt_instruction_exception_handler
 *(.sbss2 .sbss2.* .gnu.linkonce.sb2.*)
 *(.scommon)
                [!provide]                        PROVIDE (__sbss_end, ABSOLUTE (.))
                [!provide]                        PROVIDE (___sbss_end, ABSOLUTE (.))
 *(.dynbss)
 *(.bss .bss.* .gnu.linkonce.b.*)
 .bss           0x0000000000007b50        0x0 ../ultrasonic_theremin_bsp//obj/HAL/src/crt0.o
 .bss           0x0000000000007b50        0x0 obj/default/dev_ultrasound.o
 .bss           0x0000000000007b50        0x0 c:/alteraquartus/nios2eds/bin/gnu/h-x86_64-mingw32/bin/../lib/gcc/nios2-elf/5.3.0\libgcc.a(divsf3.o)
 .bss           0x0000000000007b50        0x0 c:/alteraquartus/nios2eds/bin/gnu/h-x86_64-mingw32/bin/../lib/gcc/nios2-elf/5.3.0\libgcc.a(fixsfsi.o)
 .bss           0x0000000000007b50        0x0 c:/alteraquartus/nios2eds/bin/gnu/h-x86_64-mingw32/bin/../lib/gcc/nios2-elf/5.3.0\libgcc.a(muldf3.o)
 .bss           0x0000000000007b50        0x0 c:/alteraquartus/nios2eds/bin/gnu/h-x86_64-mingw32/bin/../lib/gcc/nios2-elf/5.3.0\libgcc.a(floatunsidf.o)
 .bss           0x0000000000007b50        0x0 c:/alteraquartus/nios2eds/bin/gnu/h-x86_64-mingw32/bin/../lib/gcc/nios2-elf/5.3.0\libgcc.a(truncdfsf2.o)
 .bss           0x0000000000007b50        0x0 c:/alteraquartus/nios2eds/bin/gnu/h-x86_64-mingw32/bin/../lib/gcc/nios2-elf/5.3.0\libgcc.a(_clzsi2.o)
 .bss           0x0000000000007b50        0x0 c:/alteraquartus/nios2eds/bin/gnu/h-x86_64-mingw32/bin/../lib/gcc/nios2-elf/5.3.0\libgcc.a(_clz.o)
 .bss           0x0000000000007b50        0x0 c:/alteraquartus/nios2eds/bin/gnu/h-x86_64-mingw32/bin/../lib/gcc/nios2-elf/5.3.0/../../../../../H-x86_64-mingw32/nios2-elf/lib\libsmallc.a(lib_a-printf.o)
 .bss           0x0000000000007b50        0x0 c:/alteraquartus/nios2eds/bin/gnu/h-x86_64-mingw32/bin/../lib/gcc/nios2-elf/5.3.0/../../../../../H-x86_64-mingw32/nios2-elf/lib\libsmallc.a(lib_a-vfprintf.o)
 .bss           0x0000000000007b50        0x0 c:/alteraquartus/nios2eds/bin/gnu/h-x86_64-mingw32/bin/../lib/gcc/nios2-elf/5.3.0/../../../../../H-x86_64-mingw32/nios2-elf/lib\libsmallc.a(lib_a-fvwrite_small_dev.o)
 .bss           0x0000000000007b50        0x0 c:/alteraquartus/nios2eds/bin/gnu/h-x86_64-mingw32/bin/../lib/gcc/nios2-elf/5.3.0/../../../../../H-x86_64-mingw32/nios2-elf/lib\libsmallc.a(lib_a-impure.o)
 .bss           0x0000000000007b50        0x0 c:/alteraquartus/nios2eds/bin/gnu/h-x86_64-mingw32/bin/../lib/gcc/nios2-elf/5.3.0/../../../../../H-x86_64-mingw32/nios2-elf/lib\libsmallc.a(lib_a-strlen.o)
 .bss           0x0000000000007b50        0x0 c:/alteraquartus/nios2eds/bin/gnu/h-x86_64-mingw32/bin/../lib/gcc/nios2-elf/5.3.0/../../../../../H-x86_64-mingw32/nios2-elf/lib\libsmallc.a(lib_a-writer.o)
 .bss           0x0000000000007b50        0x0 c:/alteraquartus/nios2eds/bin/gnu/h-x86_64-mingw32/bin/../lib/gcc/nios2-elf/5.3.0/../../../../../H-x86_64-mingw32/nios2-elf/lib\libsmallc.a(lib_a-int_errno.o)
 .bss           0x0000000000007b50        0x0 c:/alteraquartus/nios2eds/bin/gnu/h-x86_64-mingw32/bin/../lib/gcc/nios2-elf/5.3.0\libgcc.a(lib2-divmod.o)
 .bss           0x0000000000007b50        0x0 ../ultrasonic_theremin_bsp/\libhal_bsp.a(alt_load.o)
 .bss           0x0000000000007b50        0x0 ../ultrasonic_theremin_bsp/\libhal_bsp.a(alt_main.o)
 .bss           0x0000000000007b50        0x0 ../ultrasonic_theremin_bsp/\libhal_bsp.a(alt_write.o)
 .bss           0x0000000000007b50        0x0 ../ultrasonic_theremin_bsp/\libhal_bsp.a(alt_sys_init.o)
 .bss           0x0000000000007b50        0x0 ../ultrasonic_theremin_bsp/\libhal_bsp.a(altera_avalon_jtag_uart_fd.o)
 .bss           0x0000000000007b50        0x0 ../ultrasonic_theremin_bsp/\libhal_bsp.a(altera_avalon_jtag_uart_read.o)
 .bss           0x0000000000007b50        0x0 ../ultrasonic_theremin_bsp/\libhal_bsp.a(altera_avalon_jtag_uart_write.o)
 .bss           0x0000000000007b50        0x0 ../ultrasonic_theremin_bsp/\libhal_bsp.a(altera_avalon_timer_sc.o)
 .bss           0x0000000000007b50        0x0 ../ultrasonic_theremin_bsp/\libhal_bsp.a(alt_close.o)
 .bss           0x0000000000007b50        0x0 ../ultrasonic_theremin_bsp/\libhal_bsp.a(alt_dcache_flush_all.o)
 .bss           0x0000000000007b50        0x0 ../ultrasonic_theremin_bsp/\libhal_bsp.a(alt_dev.o)
 .bss           0x0000000000007b50        0x0 ../ultrasonic_theremin_bsp/\libhal_bsp.a(alt_dev_llist_insert.o)
 .bss           0x0000000000007b50        0x0 ../ultrasonic_theremin_bsp/\libhal_bsp.a(alt_do_ctors.o)
 .bss           0x0000000000007b50        0x0 ../ultrasonic_theremin_bsp/\libhal_bsp.a(alt_do_dtors.o)
 .bss           0x0000000000007b50        0x0 ../ultrasonic_theremin_bsp/\libhal_bsp.a(alt_errno.o)
 .bss           0x0000000000007b50        0x0 ../ultrasonic_theremin_bsp/\libhal_bsp.a(alt_icache_flush_all.o)
 .bss           0x0000000000007b50        0x0 ../ultrasonic_theremin_bsp/\libhal_bsp.a(alt_iic.o)
 .bss           0x0000000000007b50        0x0 ../ultrasonic_theremin_bsp/\libhal_bsp.a(alt_iic_isr_register.o)
 .bss           0x0000000000007b50        0x0 ../ultrasonic_theremin_bsp/\libhal_bsp.a(alt_io_redirect.o)
 .bss           0x0000000000007b50        0x0 ../ultrasonic_theremin_bsp/\libhal_bsp.a(alt_irq_entry.o)
 .bss           0x0000000000007b50        0x0 ../ultrasonic_theremin_bsp/\libhal_bsp.a(alt_irq_handler.o)
 .bss           0x0000000000007b50        0x0 ../ultrasonic_theremin_bsp/\libhal_bsp.a(alt_irq_vars.o)
 .bss           0x0000000000007b50        0x0 ../ultrasonic_theremin_bsp/\libhal_bsp.a(alt_open.o)
 .bss           0x0000000000007b50        0x0 ../ultrasonic_theremin_bsp/\libhal_bsp.a(alt_release_fd.o)
 .bss           0x0000000000007b50        0x0 ../ultrasonic_theremin_bsp/\libhal_bsp.a(alt_tick.o)
 .bss           0x0000000000007b50        0x0 ../ultrasonic_theremin_bsp/\libhal_bsp.a(altera_nios2_gen2_irq.o)
 .bss           0x0000000000007b50        0x0 ../ultrasonic_theremin_bsp/\libhal_bsp.a(alt_exception_entry.o)
 .bss           0x0000000000007b50        0x0 ../ultrasonic_theremin_bsp/\libhal_bsp.a(alt_find_dev.o)
 .bss           0x0000000000007b50        0x0 ../ultrasonic_theremin_bsp/\libhal_bsp.a(alt_find_file.o)
 .bss           0x0000000000007b50        0x0 ../ultrasonic_theremin_bsp/\libhal_bsp.a(alt_get_fd.o)
 .bss           0x0000000000007b50        0x0 ../ultrasonic_theremin_bsp/\libhal_bsp.a(alt_icache_flush.o)
 .bss           0x0000000000007b50        0x0 ../ultrasonic_theremin_bsp/\libhal_bsp.a(alt_instruction_exception_entry.o)
 .bss           0x0000000000007b50        0x0 c:/alteraquartus/nios2eds/bin/gnu/h-x86_64-mingw32/bin/../lib/gcc/nios2-elf/5.3.0/../../../../../H-x86_64-mingw32/nios2-elf/lib\libsmallc.a(lib_a-atexit.o)
 .bss           0x0000000000007b50        0x0 c:/alteraquartus/nios2eds/bin/gnu/h-x86_64-mingw32/bin/../lib/gcc/nios2-elf/5.3.0/../../../../../H-x86_64-mingw32/nios2-elf/lib\libsmallc.a(lib_a-exit.o)
 .bss           0x0000000000007b50        0x0 c:/alteraquartus/nios2eds/bin/gnu/h-x86_64-mingw32/bin/../lib/gcc/nios2-elf/5.3.0/../../../../../H-x86_64-mingw32/nios2-elf/lib\libsmallc.a(lib_a-memcmp.o)
 .bss           0x0000000000007b50        0x0 c:/alteraquartus/nios2eds/bin/gnu/h-x86_64-mingw32/bin/../lib/gcc/nios2-elf/5.3.0/../../../../../H-x86_64-mingw32/nios2-elf/lib\libsmallc.a(lib_a-__atexit.o)
 .bss           0x0000000000007b50        0x0 c:/alteraquartus/nios2eds/bin/gnu/h-x86_64-mingw32/bin/../lib/gcc/nios2-elf/5.3.0/../../../../../H-x86_64-mingw32/nios2-elf/lib\libsmallc.a(lib_a-__call_atexit.o)
 .bss           0x0000000000007b50        0x0 ../ultrasonic_theremin_bsp/\libhal_bsp.a(alt_exit.o)
 *(COMMON)
 COMMON         0x0000000000007b50      0x100 ../ultrasonic_theremin_bsp/\libhal_bsp.a(alt_irq_handler.o)
                0x0000000000007b50                alt_irq
                0x0000000000007c50                . = ALIGN (0x4)
                0x0000000000007c50                __bss_end = ABSOLUTE (.)

.onchip_ram     0x0000000000007c50        0x0
                [!provide]                        PROVIDE (_alt_partition_onchip_ram_start, ABSOLUTE (.))
 *(.onchip_ram .onchip_ram. onchip_ram.*)
                0x0000000000007c50                . = ALIGN (0x4)
                [!provide]                        PROVIDE (_alt_partition_onchip_ram_end, ABSOLUTE (.))
                0x0000000000007c50                _end = ABSOLUTE (.)
                0x0000000000007c50                end = ABSOLUTE (.)
                0x0000000000007c50                __alt_stack_base = ABSOLUTE (.)
                [!provide]                        PROVIDE (_alt_partition_onchip_ram_load_addr, LOADADDR (.onchip_ram))

.stab
 *(.stab)

.stabstr
 *(.stabstr)

.stab.excl
 *(.stab.excl)

.stab.exclstr
 *(.stab.exclstr)

.stab.index
 *(.stab.index)

.stab.indexstr
 *(.stab.indexstr)

.comment        0x0000000000000000       0x23
 *(.comment)
 .comment       0x0000000000000000       0x23 obj/default/dev_ultrasound.o
                                         0x24 (size before relaxing)
 .comment       0x0000000000000023       0x24 c:/alteraquartus/nios2eds/bin/gnu/h-x86_64-mingw32/bin/../lib/gcc/nios2-elf/5.3.0\libgcc.a(divsf3.o)
 .comment       0x0000000000000023       0x24 c:/alteraquartus/nios2eds/bin/gnu/h-x86_64-mingw32/bin/../lib/gcc/nios2-elf/5.3.0\libgcc.a(fixsfsi.o)
 .comment       0x0000000000000023       0x24 c:/alteraquartus/nios2eds/bin/gnu/h-x86_64-mingw32/bin/../lib/gcc/nios2-elf/5.3.0\libgcc.a(muldf3.o)
 .comment       0x0000000000000023       0x24 c:/alteraquartus/nios2eds/bin/gnu/h-x86_64-mingw32/bin/../lib/gcc/nios2-elf/5.3.0\libgcc.a(floatunsidf.o)
 .comment       0x0000000000000023       0x24 c:/alteraquartus/nios2eds/bin/gnu/h-x86_64-mingw32/bin/../lib/gcc/nios2-elf/5.3.0\libgcc.a(truncdfsf2.o)
 .comment       0x0000000000000023       0x24 c:/alteraquartus/nios2eds/bin/gnu/h-x86_64-mingw32/bin/../lib/gcc/nios2-elf/5.3.0\libgcc.a(_clzsi2.o)
 .comment       0x0000000000000023       0x24 c:/alteraquartus/nios2eds/bin/gnu/h-x86_64-mingw32/bin/../lib/gcc/nios2-elf/5.3.0\libgcc.a(_clz.o)
 .comment       0x0000000000000023       0x24 c:/alteraquartus/nios2eds/bin/gnu/h-x86_64-mingw32/bin/../lib/gcc/nios2-elf/5.3.0/../../../../../H-x86_64-mingw32/nios2-elf/lib\libsmallc.a(lib_a-printf.o)
 .comment       0x0000000000000023       0x24 c:/alteraquartus/nios2eds/bin/gnu/h-x86_64-mingw32/bin/../lib/gcc/nios2-elf/5.3.0/../../../../../H-x86_64-mingw32/nios2-elf/lib\libsmallc.a(lib_a-vfprintf.o)
 .comment       0x0000000000000023       0x24 c:/alteraquartus/nios2eds/bin/gnu/h-x86_64-mingw32/bin/../lib/gcc/nios2-elf/5.3.0/../../../../../H-x86_64-mingw32/nios2-elf/lib\libsmallc.a(lib_a-fvwrite_small_dev.o)
 .comment       0x0000000000000023       0x24 c:/alteraquartus/nios2eds/bin/gnu/h-x86_64-mingw32/bin/../lib/gcc/nios2-elf/5.3.0/../../../../../H-x86_64-mingw32/nios2-elf/lib\libsmallc.a(lib_a-impure.o)
 .comment       0x0000000000000023       0x24 c:/alteraquartus/nios2eds/bin/gnu/h-x86_64-mingw32/bin/../lib/gcc/nios2-elf/5.3.0/../../../../../H-x86_64-mingw32/nios2-elf/lib\libsmallc.a(lib_a-strlen.o)
 .comment       0x0000000000000023       0x24 c:/alteraquartus/nios2eds/bin/gnu/h-x86_64-mingw32/bin/../lib/gcc/nios2-elf/5.3.0/../../../../../H-x86_64-mingw32/nios2-elf/lib\libsmallc.a(lib_a-writer.o)
 .comment       0x0000000000000023       0x24 c:/alteraquartus/nios2eds/bin/gnu/h-x86_64-mingw32/bin/../lib/gcc/nios2-elf/5.3.0/../../../../../H-x86_64-mingw32/nios2-elf/lib\libsmallc.a(lib_a-int_errno.o)
 .comment       0x0000000000000023       0x24 c:/alteraquartus/nios2eds/bin/gnu/h-x86_64-mingw32/bin/../lib/gcc/nios2-elf/5.3.0\libgcc.a(lib2-divmod.o)
 .comment       0x0000000000000023       0x24 ../ultrasonic_theremin_bsp/\libhal_bsp.a(alt_load.o)
 .comment       0x0000000000000023       0x24 ../ultrasonic_theremin_bsp/\libhal_bsp.a(alt_main.o)
 .comment       0x0000000000000023       0x24 ../ultrasonic_theremin_bsp/\libhal_bsp.a(alt_write.o)
 .comment       0x0000000000000023       0x24 ../ultrasonic_theremin_bsp/\libhal_bsp.a(alt_sys_init.o)
 .comment       0x0000000000000023       0x24 ../ultrasonic_theremin_bsp/\libhal_bsp.a(altera_avalon_jtag_uart_fd.o)
 .comment       0x0000000000000023       0x24 ../ultrasonic_theremin_bsp/\libhal_bsp.a(altera_avalon_jtag_uart_read.o)
 .comment       0x0000000000000023       0x24 ../ultrasonic_theremin_bsp/\libhal_bsp.a(altera_avalon_jtag_uart_write.o)
 .comment       0x0000000000000023       0x24 ../ultrasonic_theremin_bsp/\libhal_bsp.a(altera_avalon_timer_sc.o)
 .comment       0x0000000000000023       0x24 ../ultrasonic_theremin_bsp/\libhal_bsp.a(alt_close.o)
 .comment       0x0000000000000023       0x24 ../ultrasonic_theremin_bsp/\libhal_bsp.a(alt_dcache_flush_all.o)
 .comment       0x0000000000000023       0x24 ../ultrasonic_theremin_bsp/\libhal_bsp.a(alt_dev.o)
 .comment       0x0000000000000023       0x24 ../ultrasonic_theremin_bsp/\libhal_bsp.a(alt_dev_llist_insert.o)
 .comment       0x0000000000000023       0x24 ../ultrasonic_theremin_bsp/\libhal_bsp.a(alt_do_ctors.o)
 .comment       0x0000000000000023       0x24 ../ultrasonic_theremin_bsp/\libhal_bsp.a(alt_do_dtors.o)
 .comment       0x0000000000000023       0x24 ../ultrasonic_theremin_bsp/\libhal_bsp.a(alt_errno.o)
 .comment       0x0000000000000023       0x24 ../ultrasonic_theremin_bsp/\libhal_bsp.a(alt_icache_flush_all.o)
 .comment       0x0000000000000023       0x24 ../ultrasonic_theremin_bsp/\libhal_bsp.a(alt_iic.o)
 .comment       0x0000000000000023       0x24 ../ultrasonic_theremin_bsp/\libhal_bsp.a(alt_iic_isr_register.o)
 .comment       0x0000000000000023       0x24 ../ultrasonic_theremin_bsp/\libhal_bsp.a(alt_io_redirect.o)
 .comment       0x0000000000000023       0x24 ../ultrasonic_theremin_bsp/\libhal_bsp.a(alt_irq_handler.o)
 .comment       0x0000000000000023       0x24 ../ultrasonic_theremin_bsp/\libhal_bsp.a(alt_irq_vars.o)
 .comment       0x0000000000000023       0x24 ../ultrasonic_theremin_bsp/\libhal_bsp.a(alt_open.o)
 .comment       0x0000000000000023       0x24 ../ultrasonic_theremin_bsp/\libhal_bsp.a(alt_release_fd.o)
 .comment       0x0000000000000023       0x24 ../ultrasonic_theremin_bsp/\libhal_bsp.a(alt_tick.o)
 .comment       0x0000000000000023       0x24 ../ultrasonic_theremin_bsp/\libhal_bsp.a(altera_nios2_gen2_irq.o)
 .comment       0x0000000000000023       0x24 ../ultrasonic_theremin_bsp/\libhal_bsp.a(alt_find_dev.o)
 .comment       0x0000000000000023       0x24 ../ultrasonic_theremin_bsp/\libhal_bsp.a(alt_find_file.o)
 .comment       0x0000000000000023       0x24 ../ultrasonic_theremin_bsp/\libhal_bsp.a(alt_get_fd.o)
 .comment       0x0000000000000023       0x24 ../ultrasonic_theremin_bsp/\libhal_bsp.a(alt_icache_flush.o)
 .comment       0x0000000000000023       0x24 ../ultrasonic_theremin_bsp/\libhal_bsp.a(alt_instruction_exception_entry.o)
 .comment       0x0000000000000023       0x24 c:/alteraquartus/nios2eds/bin/gnu/h-x86_64-mingw32/bin/../lib/gcc/nios2-elf/5.3.0/../../../../../H-x86_64-mingw32/nios2-elf/lib\libsmallc.a(lib_a-atexit.o)
 .comment       0x0000000000000023       0x24 c:/alteraquartus/nios2eds/bin/gnu/h-x86_64-mingw32/bin/../lib/gcc/nios2-elf/5.3.0/../../../../../H-x86_64-mingw32/nios2-elf/lib\libsmallc.a(lib_a-exit.o)
 .comment       0x0000000000000023       0x24 c:/alteraquartus/nios2eds/bin/gnu/h-x86_64-mingw32/bin/../lib/gcc/nios2-elf/5.3.0/../../../../../H-x86_64-mingw32/nios2-elf/lib\libsmallc.a(lib_a-memcmp.o)
 .comment       0x0000000000000023       0x24 c:/alteraquartus/nios2eds/bin/gnu/h-x86_64-mingw32/bin/../lib/gcc/nios2-elf/5.3.0/../../../../../H-x86_64-mingw32/nios2-elf/lib\libsmallc.a(lib_a-__atexit.o)
 .comment       0x0000000000000023       0x24 c:/alteraquartus/nios2eds/bin/gnu/h-x86_64-mingw32/bin/../lib/gcc/nios2-elf/5.3.0/../../../../../H-x86_64-mingw32/nios2-elf/lib\libsmallc.a(lib_a-__call_atexit.o)
 .comment       0x0000000000000023       0x24 ../ultrasonic_theremin_bsp/\libhal_bsp.a(alt_exit.o)

.debug
 *(.debug)

.line
 *(.line)

.debug_srcinfo
 *(.debug_srcinfo)

.debug_sfnames
 *(.debug_sfnames)

.debug_aranges  0x0000000000000000      0x708
 *(.debug_aranges)
 .debug_aranges
                0x0000000000000000       0x28 ../ultrasonic_theremin_bsp//obj/HAL/src/crt0.o
 .debug_aranges
                0x0000000000000028       0x20 obj/default/dev_ultrasound.o
 .debug_aranges
                0x0000000000000048       0x20 c:/alteraquartus/nios2eds/bin/gnu/h-x86_64-mingw32/bin/../lib/gcc/nios2-elf/5.3.0\libgcc.a(divsf3.o)
 .debug_aranges
                0x0000000000000068       0x20 c:/alteraquartus/nios2eds/bin/gnu/h-x86_64-mingw32/bin/../lib/gcc/nios2-elf/5.3.0\libgcc.a(fixsfsi.o)
 .debug_aranges
                0x0000000000000088       0x20 c:/alteraquartus/nios2eds/bin/gnu/h-x86_64-mingw32/bin/../lib/gcc/nios2-elf/5.3.0\libgcc.a(muldf3.o)
 .debug_aranges
                0x00000000000000a8       0x20 c:/alteraquartus/nios2eds/bin/gnu/h-x86_64-mingw32/bin/../lib/gcc/nios2-elf/5.3.0\libgcc.a(floatunsidf.o)
 .debug_aranges
                0x00000000000000c8       0x20 c:/alteraquartus/nios2eds/bin/gnu/h-x86_64-mingw32/bin/../lib/gcc/nios2-elf/5.3.0\libgcc.a(truncdfsf2.o)
 .debug_aranges
                0x00000000000000e8       0x20 c:/alteraquartus/nios2eds/bin/gnu/h-x86_64-mingw32/bin/../lib/gcc/nios2-elf/5.3.0\libgcc.a(_clzsi2.o)
 .debug_aranges
                0x0000000000000108       0x18 c:/alteraquartus/nios2eds/bin/gnu/h-x86_64-mingw32/bin/../lib/gcc/nios2-elf/5.3.0\libgcc.a(_clz.o)
 .debug_aranges
                0x0000000000000120       0x28 c:/alteraquartus/nios2eds/bin/gnu/h-x86_64-mingw32/bin/../lib/gcc/nios2-elf/5.3.0/../../../../../H-x86_64-mingw32/nios2-elf/lib\libsmallc.a(lib_a-printf.o)
 .debug_aranges
                0x0000000000000148       0x30 c:/alteraquartus/nios2eds/bin/gnu/h-x86_64-mingw32/bin/../lib/gcc/nios2-elf/5.3.0/../../../../../H-x86_64-mingw32/nios2-elf/lib\libsmallc.a(lib_a-vfprintf.o)
 .debug_aranges
                0x0000000000000178       0x20 c:/alteraquartus/nios2eds/bin/gnu/h-x86_64-mingw32/bin/../lib/gcc/nios2-elf/5.3.0/../../../../../H-x86_64-mingw32/nios2-elf/lib\libsmallc.a(lib_a-fvwrite_small_dev.o)
 .debug_aranges
                0x0000000000000198       0x18 c:/alteraquartus/nios2eds/bin/gnu/h-x86_64-mingw32/bin/../lib/gcc/nios2-elf/5.3.0/../../../../../H-x86_64-mingw32/nios2-elf/lib\libsmallc.a(lib_a-impure.o)
 .debug_aranges
                0x00000000000001b0       0x20 c:/alteraquartus/nios2eds/bin/gnu/h-x86_64-mingw32/bin/../lib/gcc/nios2-elf/5.3.0/../../../../../H-x86_64-mingw32/nios2-elf/lib\libsmallc.a(lib_a-strlen.o)
 .debug_aranges
                0x00000000000001d0       0x20 c:/alteraquartus/nios2eds/bin/gnu/h-x86_64-mingw32/bin/../lib/gcc/nios2-elf/5.3.0/../../../../../H-x86_64-mingw32/nios2-elf/lib\libsmallc.a(lib_a-writer.o)
 .debug_aranges
                0x00000000000001f0       0x18 c:/alteraquartus/nios2eds/bin/gnu/h-x86_64-mingw32/bin/../lib/gcc/nios2-elf/5.3.0/../../../../../H-x86_64-mingw32/nios2-elf/lib\libsmallc.a(lib_a-int_errno.o)
 .debug_aranges
                0x0000000000000208       0x20 c:/alteraquartus/nios2eds/bin/gnu/h-x86_64-mingw32/bin/../lib/gcc/nios2-elf/5.3.0\libgcc.a(lib2-divmod.o)
 .debug_aranges
                0x0000000000000228       0x20 ../ultrasonic_theremin_bsp/\libhal_bsp.a(alt_load.o)
 .debug_aranges
                0x0000000000000248       0x20 ../ultrasonic_theremin_bsp/\libhal_bsp.a(alt_main.o)
 .debug_aranges
                0x0000000000000268       0x20 ../ultrasonic_theremin_bsp/\libhal_bsp.a(alt_write.o)
 .debug_aranges
                0x0000000000000288       0x20 ../ultrasonic_theremin_bsp/\libhal_bsp.a(alt_sys_init.o)
 .debug_aranges
                0x00000000000002a8       0x20 ../ultrasonic_theremin_bsp/\libhal_bsp.a(altera_avalon_jtag_uart_fd.o)
 .debug_aranges
                0x00000000000002c8       0x20 ../ultrasonic_theremin_bsp/\libhal_bsp.a(altera_avalon_jtag_uart_read.o)
 .debug_aranges
                0x00000000000002e8       0x20 ../ultrasonic_theremin_bsp/\libhal_bsp.a(altera_avalon_jtag_uart_write.o)
 .debug_aranges
                0x0000000000000308       0x20 ../ultrasonic_theremin_bsp/\libhal_bsp.a(altera_avalon_timer_sc.o)
 .debug_aranges
                0x0000000000000328       0x20 ../ultrasonic_theremin_bsp/\libhal_bsp.a(alt_close.o)
 .debug_aranges
                0x0000000000000348       0x20 ../ultrasonic_theremin_bsp/\libhal_bsp.a(alt_dcache_flush_all.o)
 .debug_aranges
                0x0000000000000368       0x20 ../ultrasonic_theremin_bsp/\libhal_bsp.a(alt_dev.o)
 .debug_aranges
                0x0000000000000388       0x20 ../ultrasonic_theremin_bsp/\libhal_bsp.a(alt_dev_llist_insert.o)
 .debug_aranges
                0x00000000000003a8       0x20 ../ultrasonic_theremin_bsp/\libhal_bsp.a(alt_do_ctors.o)
 .debug_aranges
                0x00000000000003c8       0x20 ../ultrasonic_theremin_bsp/\libhal_bsp.a(alt_do_dtors.o)
 .debug_aranges
                0x00000000000003e8       0x18 ../ultrasonic_theremin_bsp/\libhal_bsp.a(alt_errno.o)
 .debug_aranges
                0x0000000000000400       0x20 ../ultrasonic_theremin_bsp/\libhal_bsp.a(alt_icache_flush_all.o)
 .debug_aranges
                0x0000000000000420       0x20 ../ultrasonic_theremin_bsp/\libhal_bsp.a(alt_iic.o)
 .debug_aranges
                0x0000000000000440       0x20 ../ultrasonic_theremin_bsp/\libhal_bsp.a(alt_iic_isr_register.o)
 .debug_aranges
                0x0000000000000460       0x20 ../ultrasonic_theremin_bsp/\libhal_bsp.a(alt_io_redirect.o)
 .debug_aranges
                0x0000000000000480       0x30 ../ultrasonic_theremin_bsp/\libhal_bsp.a(alt_irq_entry.o)
 .debug_aranges
                0x00000000000004b0       0x20 ../ultrasonic_theremin_bsp/\libhal_bsp.a(alt_irq_handler.o)
 .debug_aranges
                0x00000000000004d0       0x18 ../ultrasonic_theremin_bsp/\libhal_bsp.a(alt_irq_vars.o)
 .debug_aranges
                0x00000000000004e8       0x20 ../ultrasonic_theremin_bsp/\libhal_bsp.a(alt_open.o)
 .debug_aranges
                0x0000000000000508       0x20 ../ultrasonic_theremin_bsp/\libhal_bsp.a(alt_release_fd.o)
 .debug_aranges
                0x0000000000000528       0x20 ../ultrasonic_theremin_bsp/\libhal_bsp.a(alt_tick.o)
 .debug_aranges
                0x0000000000000548       0x20 ../ultrasonic_theremin_bsp/\libhal_bsp.a(altera_nios2_gen2_irq.o)
 .debug_aranges
                0x0000000000000568       0x38 ../ultrasonic_theremin_bsp/\libhal_bsp.a(alt_exception_entry.o)
 .debug_aranges
                0x00000000000005a0       0x20 ../ultrasonic_theremin_bsp/\libhal_bsp.a(alt_find_dev.o)
 .debug_aranges
                0x00000000000005c0       0x20 ../ultrasonic_theremin_bsp/\libhal_bsp.a(alt_find_file.o)
 .debug_aranges
                0x00000000000005e0       0x20 ../ultrasonic_theremin_bsp/\libhal_bsp.a(alt_get_fd.o)
 .debug_aranges
                0x0000000000000600       0x20 ../ultrasonic_theremin_bsp/\libhal_bsp.a(alt_icache_flush.o)
 .debug_aranges
                0x0000000000000620       0x28 ../ultrasonic_theremin_bsp/\libhal_bsp.a(alt_instruction_exception_entry.o)
 .debug_aranges
                0x0000000000000648       0x20 c:/alteraquartus/nios2eds/bin/gnu/h-x86_64-mingw32/bin/../lib/gcc/nios2-elf/5.3.0/../../../../../H-x86_64-mingw32/nios2-elf/lib\libsmallc.a(lib_a-atexit.o)
 .debug_aranges
                0x0000000000000668       0x20 c:/alteraquartus/nios2eds/bin/gnu/h-x86_64-mingw32/bin/../lib/gcc/nios2-elf/5.3.0/../../../../../H-x86_64-mingw32/nios2-elf/lib\libsmallc.a(lib_a-exit.o)
 .debug_aranges
                0x0000000000000688       0x20 c:/alteraquartus/nios2eds/bin/gnu/h-x86_64-mingw32/bin/../lib/gcc/nios2-elf/5.3.0/../../../../../H-x86_64-mingw32/nios2-elf/lib\libsmallc.a(lib_a-memcmp.o)
 .debug_aranges
                0x00000000000006a8       0x20 c:/alteraquartus/nios2eds/bin/gnu/h-x86_64-mingw32/bin/../lib/gcc/nios2-elf/5.3.0/../../../../../H-x86_64-mingw32/nios2-elf/lib\libsmallc.a(lib_a-__atexit.o)
 .debug_aranges
                0x00000000000006c8       0x20 c:/alteraquartus/nios2eds/bin/gnu/h-x86_64-mingw32/bin/../lib/gcc/nios2-elf/5.3.0/../../../../../H-x86_64-mingw32/nios2-elf/lib\libsmallc.a(lib_a-__call_atexit.o)
 .debug_aranges
                0x00000000000006e8       0x20 ../ultrasonic_theremin_bsp/\libhal_bsp.a(alt_exit.o)

.debug_pubnames
 *(.debug_pubnames)

.debug_info     0x0000000000000000     0x8ca7
 *(.debug_info .gnu.linkonce.wi.*)
 .debug_info    0x0000000000000000       0x7a ../ultrasonic_theremin_bsp//obj/HAL/src/crt0.o
 .debug_info    0x000000000000007a      0x11f obj/default/dev_ultrasound.o
 .debug_info    0x0000000000000199      0x2b7 c:/alteraquartus/nios2eds/bin/gnu/h-x86_64-mingw32/bin/../lib/gcc/nios2-elf/5.3.0\libgcc.a(divsf3.o)
 .debug_info    0x0000000000000450      0x18b c:/alteraquartus/nios2eds/bin/gnu/h-x86_64-mingw32/bin/../lib/gcc/nios2-elf/5.3.0\libgcc.a(fixsfsi.o)
 .debug_info    0x00000000000005db      0x5f5 c:/alteraquartus/nios2eds/bin/gnu/h-x86_64-mingw32/bin/../lib/gcc/nios2-elf/5.3.0\libgcc.a(muldf3.o)
 .debug_info    0x0000000000000bd0      0x1b0 c:/alteraquartus/nios2eds/bin/gnu/h-x86_64-mingw32/bin/../lib/gcc/nios2-elf/5.3.0\libgcc.a(floatunsidf.o)
 .debug_info    0x0000000000000d80      0x248 c:/alteraquartus/nios2eds/bin/gnu/h-x86_64-mingw32/bin/../lib/gcc/nios2-elf/5.3.0\libgcc.a(truncdfsf2.o)
 .debug_info    0x0000000000000fc8      0x124 c:/alteraquartus/nios2eds/bin/gnu/h-x86_64-mingw32/bin/../lib/gcc/nios2-elf/5.3.0\libgcc.a(_clzsi2.o)
 .debug_info    0x00000000000010ec       0xb2 c:/alteraquartus/nios2eds/bin/gnu/h-x86_64-mingw32/bin/../lib/gcc/nios2-elf/5.3.0\libgcc.a(_clz.o)
 .debug_info    0x000000000000119e      0x699 c:/alteraquartus/nios2eds/bin/gnu/h-x86_64-mingw32/bin/../lib/gcc/nios2-elf/5.3.0/../../../../../H-x86_64-mingw32/nios2-elf/lib\libsmallc.a(lib_a-printf.o)
 .debug_info    0x0000000000001837      0xb2b c:/alteraquartus/nios2eds/bin/gnu/h-x86_64-mingw32/bin/../lib/gcc/nios2-elf/5.3.0/../../../../../H-x86_64-mingw32/nios2-elf/lib\libsmallc.a(lib_a-vfprintf.o)
 .debug_info    0x0000000000002362      0x62b c:/alteraquartus/nios2eds/bin/gnu/h-x86_64-mingw32/bin/../lib/gcc/nios2-elf/5.3.0/../../../../../H-x86_64-mingw32/nios2-elf/lib\libsmallc.a(lib_a-fvwrite_small_dev.o)
 .debug_info    0x000000000000298d      0x5a9 c:/alteraquartus/nios2eds/bin/gnu/h-x86_64-mingw32/bin/../lib/gcc/nios2-elf/5.3.0/../../../../../H-x86_64-mingw32/nios2-elf/lib\libsmallc.a(lib_a-impure.o)
 .debug_info    0x0000000000002f36       0xc9 c:/alteraquartus/nios2eds/bin/gnu/h-x86_64-mingw32/bin/../lib/gcc/nios2-elf/5.3.0/../../../../../H-x86_64-mingw32/nios2-elf/lib\libsmallc.a(lib_a-strlen.o)
 .debug_info    0x0000000000002fff      0x630 c:/alteraquartus/nios2eds/bin/gnu/h-x86_64-mingw32/bin/../lib/gcc/nios2-elf/5.3.0/../../../../../H-x86_64-mingw32/nios2-elf/lib\libsmallc.a(lib_a-writer.o)
 .debug_info    0x000000000000362f       0x8a c:/alteraquartus/nios2eds/bin/gnu/h-x86_64-mingw32/bin/../lib/gcc/nios2-elf/5.3.0/../../../../../H-x86_64-mingw32/nios2-elf/lib\libsmallc.a(lib_a-int_errno.o)
 .debug_info    0x00000000000036b9      0x2c6 c:/alteraquartus/nios2eds/bin/gnu/h-x86_64-mingw32/bin/../lib/gcc/nios2-elf/5.3.0\libgcc.a(lib2-divmod.o)
 .debug_info    0x000000000000397f      0x145 ../ultrasonic_theremin_bsp/\libhal_bsp.a(alt_load.o)
 .debug_info    0x0000000000003ac4      0x131 ../ultrasonic_theremin_bsp/\libhal_bsp.a(alt_main.o)
 .debug_info    0x0000000000003bf5      0x4b7 ../ultrasonic_theremin_bsp/\libhal_bsp.a(alt_write.o)
 .debug_info    0x00000000000040ac      0x3df ../ultrasonic_theremin_bsp/\libhal_bsp.a(alt_sys_init.o)
 .debug_info    0x000000000000448b      0x3a7 ../ultrasonic_theremin_bsp/\libhal_bsp.a(altera_avalon_jtag_uart_fd.o)
 .debug_info    0x0000000000004832      0x1b2 ../ultrasonic_theremin_bsp/\libhal_bsp.a(altera_avalon_jtag_uart_read.o)
 .debug_info    0x00000000000049e4      0x195 ../ultrasonic_theremin_bsp/\libhal_bsp.a(altera_avalon_jtag_uart_write.o)
 .debug_info    0x0000000000004b79      0x226 ../ultrasonic_theremin_bsp/\libhal_bsp.a(altera_avalon_timer_sc.o)
 .debug_info    0x0000000000004d9f      0x321 ../ultrasonic_theremin_bsp/\libhal_bsp.a(alt_close.o)
 .debug_info    0x00000000000050c0       0xa5 ../ultrasonic_theremin_bsp/\libhal_bsp.a(alt_dcache_flush_all.o)
 .debug_info    0x0000000000005165      0x49c ../ultrasonic_theremin_bsp/\libhal_bsp.a(alt_dev.o)
 .debug_info    0x0000000000005601      0x1a9 ../ultrasonic_theremin_bsp/\libhal_bsp.a(alt_dev_llist_insert.o)
 .debug_info    0x00000000000057aa       0x83 ../ultrasonic_theremin_bsp/\libhal_bsp.a(alt_do_ctors.o)
 .debug_info    0x000000000000582d       0x83 ../ultrasonic_theremin_bsp/\libhal_bsp.a(alt_do_dtors.o)
 .debug_info    0x00000000000058b0       0xa6 ../ultrasonic_theremin_bsp/\libhal_bsp.a(alt_errno.o)
 .debug_info    0x0000000000005956       0x92 ../ultrasonic_theremin_bsp/\libhal_bsp.a(alt_icache_flush_all.o)
 .debug_info    0x00000000000059e8      0x350 ../ultrasonic_theremin_bsp/\libhal_bsp.a(alt_iic.o)
 .debug_info    0x0000000000005d38      0x1ef ../ultrasonic_theremin_bsp/\libhal_bsp.a(alt_iic_isr_register.o)
 .debug_info    0x0000000000005f27      0x4a5 ../ultrasonic_theremin_bsp/\libhal_bsp.a(alt_io_redirect.o)
 .debug_info    0x00000000000063cc       0x83 ../ultrasonic_theremin_bsp/\libhal_bsp.a(alt_irq_entry.o)
 .debug_info    0x000000000000644f      0x187 ../ultrasonic_theremin_bsp/\libhal_bsp.a(alt_irq_handler.o)
 .debug_info    0x00000000000065d6       0x88 ../ultrasonic_theremin_bsp/\libhal_bsp.a(alt_irq_vars.o)
 .debug_info    0x000000000000665e      0x3bb ../ultrasonic_theremin_bsp/\libhal_bsp.a(alt_open.o)
 .debug_info    0x0000000000006a19      0x2b0 ../ultrasonic_theremin_bsp/\libhal_bsp.a(alt_release_fd.o)
 .debug_info    0x0000000000006cc9      0x299 ../ultrasonic_theremin_bsp/\libhal_bsp.a(alt_tick.o)
 .debug_info    0x0000000000006f62       0x92 ../ultrasonic_theremin_bsp/\libhal_bsp.a(altera_nios2_gen2_irq.o)
 .debug_info    0x0000000000006ff4       0x89 ../ultrasonic_theremin_bsp/\libhal_bsp.a(alt_exception_entry.o)
 .debug_info    0x000000000000707d      0x2e9 ../ultrasonic_theremin_bsp/\libhal_bsp.a(alt_find_dev.o)
 .debug_info    0x0000000000007366      0x2e6 ../ultrasonic_theremin_bsp/\libhal_bsp.a(alt_find_file.o)
 .debug_info    0x000000000000764c      0x310 ../ultrasonic_theremin_bsp/\libhal_bsp.a(alt_get_fd.o)
 .debug_info    0x000000000000795c       0xdc ../ultrasonic_theremin_bsp/\libhal_bsp.a(alt_icache_flush.o)
 .debug_info    0x0000000000007a38      0x1e7 ../ultrasonic_theremin_bsp/\libhal_bsp.a(alt_instruction_exception_entry.o)
 .debug_info    0x0000000000007c1f       0xfe c:/alteraquartus/nios2eds/bin/gnu/h-x86_64-mingw32/bin/../lib/gcc/nios2-elf/5.3.0/../../../../../H-x86_64-mingw32/nios2-elf/lib\libsmallc.a(lib_a-atexit.o)
 .debug_info    0x0000000000007d1d       0xe5 c:/alteraquartus/nios2eds/bin/gnu/h-x86_64-mingw32/bin/../lib/gcc/nios2-elf/5.3.0/../../../../../H-x86_64-mingw32/nios2-elf/lib\libsmallc.a(lib_a-exit.o)
 .debug_info    0x0000000000007e02       0xf4 c:/alteraquartus/nios2eds/bin/gnu/h-x86_64-mingw32/bin/../lib/gcc/nios2-elf/5.3.0/../../../../../H-x86_64-mingw32/nios2-elf/lib\libsmallc.a(lib_a-memcmp.o)
 .debug_info    0x0000000000007ef6      0x64a c:/alteraquartus/nios2eds/bin/gnu/h-x86_64-mingw32/bin/../lib/gcc/nios2-elf/5.3.0/../../../../../H-x86_64-mingw32/nios2-elf/lib\libsmallc.a(lib_a-__atexit.o)
 .debug_info    0x0000000000008540      0x67b c:/alteraquartus/nios2eds/bin/gnu/h-x86_64-mingw32/bin/../lib/gcc/nios2-elf/5.3.0/../../../../../H-x86_64-mingw32/nios2-elf/lib\libsmallc.a(lib_a-__call_atexit.o)
 .debug_info    0x0000000000008bbb       0xec ../ultrasonic_theremin_bsp/\libhal_bsp.a(alt_exit.o)

.debug_abbrev   0x0000000000000000     0x32e2
 *(.debug_abbrev)
 .debug_abbrev  0x0000000000000000       0x12 ../ultrasonic_theremin_bsp//obj/HAL/src/crt0.o
 .debug_abbrev  0x0000000000000012       0x60 obj/default/dev_ultrasound.o
 .debug_abbrev  0x0000000000000072      0x120 c:/alteraquartus/nios2eds/bin/gnu/h-x86_64-mingw32/bin/../lib/gcc/nios2-elf/5.3.0\libgcc.a(divsf3.o)
 .debug_abbrev  0x0000000000000192      0x135 c:/alteraquartus/nios2eds/bin/gnu/h-x86_64-mingw32/bin/../lib/gcc/nios2-elf/5.3.0\libgcc.a(fixsfsi.o)
 .debug_abbrev  0x00000000000002c7      0x13f c:/alteraquartus/nios2eds/bin/gnu/h-x86_64-mingw32/bin/../lib/gcc/nios2-elf/5.3.0\libgcc.a(muldf3.o)
 .debug_abbrev  0x0000000000000406      0x124 c:/alteraquartus/nios2eds/bin/gnu/h-x86_64-mingw32/bin/../lib/gcc/nios2-elf/5.3.0\libgcc.a(floatunsidf.o)
 .debug_abbrev  0x000000000000052a      0x11b c:/alteraquartus/nios2eds/bin/gnu/h-x86_64-mingw32/bin/../lib/gcc/nios2-elf/5.3.0\libgcc.a(truncdfsf2.o)
 .debug_abbrev  0x0000000000000645       0xbe c:/alteraquartus/nios2eds/bin/gnu/h-x86_64-mingw32/bin/../lib/gcc/nios2-elf/5.3.0\libgcc.a(_clzsi2.o)
 .debug_abbrev  0x0000000000000703       0x5d c:/alteraquartus/nios2eds/bin/gnu/h-x86_64-mingw32/bin/../lib/gcc/nios2-elf/5.3.0\libgcc.a(_clz.o)
 .debug_abbrev  0x0000000000000760      0x1ee c:/alteraquartus/nios2eds/bin/gnu/h-x86_64-mingw32/bin/../lib/gcc/nios2-elf/5.3.0/../../../../../H-x86_64-mingw32/nios2-elf/lib\libsmallc.a(lib_a-printf.o)
 .debug_abbrev  0x000000000000094e      0x2a1 c:/alteraquartus/nios2eds/bin/gnu/h-x86_64-mingw32/bin/../lib/gcc/nios2-elf/5.3.0/../../../../../H-x86_64-mingw32/nios2-elf/lib\libsmallc.a(lib_a-vfprintf.o)
 .debug_abbrev  0x0000000000000bef      0x1bc c:/alteraquartus/nios2eds/bin/gnu/h-x86_64-mingw32/bin/../lib/gcc/nios2-elf/5.3.0/../../../../../H-x86_64-mingw32/nios2-elf/lib\libsmallc.a(lib_a-fvwrite_small_dev.o)
 .debug_abbrev  0x0000000000000dab      0x14a c:/alteraquartus/nios2eds/bin/gnu/h-x86_64-mingw32/bin/../lib/gcc/nios2-elf/5.3.0/../../../../../H-x86_64-mingw32/nios2-elf/lib\libsmallc.a(lib_a-impure.o)
 .debug_abbrev  0x0000000000000ef5       0x7f c:/alteraquartus/nios2eds/bin/gnu/h-x86_64-mingw32/bin/../lib/gcc/nios2-elf/5.3.0/../../../../../H-x86_64-mingw32/nios2-elf/lib\libsmallc.a(lib_a-strlen.o)
 .debug_abbrev  0x0000000000000f74      0x1a6 c:/alteraquartus/nios2eds/bin/gnu/h-x86_64-mingw32/bin/../lib/gcc/nios2-elf/5.3.0/../../../../../H-x86_64-mingw32/nios2-elf/lib\libsmallc.a(lib_a-writer.o)
 .debug_abbrev  0x000000000000111a       0x37 c:/alteraquartus/nios2eds/bin/gnu/h-x86_64-mingw32/bin/../lib/gcc/nios2-elf/5.3.0/../../../../../H-x86_64-mingw32/nios2-elf/lib\libsmallc.a(lib_a-int_errno.o)
 .debug_abbrev  0x0000000000001151      0x10e c:/alteraquartus/nios2eds/bin/gnu/h-x86_64-mingw32/bin/../lib/gcc/nios2-elf/5.3.0\libgcc.a(lib2-divmod.o)
 .debug_abbrev  0x000000000000125f       0x9f ../ultrasonic_theremin_bsp/\libhal_bsp.a(alt_load.o)
 .debug_abbrev  0x00000000000012fe       0xba ../ultrasonic_theremin_bsp/\libhal_bsp.a(alt_main.o)
 .debug_abbrev  0x00000000000013b8      0x133 ../ultrasonic_theremin_bsp/\libhal_bsp.a(alt_write.o)
 .debug_abbrev  0x00000000000014eb      0x157 ../ultrasonic_theremin_bsp/\libhal_bsp.a(alt_sys_init.o)
 .debug_abbrev  0x0000000000001642       0xf7 ../ultrasonic_theremin_bsp/\libhal_bsp.a(altera_avalon_jtag_uart_fd.o)
 .debug_abbrev  0x0000000000001739       0xd5 ../ultrasonic_theremin_bsp/\libhal_bsp.a(altera_avalon_jtag_uart_read.o)
 .debug_abbrev  0x000000000000180e       0xd5 ../ultrasonic_theremin_bsp/\libhal_bsp.a(altera_avalon_jtag_uart_write.o)
 .debug_abbrev  0x00000000000018e3      0x155 ../ultrasonic_theremin_bsp/\libhal_bsp.a(altera_avalon_timer_sc.o)
 .debug_abbrev  0x0000000000001a38      0x11f ../ultrasonic_theremin_bsp/\libhal_bsp.a(alt_close.o)
 .debug_abbrev  0x0000000000001b57       0x5a ../ultrasonic_theremin_bsp/\libhal_bsp.a(alt_dcache_flush_all.o)
 .debug_abbrev  0x0000000000001bb1       0xd9 ../ultrasonic_theremin_bsp/\libhal_bsp.a(alt_dev.o)
 .debug_abbrev  0x0000000000001c8a      0x114 ../ultrasonic_theremin_bsp/\libhal_bsp.a(alt_dev_llist_insert.o)
 .debug_abbrev  0x0000000000001d9e       0x79 ../ultrasonic_theremin_bsp/\libhal_bsp.a(alt_do_ctors.o)
 .debug_abbrev  0x0000000000001e17       0x79 ../ultrasonic_theremin_bsp/\libhal_bsp.a(alt_do_dtors.o)
 .debug_abbrev  0x0000000000001e90       0x5a ../ultrasonic_theremin_bsp/\libhal_bsp.a(alt_errno.o)
 .debug_abbrev  0x0000000000001eea       0x42 ../ultrasonic_theremin_bsp/\libhal_bsp.a(alt_icache_flush_all.o)
 .debug_abbrev  0x0000000000001f2c      0x163 ../ultrasonic_theremin_bsp/\libhal_bsp.a(alt_iic.o)
 .debug_abbrev  0x000000000000208f      0x169 ../ultrasonic_theremin_bsp/\libhal_bsp.a(alt_iic_isr_register.o)
 .debug_abbrev  0x00000000000021f8      0x114 ../ultrasonic_theremin_bsp/\libhal_bsp.a(alt_io_redirect.o)
 .debug_abbrev  0x000000000000230c       0x12 ../ultrasonic_theremin_bsp/\libhal_bsp.a(alt_irq_entry.o)
 .debug_abbrev  0x000000000000231e      0x122 ../ultrasonic_theremin_bsp/\libhal_bsp.a(alt_irq_handler.o)
 .debug_abbrev  0x0000000000002440       0x40 ../ultrasonic_theremin_bsp/\libhal_bsp.a(alt_irq_vars.o)
 .debug_abbrev  0x0000000000002480      0x148 ../ultrasonic_theremin_bsp/\libhal_bsp.a(alt_open.o)
 .debug_abbrev  0x00000000000025c8       0xde ../ultrasonic_theremin_bsp/\libhal_bsp.a(alt_release_fd.o)
 .debug_abbrev  0x00000000000026a6      0x15a ../ultrasonic_theremin_bsp/\libhal_bsp.a(alt_tick.o)
 .debug_abbrev  0x0000000000002800       0x42 ../ultrasonic_theremin_bsp/\libhal_bsp.a(altera_nios2_gen2_irq.o)
 .debug_abbrev  0x0000000000002842       0x12 ../ultrasonic_theremin_bsp/\libhal_bsp.a(alt_exception_entry.o)
 .debug_abbrev  0x0000000000002854       0xf0 ../ultrasonic_theremin_bsp/\libhal_bsp.a(alt_find_dev.o)
 .debug_abbrev  0x0000000000002944       0xf0 ../ultrasonic_theremin_bsp/\libhal_bsp.a(alt_find_file.o)
 .debug_abbrev  0x0000000000002a34      0x10d ../ultrasonic_theremin_bsp/\libhal_bsp.a(alt_get_fd.o)
 .debug_abbrev  0x0000000000002b41       0x8c ../ultrasonic_theremin_bsp/\libhal_bsp.a(alt_icache_flush.o)
 .debug_abbrev  0x0000000000002bcd       0xdc ../ultrasonic_theremin_bsp/\libhal_bsp.a(alt_instruction_exception_entry.o)
 .debug_abbrev  0x0000000000002ca9       0xaa c:/alteraquartus/nios2eds/bin/gnu/h-x86_64-mingw32/bin/../lib/gcc/nios2-elf/5.3.0/../../../../../H-x86_64-mingw32/nios2-elf/lib\libsmallc.a(lib_a-atexit.o)
 .debug_abbrev  0x0000000000002d53       0x8b c:/alteraquartus/nios2eds/bin/gnu/h-x86_64-mingw32/bin/../lib/gcc/nios2-elf/5.3.0/../../../../../H-x86_64-mingw32/nios2-elf/lib\libsmallc.a(lib_a-exit.o)
 .debug_abbrev  0x0000000000002dde       0x7f c:/alteraquartus/nios2eds/bin/gnu/h-x86_64-mingw32/bin/../lib/gcc/nios2-elf/5.3.0/../../../../../H-x86_64-mingw32/nios2-elf/lib\libsmallc.a(lib_a-memcmp.o)
 .debug_abbrev  0x0000000000002e5d      0x1e6 c:/alteraquartus/nios2eds/bin/gnu/h-x86_64-mingw32/bin/../lib/gcc/nios2-elf/5.3.0/../../../../../H-x86_64-mingw32/nios2-elf/lib\libsmallc.a(lib_a-__atexit.o)
 .debug_abbrev  0x0000000000003043      0x1f6 c:/alteraquartus/nios2eds/bin/gnu/h-x86_64-mingw32/bin/../lib/gcc/nios2-elf/5.3.0/../../../../../H-x86_64-mingw32/nios2-elf/lib\libsmallc.a(lib_a-__call_atexit.o)
 .debug_abbrev  0x0000000000003239       0xa9 ../ultrasonic_theremin_bsp/\libhal_bsp.a(alt_exit.o)

.debug_line     0x0000000000000000     0x368e
 *(.debug_line)
 .debug_line    0x0000000000000000       0x72 ../ultrasonic_theremin_bsp//obj/HAL/src/crt0.o
 .debug_line    0x0000000000000072      0x158 obj/default/dev_ultrasound.o
 .debug_line    0x00000000000001ca      0x169 c:/alteraquartus/nios2eds/bin/gnu/h-x86_64-mingw32/bin/../lib/gcc/nios2-elf/5.3.0\libgcc.a(divsf3.o)
 .debug_line    0x0000000000000333       0x97 c:/alteraquartus/nios2eds/bin/gnu/h-x86_64-mingw32/bin/../lib/gcc/nios2-elf/5.3.0\libgcc.a(fixsfsi.o)
 .debug_line    0x00000000000003ca      0x1e3 c:/alteraquartus/nios2eds/bin/gnu/h-x86_64-mingw32/bin/../lib/gcc/nios2-elf/5.3.0\libgcc.a(muldf3.o)
 .debug_line    0x00000000000005ad       0x92 c:/alteraquartus/nios2eds/bin/gnu/h-x86_64-mingw32/bin/../lib/gcc/nios2-elf/5.3.0\libgcc.a(floatunsidf.o)
 .debug_line    0x000000000000063f       0xf7 c:/alteraquartus/nios2eds/bin/gnu/h-x86_64-mingw32/bin/../lib/gcc/nios2-elf/5.3.0\libgcc.a(truncdfsf2.o)
 .debug_line    0x0000000000000736       0xb7 c:/alteraquartus/nios2eds/bin/gnu/h-x86_64-mingw32/bin/../lib/gcc/nios2-elf/5.3.0\libgcc.a(_clzsi2.o)
 .debug_line    0x00000000000007ed       0x53 c:/alteraquartus/nios2eds/bin/gnu/h-x86_64-mingw32/bin/../lib/gcc/nios2-elf/5.3.0\libgcc.a(_clz.o)
 .debug_line    0x0000000000000840      0x200 c:/alteraquartus/nios2eds/bin/gnu/h-x86_64-mingw32/bin/../lib/gcc/nios2-elf/5.3.0/../../../../../H-x86_64-mingw32/nios2-elf/lib\libsmallc.a(lib_a-printf.o)
 .debug_line    0x0000000000000a40      0x34f c:/alteraquartus/nios2eds/bin/gnu/h-x86_64-mingw32/bin/../lib/gcc/nios2-elf/5.3.0/../../../../../H-x86_64-mingw32/nios2-elf/lib\libsmallc.a(lib_a-vfprintf.o)
 .debug_line    0x0000000000000d8f      0x1ed c:/alteraquartus/nios2eds/bin/gnu/h-x86_64-mingw32/bin/../lib/gcc/nios2-elf/5.3.0/../../../../../H-x86_64-mingw32/nios2-elf/lib\libsmallc.a(lib_a-fvwrite_small_dev.o)
 .debug_line    0x0000000000000f7c      0x153 c:/alteraquartus/nios2eds/bin/gnu/h-x86_64-mingw32/bin/../lib/gcc/nios2-elf/5.3.0/../../../../../H-x86_64-mingw32/nios2-elf/lib\libsmallc.a(lib_a-impure.o)
 .debug_line    0x00000000000010cf      0x159 c:/alteraquartus/nios2eds/bin/gnu/h-x86_64-mingw32/bin/../lib/gcc/nios2-elf/5.3.0/../../../../../H-x86_64-mingw32/nios2-elf/lib\libsmallc.a(lib_a-strlen.o)
 .debug_line    0x0000000000001228      0x1ea c:/alteraquartus/nios2eds/bin/gnu/h-x86_64-mingw32/bin/../lib/gcc/nios2-elf/5.3.0/../../../../../H-x86_64-mingw32/nios2-elf/lib\libsmallc.a(lib_a-writer.o)
 .debug_line    0x0000000000001412       0x5c c:/alteraquartus/nios2eds/bin/gnu/h-x86_64-mingw32/bin/../lib/gcc/nios2-elf/5.3.0/../../../../../H-x86_64-mingw32/nios2-elf/lib\libsmallc.a(lib_a-int_errno.o)
 .debug_line    0x000000000000146e      0x102 c:/alteraquartus/nios2eds/bin/gnu/h-x86_64-mingw32/bin/../lib/gcc/nios2-elf/5.3.0\libgcc.a(lib2-divmod.o)
 .debug_line    0x0000000000001570       0x8e ../ultrasonic_theremin_bsp/\libhal_bsp.a(alt_load.o)
 .debug_line    0x00000000000015fe       0xa4 ../ultrasonic_theremin_bsp/\libhal_bsp.a(alt_main.o)
 .debug_line    0x00000000000016a2      0x1cf ../ultrasonic_theremin_bsp/\libhal_bsp.a(alt_write.o)
 .debug_line    0x0000000000001871      0x142 ../ultrasonic_theremin_bsp/\libhal_bsp.a(alt_sys_init.o)
 .debug_line    0x00000000000019b3      0x112 ../ultrasonic_theremin_bsp/\libhal_bsp.a(altera_avalon_jtag_uart_fd.o)
 .debug_line    0x0000000000001ac5       0xfd ../ultrasonic_theremin_bsp/\libhal_bsp.a(altera_avalon_jtag_uart_read.o)
 .debug_line    0x0000000000001bc2       0xf4 ../ultrasonic_theremin_bsp/\libhal_bsp.a(altera_avalon_jtag_uart_write.o)
 .debug_line    0x0000000000001cb6       0xfd ../ultrasonic_theremin_bsp/\libhal_bsp.a(altera_avalon_timer_sc.o)
 .debug_line    0x0000000000001db3      0x15f ../ultrasonic_theremin_bsp/\libhal_bsp.a(alt_close.o)
 .debug_line    0x0000000000001f12       0x61 ../ultrasonic_theremin_bsp/\libhal_bsp.a(alt_dcache_flush_all.o)
 .debug_line    0x0000000000001f73       0xf2 ../ultrasonic_theremin_bsp/\libhal_bsp.a(alt_dev.o)
 .debug_line    0x0000000000002065       0xcf ../ultrasonic_theremin_bsp/\libhal_bsp.a(alt_dev_llist_insert.o)
 .debug_line    0x0000000000002134       0x59 ../ultrasonic_theremin_bsp/\libhal_bsp.a(alt_do_ctors.o)
 .debug_line    0x000000000000218d       0x59 ../ultrasonic_theremin_bsp/\libhal_bsp.a(alt_do_dtors.o)
 .debug_line    0x00000000000021e6       0x51 ../ultrasonic_theremin_bsp/\libhal_bsp.a(alt_errno.o)
 .debug_line    0x0000000000002237       0x50 ../ultrasonic_theremin_bsp/\libhal_bsp.a(alt_icache_flush_all.o)
 .debug_line    0x0000000000002287       0xeb ../ultrasonic_theremin_bsp/\libhal_bsp.a(alt_iic.o)
 .debug_line    0x0000000000002372       0xdb ../ultrasonic_theremin_bsp/\libhal_bsp.a(alt_iic_isr_register.o)
 .debug_line    0x000000000000244d      0x12d ../ultrasonic_theremin_bsp/\libhal_bsp.a(alt_io_redirect.o)
 .debug_line    0x000000000000257a       0x6b ../ultrasonic_theremin_bsp/\libhal_bsp.a(alt_irq_entry.o)
 .debug_line    0x00000000000025e5       0xaa ../ultrasonic_theremin_bsp/\libhal_bsp.a(alt_irq_handler.o)
 .debug_line    0x000000000000268f       0x50 ../ultrasonic_theremin_bsp/\libhal_bsp.a(alt_irq_vars.o)
 .debug_line    0x00000000000026df      0x128 ../ultrasonic_theremin_bsp/\libhal_bsp.a(alt_open.o)
 .debug_line    0x0000000000002807       0xae ../ultrasonic_theremin_bsp/\libhal_bsp.a(alt_release_fd.o)
 .debug_line    0x00000000000028b5       0xff ../ultrasonic_theremin_bsp/\libhal_bsp.a(alt_tick.o)
 .debug_line    0x00000000000029b4       0x51 ../ultrasonic_theremin_bsp/\libhal_bsp.a(altera_nios2_gen2_irq.o)
 .debug_line    0x0000000000002a05       0xb3 ../ultrasonic_theremin_bsp/\libhal_bsp.a(alt_exception_entry.o)
 .debug_line    0x0000000000002ab8       0xb5 ../ultrasonic_theremin_bsp/\libhal_bsp.a(alt_find_dev.o)
 .debug_line    0x0000000000002b6d       0xd1 ../ultrasonic_theremin_bsp/\libhal_bsp.a(alt_find_file.o)
 .debug_line    0x0000000000002c3e       0xd4 ../ultrasonic_theremin_bsp/\libhal_bsp.a(alt_get_fd.o)
 .debug_line    0x0000000000002d12       0x81 ../ultrasonic_theremin_bsp/\libhal_bsp.a(alt_icache_flush.o)
 .debug_line    0x0000000000002d93       0xba ../ultrasonic_theremin_bsp/\libhal_bsp.a(alt_instruction_exception_entry.o)
 .debug_line    0x0000000000002e4d       0xe4 c:/alteraquartus/nios2eds/bin/gnu/h-x86_64-mingw32/bin/../lib/gcc/nios2-elf/5.3.0/../../../../../H-x86_64-mingw32/nios2-elf/lib\libsmallc.a(lib_a-atexit.o)
 .debug_line    0x0000000000002f31      0x156 c:/alteraquartus/nios2eds/bin/gnu/h-x86_64-mingw32/bin/../lib/gcc/nios2-elf/5.3.0/../../../../../H-x86_64-mingw32/nios2-elf/lib\libsmallc.a(lib_a-exit.o)
 .debug_line    0x0000000000003087      0x15d c:/alteraquartus/nios2eds/bin/gnu/h-x86_64-mingw32/bin/../lib/gcc/nios2-elf/5.3.0/../../../../../H-x86_64-mingw32/nios2-elf/lib\libsmallc.a(lib_a-memcmp.o)
 .debug_line    0x00000000000031e4      0x20a c:/alteraquartus/nios2eds/bin/gnu/h-x86_64-mingw32/bin/../lib/gcc/nios2-elf/5.3.0/../../../../../H-x86_64-mingw32/nios2-elf/lib\libsmallc.a(lib_a-__atexit.o)
 .debug_line    0x00000000000033ee      0x22f c:/alteraquartus/nios2eds/bin/gnu/h-x86_64-mingw32/bin/../lib/gcc/nios2-elf/5.3.0/../../../../../H-x86_64-mingw32/nios2-elf/lib\libsmallc.a(lib_a-__call_atexit.o)
 .debug_line    0x000000000000361d       0x71 ../ultrasonic_theremin_bsp/\libhal_bsp.a(alt_exit.o)

.debug_frame    0x0000000000000000      0xccc
 *(.debug_frame)
 .debug_frame   0x0000000000000000       0x2c obj/default/dev_ultrasound.o
 .debug_frame   0x000000000000002c       0x58 c:/alteraquartus/nios2eds/bin/gnu/h-x86_64-mingw32/bin/../lib/gcc/nios2-elf/5.3.0\libgcc.a(divsf3.o)
 .debug_frame   0x0000000000000084       0x20 c:/alteraquartus/nios2eds/bin/gnu/h-x86_64-mingw32/bin/../lib/gcc/nios2-elf/5.3.0\libgcc.a(fixsfsi.o)
 .debug_frame   0x00000000000000a4       0x58 c:/alteraquartus/nios2eds/bin/gnu/h-x86_64-mingw32/bin/../lib/gcc/nios2-elf/5.3.0\libgcc.a(muldf3.o)
 .debug_frame   0x00000000000000fc       0x34 c:/alteraquartus/nios2eds/bin/gnu/h-x86_64-mingw32/bin/../lib/gcc/nios2-elf/5.3.0\libgcc.a(floatunsidf.o)
 .debug_frame   0x0000000000000130       0x20 c:/alteraquartus/nios2eds/bin/gnu/h-x86_64-mingw32/bin/../lib/gcc/nios2-elf/5.3.0\libgcc.a(truncdfsf2.o)
 .debug_frame   0x0000000000000150       0x20 c:/alteraquartus/nios2eds/bin/gnu/h-x86_64-mingw32/bin/../lib/gcc/nios2-elf/5.3.0\libgcc.a(_clzsi2.o)
 .debug_frame   0x0000000000000170       0x48 c:/alteraquartus/nios2eds/bin/gnu/h-x86_64-mingw32/bin/../lib/gcc/nios2-elf/5.3.0/../../../../../H-x86_64-mingw32/nios2-elf/lib\libsmallc.a(lib_a-printf.o)
 .debug_frame   0x00000000000001b8       0x8c c:/alteraquartus/nios2eds/bin/gnu/h-x86_64-mingw32/bin/../lib/gcc/nios2-elf/5.3.0/../../../../../H-x86_64-mingw32/nios2-elf/lib\libsmallc.a(lib_a-vfprintf.o)
 .debug_frame   0x0000000000000244       0x58 c:/alteraquartus/nios2eds/bin/gnu/h-x86_64-mingw32/bin/../lib/gcc/nios2-elf/5.3.0/../../../../../H-x86_64-mingw32/nios2-elf/lib\libsmallc.a(lib_a-fvwrite_small_dev.o)
 .debug_frame   0x000000000000029c       0x20 c:/alteraquartus/nios2eds/bin/gnu/h-x86_64-mingw32/bin/../lib/gcc/nios2-elf/5.3.0/../../../../../H-x86_64-mingw32/nios2-elf/lib\libsmallc.a(lib_a-strlen.o)
 .debug_frame   0x00000000000002bc       0x38 c:/alteraquartus/nios2eds/bin/gnu/h-x86_64-mingw32/bin/../lib/gcc/nios2-elf/5.3.0/../../../../../H-x86_64-mingw32/nios2-elf/lib\libsmallc.a(lib_a-writer.o)
 .debug_frame   0x00000000000002f4       0x50 c:/alteraquartus/nios2eds/bin/gnu/h-x86_64-mingw32/bin/../lib/gcc/nios2-elf/5.3.0\libgcc.a(lib2-divmod.o)
 .debug_frame   0x0000000000000344       0x5c ../ultrasonic_theremin_bsp/\libhal_bsp.a(alt_load.o)
 .debug_frame   0x00000000000003a0       0x2c ../ultrasonic_theremin_bsp/\libhal_bsp.a(alt_main.o)
 .debug_frame   0x00000000000003cc       0x60 ../ultrasonic_theremin_bsp/\libhal_bsp.a(alt_write.o)
 .debug_frame   0x000000000000042c       0x88 ../ultrasonic_theremin_bsp/\libhal_bsp.a(alt_sys_init.o)
 .debug_frame   0x00000000000004b4       0x60 ../ultrasonic_theremin_bsp/\libhal_bsp.a(altera_avalon_jtag_uart_fd.o)
 .debug_frame   0x0000000000000514       0x34 ../ultrasonic_theremin_bsp/\libhal_bsp.a(altera_avalon_jtag_uart_read.o)
 .debug_frame   0x0000000000000548       0x34 ../ultrasonic_theremin_bsp/\libhal_bsp.a(altera_avalon_jtag_uart_write.o)
 .debug_frame   0x000000000000057c       0x60 ../ultrasonic_theremin_bsp/\libhal_bsp.a(altera_avalon_timer_sc.o)
 .debug_frame   0x00000000000005dc       0x60 ../ultrasonic_theremin_bsp/\libhal_bsp.a(alt_close.o)
 .debug_frame   0x000000000000063c       0x34 ../ultrasonic_theremin_bsp/\libhal_bsp.a(alt_dcache_flush_all.o)
 .debug_frame   0x0000000000000670       0x34 ../ultrasonic_theremin_bsp/\libhal_bsp.a(alt_dev.o)
 .debug_frame   0x00000000000006a4       0x60 ../ultrasonic_theremin_bsp/\libhal_bsp.a(alt_dev_llist_insert.o)
 .debug_frame   0x0000000000000704       0x38 ../ultrasonic_theremin_bsp/\libhal_bsp.a(alt_do_ctors.o)
 .debug_frame   0x000000000000073c       0x38 ../ultrasonic_theremin_bsp/\libhal_bsp.a(alt_do_dtors.o)
 .debug_frame   0x0000000000000774       0x38 ../ultrasonic_theremin_bsp/\libhal_bsp.a(alt_icache_flush_all.o)
 .debug_frame   0x00000000000007ac       0xa4 ../ultrasonic_theremin_bsp/\libhal_bsp.a(alt_iic.o)
 .debug_frame   0x0000000000000850       0x38 ../ultrasonic_theremin_bsp/\libhal_bsp.a(alt_iic_isr_register.o)
 .debug_frame   0x0000000000000888       0x60 ../ultrasonic_theremin_bsp/\libhal_bsp.a(alt_io_redirect.o)
 .debug_frame   0x00000000000008e8       0x38 ../ultrasonic_theremin_bsp/\libhal_bsp.a(alt_irq_handler.o)
 .debug_frame   0x0000000000000920       0x84 ../ultrasonic_theremin_bsp/\libhal_bsp.a(alt_open.o)
 .debug_frame   0x00000000000009a4       0x34 ../ultrasonic_theremin_bsp/\libhal_bsp.a(alt_release_fd.o)
 .debug_frame   0x00000000000009d8       0x5c ../ultrasonic_theremin_bsp/\libhal_bsp.a(alt_tick.o)
 .debug_frame   0x0000000000000a34       0x34 ../ultrasonic_theremin_bsp/\libhal_bsp.a(altera_nios2_gen2_irq.o)
 .debug_frame   0x0000000000000a68       0x38 ../ultrasonic_theremin_bsp/\libhal_bsp.a(alt_find_dev.o)
 .debug_frame   0x0000000000000aa0       0x38 ../ultrasonic_theremin_bsp/\libhal_bsp.a(alt_find_file.o)
 .debug_frame   0x0000000000000ad8       0x34 ../ultrasonic_theremin_bsp/\libhal_bsp.a(alt_get_fd.o)
 .debug_frame   0x0000000000000b0c       0x34 ../ultrasonic_theremin_bsp/\libhal_bsp.a(alt_icache_flush.o)
 .debug_frame   0x0000000000000b40       0x5c ../ultrasonic_theremin_bsp/\libhal_bsp.a(alt_instruction_exception_entry.o)
 .debug_frame   0x0000000000000b9c       0x20 c:/alteraquartus/nios2eds/bin/gnu/h-x86_64-mingw32/bin/../lib/gcc/nios2-elf/5.3.0/../../../../../H-x86_64-mingw32/nios2-elf/lib\libsmallc.a(lib_a-atexit.o)
 .debug_frame   0x0000000000000bbc       0x28 c:/alteraquartus/nios2eds/bin/gnu/h-x86_64-mingw32/bin/../lib/gcc/nios2-elf/5.3.0/../../../../../H-x86_64-mingw32/nios2-elf/lib\libsmallc.a(lib_a-exit.o)
 .debug_frame   0x0000000000000be4       0x20 c:/alteraquartus/nios2eds/bin/gnu/h-x86_64-mingw32/bin/../lib/gcc/nios2-elf/5.3.0/../../../../../H-x86_64-mingw32/nios2-elf/lib\libsmallc.a(lib_a-memcmp.o)
 .debug_frame   0x0000000000000c04       0x48 c:/alteraquartus/nios2eds/bin/gnu/h-x86_64-mingw32/bin/../lib/gcc/nios2-elf/5.3.0/../../../../../H-x86_64-mingw32/nios2-elf/lib\libsmallc.a(lib_a-__atexit.o)
 .debug_frame   0x0000000000000c4c       0x54 c:/alteraquartus/nios2eds/bin/gnu/h-x86_64-mingw32/bin/../lib/gcc/nios2-elf/5.3.0/../../../../../H-x86_64-mingw32/nios2-elf/lib\libsmallc.a(lib_a-__call_atexit.o)
 .debug_frame   0x0000000000000ca0       0x2c ../ultrasonic_theremin_bsp/\libhal_bsp.a(alt_exit.o)

.debug_str      0x0000000000000000     0x21ac
 *(.debug_str)
 .debug_str     0x0000000000000000      0x12e obj/default/dev_ultrasound.o
                                        0x18e (size before relaxing)
 .debug_str     0x000000000000012e      0x201 c:/alteraquartus/nios2eds/bin/gnu/h-x86_64-mingw32/bin/../lib/gcc/nios2-elf/5.3.0\libgcc.a(divsf3.o)
                                        0x286 (size before relaxing)
 .debug_str     0x000000000000032f       0x53 c:/alteraquartus/nios2eds/bin/gnu/h-x86_64-mingw32/bin/../lib/gcc/nios2-elf/5.3.0\libgcc.a(fixsfsi.o)
                                        0x1ff (size before relaxing)
 .debug_str     0x0000000000000382      0x1f0 c:/alteraquartus/nios2eds/bin/gnu/h-x86_64-mingw32/bin/../lib/gcc/nios2-elf/5.3.0\libgcc.a(muldf3.o)
                                        0x3a8 (size before relaxing)
 .debug_str     0x0000000000000572       0x6d c:/alteraquartus/nios2eds/bin/gnu/h-x86_64-mingw32/bin/../lib/gcc/nios2-elf/5.3.0\libgcc.a(floatunsidf.o)
                                        0x225 (size before relaxing)
 .debug_str     0x00000000000005df       0x57 c:/alteraquartus/nios2eds/bin/gnu/h-x86_64-mingw32/bin/../lib/gcc/nios2-elf/5.3.0\libgcc.a(truncdfsf2.o)
                                        0x23f (size before relaxing)
 .debug_str     0x0000000000000636       0x63 c:/alteraquartus/nios2eds/bin/gnu/h-x86_64-mingw32/bin/../lib/gcc/nios2-elf/5.3.0\libgcc.a(_clzsi2.o)
                                        0x1e6 (size before relaxing)
 .debug_str     0x0000000000000699      0x1c9 c:/alteraquartus/nios2eds/bin/gnu/h-x86_64-mingw32/bin/../lib/gcc/nios2-elf/5.3.0\libgcc.a(_clz.o)
 .debug_str     0x0000000000000699      0x407 c:/alteraquartus/nios2eds/bin/gnu/h-x86_64-mingw32/bin/../lib/gcc/nios2-elf/5.3.0/../../../../../H-x86_64-mingw32/nios2-elf/lib\libsmallc.a(lib_a-printf.o)
                                        0x4ea (size before relaxing)
 .debug_str     0x0000000000000aa0      0x1ea c:/alteraquartus/nios2eds/bin/gnu/h-x86_64-mingw32/bin/../lib/gcc/nios2-elf/5.3.0/../../../../../H-x86_64-mingw32/nios2-elf/lib\libsmallc.a(lib_a-vfprintf.o)
                                        0x665 (size before relaxing)
 .debug_str     0x0000000000000c8a       0x75 c:/alteraquartus/nios2eds/bin/gnu/h-x86_64-mingw32/bin/../lib/gcc/nios2-elf/5.3.0/../../../../../H-x86_64-mingw32/nios2-elf/lib\libsmallc.a(lib_a-fvwrite_small_dev.o)
                                        0x4ba (size before relaxing)
 .debug_str     0x0000000000000cff       0xe1 c:/alteraquartus/nios2eds/bin/gnu/h-x86_64-mingw32/bin/../lib/gcc/nios2-elf/5.3.0/../../../../../H-x86_64-mingw32/nios2-elf/lib\libsmallc.a(lib_a-impure.o)
                                        0x4a4 (size before relaxing)
 .debug_str     0x0000000000000de0       0xc4 c:/alteraquartus/nios2eds/bin/gnu/h-x86_64-mingw32/bin/../lib/gcc/nios2-elf/5.3.0/../../../../../H-x86_64-mingw32/nios2-elf/lib\libsmallc.a(lib_a-strlen.o)
                                        0x1cb (size before relaxing)
 .debug_str     0x0000000000000ea4       0x42 c:/alteraquartus/nios2eds/bin/gnu/h-x86_64-mingw32/bin/../lib/gcc/nios2-elf/5.3.0/../../../../../H-x86_64-mingw32/nios2-elf/lib\libsmallc.a(lib_a-writer.o)
                                        0x49e (size before relaxing)
 .debug_str     0x0000000000000ee6       0x3c c:/alteraquartus/nios2eds/bin/gnu/h-x86_64-mingw32/bin/../lib/gcc/nios2-elf/5.3.0/../../../../../H-x86_64-mingw32/nios2-elf/lib\libsmallc.a(lib_a-int_errno.o)
                                        0x1be (size before relaxing)
 .debug_str     0x0000000000000f22       0x7c c:/alteraquartus/nios2eds/bin/gnu/h-x86_64-mingw32/bin/../lib/gcc/nios2-elf/5.3.0\libgcc.a(lib2-divmod.o)
                                        0x1b8 (size before relaxing)
 .debug_str     0x0000000000000f9e      0x137 ../ultrasonic_theremin_bsp/\libhal_bsp.a(alt_load.o)
                                        0x21b (size before relaxing)
 .debug_str     0x00000000000010d5       0x70 ../ultrasonic_theremin_bsp/\libhal_bsp.a(alt_main.o)
                                        0x1a6 (size before relaxing)
 .debug_str     0x0000000000001145      0x15f ../ultrasonic_theremin_bsp/\libhal_bsp.a(alt_write.o)
                                        0x301 (size before relaxing)
 .debug_str     0x00000000000012a4      0x136 ../ultrasonic_theremin_bsp/\libhal_bsp.a(alt_sys_init.o)
                                        0x313 (size before relaxing)
 .debug_str     0x00000000000013da       0x77 ../ultrasonic_theremin_bsp/\libhal_bsp.a(altera_avalon_jtag_uart_fd.o)
                                        0x2de (size before relaxing)
 .debug_str     0x0000000000001451       0x48 ../ultrasonic_theremin_bsp/\libhal_bsp.a(altera_avalon_jtag_uart_read.o)
                                        0x228 (size before relaxing)
 .debug_str     0x0000000000001499       0x4a ../ultrasonic_theremin_bsp/\libhal_bsp.a(altera_avalon_jtag_uart_write.o)
                                        0x21e (size before relaxing)
 .debug_str     0x00000000000014e3       0xb6 ../ultrasonic_theremin_bsp/\libhal_bsp.a(altera_avalon_timer_sc.o)
                                        0x254 (size before relaxing)
 .debug_str     0x0000000000001599       0x1b ../ultrasonic_theremin_bsp/\libhal_bsp.a(alt_close.o)
                                        0x214 (size before relaxing)
 .debug_str     0x00000000000015b4       0x34 ../ultrasonic_theremin_bsp/\libhal_bsp.a(alt_dcache_flush_all.o)
                                        0x15e (size before relaxing)
 .debug_str     0x00000000000015e8       0x50 ../ultrasonic_theremin_bsp/\libhal_bsp.a(alt_dev.o)
                                        0x30e (size before relaxing)
 .debug_str     0x0000000000001638       0x45 ../ultrasonic_theremin_bsp/\libhal_bsp.a(alt_dev_llist_insert.o)
                                        0x1d5 (size before relaxing)
 .debug_str     0x000000000000167d       0x48 ../ultrasonic_theremin_bsp/\libhal_bsp.a(alt_do_ctors.o)
                                         0xd9 (size before relaxing)
 .debug_str     0x00000000000016c5       0x4c ../ultrasonic_theremin_bsp/\libhal_bsp.a(alt_do_dtors.o)
                                         0xd8 (size before relaxing)
 .debug_str     0x0000000000001711       0x14 ../ultrasonic_theremin_bsp/\libhal_bsp.a(alt_errno.o)
                                        0x14e (size before relaxing)
 .debug_str     0x0000000000001725       0x34 ../ultrasonic_theremin_bsp/\libhal_bsp.a(alt_icache_flush_all.o)
                                        0x15e (size before relaxing)
 .debug_str     0x0000000000001759       0xc4 ../ultrasonic_theremin_bsp/\libhal_bsp.a(alt_iic.o)
                                        0x247 (size before relaxing)
 .debug_str     0x000000000000181d       0x4c ../ultrasonic_theremin_bsp/\libhal_bsp.a(alt_iic_isr_register.o)
                                        0x1f1 (size before relaxing)
 .debug_str     0x0000000000001869       0x56 ../ultrasonic_theremin_bsp/\libhal_bsp.a(alt_io_redirect.o)