Archive member included to satisfy reference by file (symbol)

c:/alteraquartus/nios2eds/bin/gnu/h-x86_64-mingw32/bin/../lib/gcc/nios2-elf/5.3.0\libgcc.a(divsf3.o)
                              obj/default/ultrasonic_theremin.o (__divsf3)
c:/alteraquartus/nios2eds/bin/gnu/h-x86_64-mingw32/bin/../lib/gcc/nios2-elf/5.3.0\libgcc.a(muldf3.o)
                              obj/default/ultrasonic_theremin.o (__muldf3)
c:/alteraquartus/nios2eds/bin/gnu/h-x86_64-mingw32/bin/../lib/gcc/nios2-elf/5.3.0\libgcc.a(floatunsidf.o)
                              obj/default/ultrasonic_theremin.o (__floatunsidf)
c:/alteraquartus/nios2eds/bin/gnu/h-x86_64-mingw32/bin/../lib/gcc/nios2-elf/5.3.0\libgcc.a(truncdfsf2.o)
                              obj/default/ultrasonic_theremin.o (__truncdfsf2)
c:/alteraquartus/nios2eds/bin/gnu/h-x86_64-mingw32/bin/../lib/gcc/nios2-elf/5.3.0\libgcc.a(_clzsi2.o)
                              c:/alteraquartus/nios2eds/bin/gnu/h-x86_64-mingw32/bin/../lib/gcc/nios2-elf/5.3.0\libgcc.a(divsf3.o) (__clzsi2)
c:/alteraquartus/nios2eds/bin/gnu/h-x86_64-mingw32/bin/../lib/gcc/nios2-elf/5.3.0\libgcc.a(_clz.o)
                              c:/alteraquartus/nios2eds/bin/gnu/h-x86_64-mingw32/bin/../lib/gcc/nios2-elf/5.3.0\libgcc.a(_clzsi2.o) (__clz_tab)
../ultrasonic_theremin_bsp/\libhal_bsp.a(alt_load.o)
                              ../ultrasonic_theremin_bsp//obj/HAL/src/crt0.o (alt_load)
../ultrasonic_theremin_bsp/\libhal_bsp.a(alt_main.o)
                              ../ultrasonic_theremin_bsp//obj/HAL/src/crt0.o (alt_main)
../ultrasonic_theremin_bsp/\libhal_bsp.a(alt_sys_init.o)
                              ../ultrasonic_theremin_bsp/\libhal_bsp.a(alt_main.o) (alt_irq_init)
../ultrasonic_theremin_bsp/\libhal_bsp.a(altera_avalon_jtag_uart_fd.o)
                              ../ultrasonic_theremin_bsp/\libhal_bsp.a(alt_sys_init.o) (altera_avalon_jtag_uart_read_fd)
../ultrasonic_theremin_bsp/\libhal_bsp.a(altera_avalon_jtag_uart_read.o)
                              ../ultrasonic_theremin_bsp/\libhal_bsp.a(altera_avalon_jtag_uart_fd.o) (altera_avalon_jtag_uart_read)
../ultrasonic_theremin_bsp/\libhal_bsp.a(altera_avalon_jtag_uart_write.o)
                              ../ultrasonic_theremin_bsp/\libhal_bsp.a(altera_avalon_jtag_uart_fd.o) (altera_avalon_jtag_uart_write)
../ultrasonic_theremin_bsp/\libhal_bsp.a(altera_avalon_timer_sc.o)
                              ../ultrasonic_theremin_bsp/\libhal_bsp.a(alt_sys_init.o) (alt_avalon_timer_sc_init)
../ultrasonic_theremin_bsp/\libhal_bsp.a(alt_close.o)
                              ../ultrasonic_theremin_bsp/\libhal_bsp.a(alt_main.o) (close)
../ultrasonic_theremin_bsp/\libhal_bsp.a(alt_dcache_flush_all.o)
                              ../ultrasonic_theremin_bsp/\libhal_bsp.a(alt_load.o) (alt_dcache_flush_all)
../ultrasonic_theremin_bsp/\libhal_bsp.a(alt_dev.o)
                              ../ultrasonic_theremin_bsp/\libhal_bsp.a(alt_sys_init.o) (alt_dev_list)
../ultrasonic_theremin_bsp/\libhal_bsp.a(alt_dev_llist_insert.o)
                              ../ultrasonic_theremin_bsp/\libhal_bsp.a(alt_sys_init.o) (alt_dev_llist_insert)
../ultrasonic_theremin_bsp/\libhal_bsp.a(alt_do_ctors.o)
                              ../ultrasonic_theremin_bsp/\libhal_bsp.a(alt_main.o) (_do_ctors)
../ultrasonic_theremin_bsp/\libhal_bsp.a(alt_do_dtors.o)
                              ../ultrasonic_theremin_bsp/\libhal_bsp.a(alt_main.o) (_do_dtors)
../ultrasonic_theremin_bsp/\libhal_bsp.a(alt_errno.o)
                              ../ultrasonic_theremin_bsp/\libhal_bsp.a(alt_close.o) (alt_errno)
../ultrasonic_theremin_bsp/\libhal_bsp.a(alt_icache_flush_all.o)
                              ../ultrasonic_theremin_bsp/\libhal_bsp.a(alt_load.o) (alt_icache_flush_all)
../ultrasonic_theremin_bsp/\libhal_bsp.a(alt_iic.o)
                              ../ultrasonic_theremin_bsp/\libhal_bsp.a(altera_avalon_timer_sc.o) (alt_ic_isr_register)
../ultrasonic_theremin_bsp/\libhal_bsp.a(alt_iic_isr_register.o)
                              ../ultrasonic_theremin_bsp/\libhal_bsp.a(alt_iic.o) (alt_iic_isr_register)
../ultrasonic_theremin_bsp/\libhal_bsp.a(alt_io_redirect.o)
                              ../ultrasonic_theremin_bsp/\libhal_bsp.a(alt_main.o) (alt_io_redirect)
../ultrasonic_theremin_bsp/\libhal_bsp.a(alt_irq_entry.o)
                              ../ultrasonic_theremin_bsp/\libhal_bsp.a(alt_iic_isr_register.o) (alt_irq_entry)
../ultrasonic_theremin_bsp/\libhal_bsp.a(alt_irq_handler.o)
                              ../ultrasonic_theremin_bsp/\libhal_bsp.a(alt_iic_isr_register.o) (alt_irq)
../ultrasonic_theremin_bsp/\libhal_bsp.a(alt_irq_vars.o)
                              ../ultrasonic_theremin_bsp/\libhal_bsp.a(alt_iic.o) (alt_irq_active)
../ultrasonic_theremin_bsp/\libhal_bsp.a(alt_open.o)
                              ../ultrasonic_theremin_bsp/\libhal_bsp.a(alt_io_redirect.o) (open)
../ultrasonic_theremin_bsp/\libhal_bsp.a(alt_release_fd.o)
                              ../ultrasonic_theremin_bsp/\libhal_bsp.a(alt_close.o) (alt_release_fd)
../ultrasonic_theremin_bsp/\libhal_bsp.a(alt_tick.o)
                              ../ultrasonic_theremin_bsp/\libhal_bsp.a(altera_avalon_timer_sc.o) (_alt_tick_rate)
../ultrasonic_theremin_bsp/\libhal_bsp.a(altera_nios2_gen2_irq.o)
                              ../ultrasonic_theremin_bsp/\libhal_bsp.a(alt_sys_init.o) (altera_nios2_gen2_irq_init)
../ultrasonic_theremin_bsp/\libhal_bsp.a(alt_exception_entry.o)
                              ../ultrasonic_theremin_bsp/\libhal_bsp.a(alt_irq_entry.o) (alt_exception)
../ultrasonic_theremin_bsp/\libhal_bsp.a(alt_find_dev.o)
                              ../ultrasonic_theremin_bsp/\libhal_bsp.a(alt_open.o) (alt_find_dev)
../ultrasonic_theremin_bsp/\libhal_bsp.a(alt_find_file.o)
                              ../ultrasonic_theremin_bsp/\libhal_bsp.a(alt_open.o) (alt_find_file)
../ultrasonic_theremin_bsp/\libhal_bsp.a(alt_get_fd.o)
                              ../ultrasonic_theremin_bsp/\libhal_bsp.a(alt_open.o) (alt_get_fd)
../ultrasonic_theremin_bsp/\libhal_bsp.a(alt_icache_flush.o)
                              ../ultrasonic_theremin_bsp/\libhal_bsp.a(alt_icache_flush_all.o) (alt_icache_flush)
../ultrasonic_theremin_bsp/\libhal_bsp.a(alt_instruction_exception_entry.o)
                              ../ultrasonic_theremin_bsp/\libhal_bsp.a(alt_exception_entry.o) (alt_instruction_exception_entry)
c:/alteraquartus/nios2eds/bin/gnu/h-x86_64-mingw32/bin/../lib/gcc/nios2-elf/5.3.0/../../../../../H-x86_64-mingw32/nios2-elf/lib\libsmallc.a(lib_a-atexit.o)
                              ../ultrasonic_theremin_bsp/\libhal_bsp.a(alt_main.o) (atexit)
c:/alteraquartus/nios2eds/bin/gnu/h-x86_64-mingw32/bin/../lib/gcc/nios2-elf/5.3.0/../../../../../H-x86_64-mingw32/nios2-elf/lib\libsmallc.a(lib_a-exit.o)
                              ../ultrasonic_theremin_bsp/\libhal_bsp.a(alt_main.o) (exit)
c:/alteraquartus/nios2eds/bin/gnu/h-x86_64-mingw32/bin/../lib/gcc/nios2-elf/5.3.0/../../../../../H-x86_64-mingw32/nios2-elf/lib\libsmallc.a(lib_a-int_errno.o)
                              ../ultrasonic_theremin_bsp/\libhal_bsp.a(alt_close.o) (errno)
c:/alteraquartus/nios2eds/bin/gnu/h-x86_64-mingw32/bin/../lib/gcc/nios2-elf/5.3.0/../../../../../H-x86_64-mingw32/nios2-elf/lib\libsmallc.a(lib_a-memcmp.o)
                              ../ultrasonic_theremin_bsp/\libhal_bsp.a(alt_find_dev.o) (memcmp)
c:/alteraquartus/nios2eds/bin/gnu/h-x86_64-mingw32/bin/../lib/gcc/nios2-elf/5.3.0/../../../../../H-x86_64-mingw32/nios2-elf/lib\libsmallc.a(lib_a-strlen.o)
                              ../ultrasonic_theremin_bsp/\libhal_bsp.a(alt_find_dev.o) (strlen)
c:/alteraquartus/nios2eds/bin/gnu/h-x86_64-mingw32/bin/../lib/gcc/nios2-elf/5.3.0/../../../../../H-x86_64-mingw32/nios2-elf/lib\libsmallc.a(lib_a-__atexit.o)
                              c:/alteraquartus/nios2eds/bin/gnu/h-x86_64-mingw32/bin/../lib/gcc/nios2-elf/5.3.0/../../../../../H-x86_64-mingw32/nios2-elf/lib\libsmallc.a(lib_a-atexit.o) (__register_exitproc)
c:/alteraquartus/nios2eds/bin/gnu/h-x86_64-mingw32/bin/../lib/gcc/nios2-elf/5.3.0/../../../../../H-x86_64-mingw32/nios2-elf/lib\libsmallc.a(lib_a-__call_atexit.o)
                              c:/alteraquartus/nios2eds/bin/gnu/h-x86_64-mingw32/bin/../lib/gcc/nios2-elf/5.3.0/../../../../../H-x86_64-mingw32/nios2-elf/lib\libsmallc.a(lib_a-exit.o) (__call_exitprocs)
c:/alteraquartus/nios2eds/bin/gnu/h-x86_64-mingw32/bin/../lib/gcc/nios2-elf/5.3.0/../../../../../H-x86_64-mingw32/nios2-elf/lib\libsmallc.a(lib_a-impure.o)
                              c:/alteraquartus/nios2eds/bin/gnu/h-x86_64-mingw32/bin/../lib/gcc/nios2-elf/5.3.0/../../../../../H-x86_64-mingw32/nios2-elf/lib\libsmallc.a(lib_a-__atexit.o) (_global_impure_ptr)
../ultrasonic_theremin_bsp/\libhal_bsp.a(alt_exit.o)
                              c:/alteraquartus/nios2eds/bin/gnu/h-x86_64-mingw32/bin/../lib/gcc/nios2-elf/5.3.0/../../../../../H-x86_64-mingw32/nios2-elf/lib\libsmallc.a(lib_a-exit.o) (_exit)

Allocating common symbols
Common symbol       size              file

alt_irq             0x100             ../ultrasonic_theremin_bsp/\libhal_bsp.a(alt_irq_handler.o)
errno               0x4               c:/alteraquartus/nios2eds/bin/gnu/h-x86_64-mingw32/bin/../lib/gcc/nios2-elf/5.3.0/../../../../../H-x86_64-mingw32/nios2-elf/lib\libsmallc.a(lib_a-int_errno.o)

Memory Configuration

Name             Origin             Length             Attributes
reset            0x0000000000004000 0x0000000000000020
onchip_ram       0x0000000000004020 0x0000000000003fe0
*default*        0x0000000000000000 0xffffffffffffffff

Linker script and memory map

LOAD ../ultrasonic_theremin_bsp//obj/HAL/src/crt0.o
LOAD obj/default/ultrasonic_theremin.o
LOAD c:/alteraquartus/nios2eds/bin/gnu/h-x86_64-mingw32/bin/../lib/gcc/nios2-elf/5.3.0/../../../../../H-x86_64-mingw32/nios2-elf/lib\libstdc++.a
LOAD c:/alteraquartus/nios2eds/bin/gnu/h-x86_64-mingw32/bin/../lib/gcc/nios2-elf/5.3.0/../../../../../H-x86_64-mingw32/nios2-elf/lib\libm.a
LOAD c:/alteraquartus/nios2eds/bin/gnu/h-x86_64-mingw32/bin/../lib/gcc/nios2-elf/5.3.0\libgcc.a
START GROUP
LOAD c:/alteraquartus/nios2eds/bin/gnu/h-x86_64-mingw32/bin/../lib/gcc/nios2-elf/5.3.0/../../../../../H-x86_64-mingw32/nios2-elf/lib\libsmallc.a
LOAD c:/alteraquartus/nios2eds/bin/gnu/h-x86_64-mingw32/bin/../lib/gcc/nios2-elf/5.3.0\libgcc.a
LOAD ../ultrasonic_theremin_bsp/\libhal_bsp.a
LOAD c:/alteraquartus/nios2eds/bin/gnu/h-x86_64-mingw32/bin/../lib/gcc/nios2-elf/5.3.0/../../../../../H-x86_64-mingw32/nios2-elf/lib\libm.a
END GROUP
LOAD c:/alteraquartus/nios2eds/bin/gnu/h-x86_64-mingw32/bin/../lib/gcc/nios2-elf/5.3.0\libgcc.a
                0x0000000000004000                __alt_mem_onchip_ram = 0x4000

.entry          0x0000000000004000       0x20
 *(.entry)
 .entry         0x0000000000004000       0x20 ../ultrasonic_theremin_bsp//obj/HAL/src/crt0.o
                0x0000000000004000                __reset

.exceptions     0x0000000000004020      0x224
                0x0000000000004020                PROVIDE (__ram_exceptions_start, ABSOLUTE (.))
                0x0000000000004020                . = ALIGN (0x20)
 *(.irq)
 *(.exceptions.entry.label)
 .exceptions.entry.label
                0x0000000000004020        0x0 ../ultrasonic_theremin_bsp/\libhal_bsp.a(alt_irq_entry.o)
                0x0000000000004020                alt_irq_entry
 .exceptions.entry.label
                0x0000000000004020        0x0 ../ultrasonic_theremin_bsp/\libhal_bsp.a(alt_exception_entry.o)
                0x0000000000004020                alt_exception
 *(.exceptions.entry.user)
 *(.exceptions.entry.ecc_fatal)
 *(.exceptions.entry)
 .exceptions.entry
                0x0000000000004020       0x54 ../ultrasonic_theremin_bsp/\libhal_bsp.a(alt_exception_entry.o)
 *(.exceptions.irqtest.user)
 *(.exceptions.irqtest)
 .exceptions.irqtest
                0x0000000000004074       0x10 ../ultrasonic_theremin_bsp/\libhal_bsp.a(alt_irq_entry.o)
 *(.exceptions.irqhandler.user)
 *(.exceptions.irqhandler)
 .exceptions.irqhandler
                0x0000000000004084        0x4 ../ultrasonic_theremin_bsp/\libhal_bsp.a(alt_irq_entry.o)
 *(.exceptions.irqreturn.user)
 *(.exceptions.irqreturn)
 .exceptions.irqreturn
                0x0000000000004088        0x4 ../ultrasonic_theremin_bsp/\libhal_bsp.a(alt_irq_entry.o)
 *(.exceptions.notirq.label)
 .exceptions.notirq.label
                0x000000000000408c        0x0 ../ultrasonic_theremin_bsp/\libhal_bsp.a(alt_irq_entry.o)
 *(.exceptions.notirq.user)
 *(.exceptions.notirq)
 .exceptions.notirq
                0x000000000000408c        0x8 ../ultrasonic_theremin_bsp/\libhal_bsp.a(alt_exception_entry.o)
 *(.exceptions.soft.user)
 *(.exceptions.soft)
 *(.exceptions.unknown.user)
 *(.exceptions.unknown)
 .exceptions.unknown
                0x0000000000004094       0x14 ../ultrasonic_theremin_bsp/\libhal_bsp.a(alt_exception_entry.o)
 *(.exceptions.exit.label)
 .exceptions.exit.label
                0x00000000000040a8        0x0 ../ultrasonic_theremin_bsp/\libhal_bsp.a(alt_irq_entry.o)
 .exceptions.exit.label
                0x00000000000040a8        0x0 ../ultrasonic_theremin_bsp/\libhal_bsp.a(alt_exception_entry.o)
 *(.exceptions.exit.user)
 *(.exceptions.exit)
 .exceptions.exit
                0x00000000000040a8       0x54 ../ultrasonic_theremin_bsp/\libhal_bsp.a(alt_exception_entry.o)
 *(.exceptions)
 .exceptions    0x00000000000040fc       0xd4 ../ultrasonic_theremin_bsp/\libhal_bsp.a(alt_irq_handler.o)
                0x00000000000040fc                alt_irq_handler
 .exceptions    0x00000000000041d0       0x74 ../ultrasonic_theremin_bsp/\libhal_bsp.a(alt_instruction_exception_entry.o)
                0x00000000000041d0                alt_instruction_exception_entry
                0x0000000000004244                PROVIDE (__ram_exceptions_end, ABSOLUTE (.))
                0x0000000000004020                PROVIDE (__flash_exceptions_start, LOADADDR (.exceptions))

.text           0x0000000000004244     0x28e4
                [!provide]                        PROVIDE (stext, ABSOLUTE (.))
 *(.interp)
 *(.hash)
 *(.dynsym)
 *(.dynstr)
 *(.gnu.version)
 *(.gnu.version_d)
 *(.gnu.version_r)
 *(.rel.init)
 *(.rela.init)
 *(.rel.text .rel.text.* .rel.gnu.linkonce.t.*)
 *(.rela.text .rela.text.* .rela.gnu.linkonce.t.*)
 *(.rel.fini)
 *(.rela.fini)
 *(.rel.rodata .rel.rodata.* .rel.gnu.linkonce.r.*)
 *(.rela.rodata .rela.rodata.* .rela.gnu.linkonce.r.*)
 *(.rel.data .rel.data.* .rel.gnu.linkonce.d.*)
 *(.rela.data .rela.data.* .rela.gnu.linkonce.d.*)
 *(.rel.tdata .rel.tdata.* .rel.gnu.linkonce.td.*)
 *(.rela.tdata .rela.tdata.* .rela.gnu.linkonce.td.*)
 *(.rel.tbss .rel.tbss.* .rel.gnu.linkonce.tb.*)
 *(.rela.tbss .rela.tbss.* .rela.gnu.linkonce.tb.*)
 *(.rel.ctors)
 *(.rela.ctors)
 *(.rel.dtors)
 *(.rela.dtors)
 *(.rel.got)
 *(.rela.got)
 *(.rel.sdata .rel.sdata.* .rel.gnu.linkonce.s.*)
 *(.rela.sdata .rela.sdata.* .rela.gnu.linkonce.s.*)
 *(.rel.sbss .rel.sbss.* .rel.gnu.linkonce.sb.*)
 *(.rela.sbss .rela.sbss.* .rela.gnu.linkonce.sb.*)
 *(.rel.sdata2 .rel.sdata2.* .rel.gnu.linkonce.s2.*)
 *(.rela.sdata2 .rela.sdata2.* .rela.gnu.linkonce.s2.*)
 *(.rel.sbss2 .rel.sbss2.* .rel.gnu.linkonce.sb2.*)
 *(.rela.sbss2 .rela.sbss2.* .rela.gnu.linkonce.sb2.*)
 *(.rel.bss .rel.bss.* .rel.gnu.linkonce.b.*)
 *(.rela.bss .rela.bss.* .rela.gnu.linkonce.b.*)
 *(.rel.plt)
 *(.rela.plt)
 *(.rel.dyn)
 *(.init)
 *(.plt)
 *(.text .stub .text.* .gnu.linkonce.t.*)
 .text          0x0000000000004244       0x4c ../ultrasonic_theremin_bsp//obj/HAL/src/crt0.o
                0x0000000000004244                _start
 .text          0x0000000000004290      0x280 obj/default/ultrasonic_theremin.o
                0x0000000000004330                get_distance
                0x0000000000004464                set_matrix
                0x00000000000044d4                main
 .text          0x0000000000004510      0x440 c:/alteraquartus/nios2eds/bin/gnu/h-x86_64-mingw32/bin/../lib/gcc/nios2-elf/5.3.0\libgcc.a(divsf3.o)
                0x0000000000004510                __divsf3
 .text          0x0000000000004950      0x718 c:/alteraquartus/nios2eds/bin/gnu/h-x86_64-mingw32/bin/../lib/gcc/nios2-elf/5.3.0\libgcc.a(muldf3.o)
                0x0000000000004950                __muldf3
 .text          0x0000000000005068       0xa8 c:/alteraquartus/nios2eds/bin/gnu/h-x86_64-mingw32/bin/../lib/gcc/nios2-elf/5.3.0\libgcc.a(floatunsidf.o)
                0x0000000000005068                __floatunsidf
 .text          0x0000000000005110      0x1a8 c:/alteraquartus/nios2eds/bin/gnu/h-x86_64-mingw32/bin/../lib/gcc/nios2-elf/5.3.0\libgcc.a(truncdfsf2.o)
                0x0000000000005110                __truncdfsf2
 .text          0x00000000000052b8       0x64 c:/alteraquartus/nios2eds/bin/gnu/h-x86_64-mingw32/bin/../lib/gcc/nios2-elf/5.3.0\libgcc.a(_clzsi2.o)
                0x00000000000052b8                __clzsi2
 .text          0x000000000000531c        0x0 c:/alteraquartus/nios2eds/bin/gnu/h-x86_64-mingw32/bin/../lib/gcc/nios2-elf/5.3.0\libgcc.a(_clz.o)
 .text          0x000000000000531c       0xec ../ultrasonic_theremin_bsp/\libhal_bsp.a(alt_load.o)
                0x0000000000005384                alt_load
 .text          0x0000000000005408       0x7c ../ultrasonic_theremin_bsp/\libhal_bsp.a(alt_main.o)
                0x0000000000005408                alt_main
 .text          0x0000000000005484       0xb8 ../ultrasonic_theremin_bsp/\libhal_bsp.a(alt_sys_init.o)
                0x00000000000054b8                alt_irq_init
                0x00000000000054f0                alt_sys_init
 .text          0x000000000000553c       0xc0 ../ultrasonic_theremin_bsp/\libhal_bsp.a(altera_avalon_jtag_uart_fd.o)
                0x000000000000553c                altera_avalon_jtag_uart_read_fd
                0x000000000000559c                altera_avalon_jtag_uart_write_fd
 .text          0x00000000000055fc       0xec ../ultrasonic_theremin_bsp/\libhal_bsp.a(altera_avalon_jtag_uart_read.o)
                0x00000000000055fc                altera_avalon_jtag_uart_read
 .text          0x00000000000056e8       0x94 ../ultrasonic_theremin_bsp/\libhal_bsp.a(altera_avalon_jtag_uart_write.o)
                0x00000000000056e8                altera_avalon_jtag_uart_write
 .text          0x000000000000577c       0xf4 ../ultrasonic_theremin_bsp/\libhal_bsp.a(altera_avalon_timer_sc.o)
                0x00000000000057f4                alt_avalon_timer_sc_init
 .text          0x0000000000005870      0x10c ../ultrasonic_theremin_bsp/\libhal_bsp.a(alt_close.o)
                0x00000000000058ac                close
 .text          0x000000000000597c       0x48 ../ultrasonic_theremin_bsp/\libhal_bsp.a(alt_dcache_flush_all.o)
                0x000000000000597c                alt_dcache_flush_all
 .text          0x00000000000059c4       0x2c ../ultrasonic_theremin_bsp/\libhal_bsp.a(alt_dev.o)
 .text          0x00000000000059f0       0xe0 ../ultrasonic_theremin_bsp/\libhal_bsp.a(alt_dev_llist_insert.o)
                0x0000000000005a2c                alt_dev_llist_insert
 .text          0x0000000000005ad0       0x60 ../ultrasonic_theremin_bsp/\libhal_bsp.a(alt_do_ctors.o)
                0x0000000000005ad0                _do_ctors
 .text          0x0000000000005b30       0x60 ../ultrasonic_theremin_bsp/\libhal_bsp.a(alt_do_dtors.o)
                0x0000000000005b30                _do_dtors
 .text          0x0000000000005b90        0x0 ../ultrasonic_theremin_bsp/\libhal_bsp.a(alt_errno.o)
 .text          0x0000000000005b90       0x34 ../ultrasonic_theremin_bsp/\libhal_bsp.a(alt_icache_flush_all.o)
                0x0000000000005b90                alt_icache_flush_all
 .text          0x0000000000005bc4      0x1b0 ../ultrasonic_theremin_bsp/\libhal_bsp.a(alt_iic.o)
                0x0000000000005bc4                alt_ic_isr_register
                0x0000000000005c14                alt_ic_irq_enable
                0x0000000000005c9c                alt_ic_irq_disable
                0x0000000000005d28                alt_ic_irq_enabled
 .text          0x0000000000005d74       0xf0 ../ultrasonic_theremin_bsp/\libhal_bsp.a(alt_iic_isr_register.o)
                0x0000000000005d74                alt_iic_isr_register
 .text          0x0000000000005e64      0x140 ../ultrasonic_theremin_bsp/\libhal_bsp.a(alt_io_redirect.o)
                0x0000000000005f28                alt_io_redirect
 .text          0x0000000000005fa4        0x0 ../ultrasonic_theremin_bsp/\libhal_bsp.a(alt_irq_entry.o)
 .text          0x0000000000005fa4        0x0 ../ultrasonic_theremin_bsp/\libhal_bsp.a(alt_irq_handler.o)
 .text          0x0000000000005fa4        0x0 ../ultrasonic_theremin_bsp/\libhal_bsp.a(alt_irq_vars.o)
 .text          0x0000000000005fa4      0x254 ../ultrasonic_theremin_bsp/\libhal_bsp.a(alt_open.o)
                0x00000000000060a4                open
 .text          0x00000000000061f8       0x64 ../ultrasonic_theremin_bsp/\libhal_bsp.a(alt_release_fd.o)
                0x00000000000061f8                alt_release_fd
 .text          0x000000000000625c      0x1a4 ../ultrasonic_theremin_bsp/\libhal_bsp.a(alt_tick.o)
                0x000000000000625c                alt_alarm_stop
                0x00000000000062f8                alt_tick
 .text          0x0000000000006400       0x24 ../ultrasonic_theremin_bsp/\libhal_bsp.a(altera_nios2_gen2_irq.o)
                0x0000000000006400                altera_nios2_gen2_irq_init
 .text          0x0000000000006424        0x0 ../ultrasonic_theremin_bsp/\libhal_bsp.a(alt_exception_entry.o)
 .text          0x0000000000006424       0x90 ../ultrasonic_theremin_bsp/\libhal_bsp.a(alt_find_dev.o)
                0x0000000000006424                alt_find_dev
 .text          0x00000000000064b4      0x108 ../ultrasonic_theremin_bsp/\libhal_bsp.a(alt_find_file.o)
                0x00000000000064b4                alt_find_file
 .text          0x00000000000065bc       0xa4 ../ultrasonic_theremin_bsp/\libhal_bsp.a(alt_get_fd.o)
                0x00000000000065bc                alt_get_fd
 .text          0x0000000000006660       0x90 ../ultrasonic_theremin_bsp/\libhal_bsp.a(alt_icache_flush.o)
                0x0000000000006660                alt_icache_flush
 .text          0x00000000000066f0       0x9c ../ultrasonic_theremin_bsp/\libhal_bsp.a(alt_instruction_exception_entry.o)
                0x00000000000066f0                alt_exception_cause_generated_bad_addr
 .text          0x000000000000678c        0x0 c:/alteraquartus/nios2eds/bin/gnu/h-x86_64-mingw32/bin/../lib/gcc/nios2-elf/5.3.0/../../../../../H-x86_64-mingw32/nios2-elf/lib\libsmallc.a(lib_a-atexit.o)
 .text.atexit   0x000000000000678c       0x14 c:/alteraquartus/nios2eds/bin/gnu/h-x86_64-mingw32/bin/../lib/gcc/nios2-elf/5.3.0/../../../../../H-x86_64-mingw32/nios2-elf/lib\libsmallc.a(lib_a-atexit.o)
                0x000000000000678c                atexit
 .text          0x00000000000067a0        0x0 c:/alteraquartus/nios2eds/bin/gnu/h-x86_64-mingw32/bin/../lib/gcc/nios2-elf/5.3.0/../../../../../H-x86_64-mingw32/nios2-elf/lib\libsmallc.a(lib_a-exit.o)
 .text.exit     0x00000000000067a0       0x20 c:/alteraquartus/nios2eds/bin/gnu/h-x86_64-mingw32/bin/../lib/gcc/nios2-elf/5.3.0/../../../../../H-x86_64-mingw32/nios2-elf/lib\libsmallc.a(lib_a-exit.o)
                0x00000000000067a0                exit
 .text          0x00000000000067c0        0x0 c:/alteraquartus/nios2eds/bin/gnu/h-x86_64-mingw32/bin/../lib/gcc/nios2-elf/5.3.0/../../../../../H-x86_64-mingw32/nios2-elf/lib\libsmallc.a(lib_a-int_errno.o)
 .text          0x00000000000067c0        0x0 c:/alteraquartus/nios2eds/bin/gnu/h-x86_64-mingw32/bin/../lib/gcc/nios2-elf/5.3.0/../../../../../H-x86_64-mingw32/nios2-elf/lib\libsmallc.a(lib_a-memcmp.o)
 .text.memcmp   0x00000000000067c0       0x30 c:/alteraquartus/nios2eds/bin/gnu/h-x86_64-mingw32/bin/../lib/gcc/nios2-elf/5.3.0/../../../../../H-x86_64-mingw32/nios2-elf/lib\libsmallc.a(lib_a-memcmp.o)
                0x00000000000067c0                memcmp
 .text          0x00000000000067f0        0x0 c:/alteraquartus/nios2eds/bin/gnu/h-x86_64-mingw32/bin/../lib/gcc/nios2-elf/5.3.0/../../../../../H-x86_64-mingw32/nios2-elf/lib\libsmallc.a(lib_a-strlen.o)
 .text.strlen   0x00000000000067f0       0x1c c:/alteraquartus/nios2eds/bin/gnu/h-x86_64-mingw32/bin/../lib/gcc/nios2-elf/5.3.0/../../../../../H-x86_64-mingw32/nios2-elf/lib\libsmallc.a(lib_a-strlen.o)
                0x00000000000067f0                strlen
 .text          0x000000000000680c        0x0 c:/alteraquartus/nios2eds/bin/gnu/h-x86_64-mingw32/bin/../lib/gcc/nios2-elf/5.3.0/../../../../../H-x86_64-mingw32/nios2-elf/lib\libsmallc.a(lib_a-__atexit.o)
 .text.__register_exitproc
                0x000000000000680c      0x158 c:/alteraquartus/nios2eds/bin/gnu/h-x86_64-mingw32/bin/../lib/gcc/nios2-elf/5.3.0/../../../../../H-x86_64-mingw32/nios2-elf/lib\libsmallc.a(lib_a-__atexit.o)
                0x000000000000680c                __register_exitproc
 .text          0x0000000000006964        0x0 c:/alteraquartus/nios2eds/bin/gnu/h-x86_64-mingw32/bin/../lib/gcc/nios2-elf/5.3.0/../../../../../H-x86_64-mingw32/nios2-elf/lib\libsmallc.a(lib_a-__call_atexit.o)
 .text.__call_exitprocs
                0x0000000000006964      0x190 c:/alteraquartus/nios2eds/bin/gnu/h-x86_64-mingw32/bin/../lib/gcc/nios2-elf/5.3.0/../../../../../H-x86_64-mingw32/nios2-elf/lib\libsmallc.a(lib_a-__call_atexit.o)
                0x0000000000006964                __call_exitprocs
 .text          0x0000000000006af4        0x0 c:/alteraquartus/nios2eds/bin/gnu/h-x86_64-mingw32/bin/../lib/gcc/nios2-elf/5.3.0/../../../../../H-x86_64-mingw32/nios2-elf/lib\libsmallc.a(lib_a-impure.o)
 .text          0x0000000000006af4       0x34 ../ultrasonic_theremin_bsp/\libhal_bsp.a(alt_exit.o)
                0x0000000000006af4                _exit
 *(.gnu.warning.*)
 *(.fini)
                [!provide]                        PROVIDE (__etext, ABSOLUTE (.))
                [!provide]                        PROVIDE (_etext, ABSOLUTE (.))
                [!provide]                        PROVIDE (etext, ABSOLUTE (.))
 *(.eh_frame_hdr)
                0x0000000000006b28                . = ALIGN (0x4)
                [!provide]                        PROVIDE (__preinit_array_start, ABSOLUTE (.))
 *(.preinit_array)
                [!provide]                        PROVIDE (__preinit_array_end, ABSOLUTE (.))
                [!provide]                        PROVIDE (__init_array_start, ABSOLUTE (.))
 *(.init_array)
                [!provide]                        PROVIDE (__init_array_end, ABSOLUTE (.))
                [!provide]                        PROVIDE (__fini_array_start, ABSOLUTE (.))
 *(.fini_array)
                [!provide]                        PROVIDE (__fini_array_end, ABSOLUTE (.))
 *(.eh_frame)
 *(.gcc_except_table .gcc_except_table.*)
 *(.dynamic)
                0x0000000000006b28                PROVIDE (__CTOR_LIST__, ABSOLUTE (.))
 *(.ctors)
 *(SORT(.ctors.*))
                0x0000000000006b28                PROVIDE (__CTOR_END__, ABSOLUTE (.))
                0x0000000000006b28                PROVIDE (__DTOR_LIST__, ABSOLUTE (.))
 *(.dtors)
 *(SORT(.dtors.*))
                0x0000000000006b28                PROVIDE (__DTOR_END__, ABSOLUTE (.))
 *(.jcr)
                0x0000000000006b28                . = ALIGN (0x4)

.rodata         0x0000000000006b28      0x12c
                0x0000000000006b28                PROVIDE (__ram_rodata_start, ABSOLUTE (.))
                0x0000000000006b28                . = ALIGN (0x4)
 *(.rodata .rodata.* .gnu.linkonce.r.*)
 .rodata        0x0000000000006b28      0x100 c:/alteraquartus/nios2eds/bin/gnu/h-x86_64-mingw32/bin/../lib/gcc/nios2-elf/5.3.0\libgcc.a(_clz.o)
                0x0000000000006b28                __clz_tab
 .rodata        0x0000000000006c28        0xf ../ultrasonic_theremin_bsp/\libhal_bsp.a(alt_main.o)
 *fill*         0x0000000000006c37        0x1 
 .rodata        0x0000000000006c38        0xf ../ultrasonic_theremin_bsp/\libhal_bsp.a(alt_sys_init.o)
 *fill*         0x0000000000006c47        0x1 
 .rodata        0x0000000000006c48        0xa ../ultrasonic_theremin_bsp/\libhal_bsp.a(alt_dev.o)
 *(.rodata1)
                0x0000000000006c54                . = ALIGN (0x4)
 *fill*         0x0000000000006c52        0x2 
                0x0000000000006c54                PROVIDE (__ram_rodata_end, ABSOLUTE (.))
                0x0000000000006b28                PROVIDE (__flash_rodata_start, LOADADDR (.rodata))

.rwdata         0x0000000000006c54      0x340 load address 0x0000000000006f94
                0x0000000000006c54                PROVIDE (__ram_rwdata_start, ABSOLUTE (.))
                0x0000000000006c54                . = ALIGN (0x4)
 *(.got.plt)
 *(.got)
 *(.data1)
 *(.data .data.* .gnu.linkonce.d.*)
 .data          0x0000000000006c54        0x0 ../ultrasonic_theremin_bsp//obj/HAL/src/crt0.o
 .data          0x0000000000006c54       0x60 obj/default/ultrasonic_theremin.o
                0x0000000000006c54                happy_smiley
 .data          0x0000000000006cb4        0x0 c:/alteraquartus/nios2eds/bin/gnu/h-x86_64-mingw32/bin/../lib/gcc/nios2-elf/5.3.0\libgcc.a(divsf3.o)
 .data          0x0000000000006cb4        0x0 c:/alteraquartus/nios2eds/bin/gnu/h-x86_64-mingw32/bin/../lib/gcc/nios2-elf/5.3.0\libgcc.a(muldf3.o)
 .data          0x0000000000006cb4        0x0 c:/alteraquartus/nios2eds/bin/gnu/h-x86_64-mingw32/bin/../lib/gcc/nios2-elf/5.3.0\libgcc.a(floatunsidf.o)
 .data          0x0000000000006cb4        0x0 c:/alteraquartus/nios2eds/bin/gnu/h-x86_64-mingw32/bin/../lib/gcc/nios2-elf/5.3.0\libgcc.a(truncdfsf2.o)
 .data          0x0000000000006cb4        0x0 c:/alteraquartus/nios2eds/bin/gnu/h-x86_64-mingw32/bin/../lib/gcc/nios2-elf/5.3.0\libgcc.a(_clzsi2.o)
 .data          0x0000000000006cb4        0x0 c:/alteraquartus/nios2eds/bin/gnu/h-x86_64-mingw32/bin/../lib/gcc/nios2-elf/5.3.0\libgcc.a(_clz.o)
 .data          0x0000000000006cb4        0x0 ../ultrasonic_theremin_bsp/\libhal_bsp.a(alt_load.o)
 .data          0x0000000000006cb4        0x0 ../ultrasonic_theremin_bsp/\libhal_bsp.a(alt_main.o)
 .data          0x0000000000006cb4       0x2c ../ultrasonic_theremin_bsp/\libhal_bsp.a(alt_sys_init.o)
 .data          0x0000000000006ce0        0x0 ../ultrasonic_theremin_bsp/\libhal_bsp.a(altera_avalon_jtag_uart_fd.o)
 .data          0x0000000000006ce0        0x0 ../ultrasonic_theremin_bsp/\libhal_bsp.a(altera_avalon_jtag_uart_read.o)
 .data          0x0000000000006ce0        0x0 ../ultrasonic_theremin_bsp/\libhal_bsp.a(altera_avalon_jtag_uart_write.o)
 .data          0x0000000000006ce0        0x0 ../ultrasonic_theremin_bsp/\libhal_bsp.a(altera_avalon_timer_sc.o)
 .data          0x0000000000006ce0        0x0 ../ultrasonic_theremin_bsp/\libhal_bsp.a(alt_close.o)
 .data          0x0000000000006ce0        0x0 ../ultrasonic_theremin_bsp/\libhal_bsp.a(alt_dcache_flush_all.o)
 .data          0x0000000000006ce0      0x1a8 ../ultrasonic_theremin_bsp/\libhal_bsp.a(alt_dev.o)
                0x0000000000006ce0                alt_dev_null
                0x0000000000006d08                alt_fd_list
 .data          0x0000000000006e88        0x0 ../ultrasonic_theremin_bsp/\libhal_bsp.a(alt_dev_llist_insert.o)
 .data          0x0000000000006e88        0x0 ../ultrasonic_theremin_bsp/\libhal_bsp.a(alt_do_ctors.o)
 .data          0x0000000000006e88        0x0 ../ultrasonic_theremin_bsp/\libhal_bsp.a(alt_do_dtors.o)
 .data          0x0000000000006e88        0x0 ../ultrasonic_theremin_bsp/\libhal_bsp.a(alt_errno.o)
 .data          0x0000000000006e88        0x0 ../ultrasonic_theremin_bsp/\libhal_bsp.a(alt_icache_flush_all.o)
 .data          0x0000000000006e88        0x0 ../ultrasonic_theremin_bsp/\libhal_bsp.a(alt_iic.o)
 .data          0x0000000000006e88        0x0 ../ultrasonic_theremin_bsp/\libhal_bsp.a(alt_iic_isr_register.o)
 .data          0x0000000000006e88        0x0 ../ultrasonic_theremin_bsp/\libhal_bsp.a(alt_io_redirect.o)
 .data          0x0000000000006e88        0x0 ../ultrasonic_theremin_bsp/\libhal_bsp.a(alt_irq_entry.o)
 .data          0x0000000000006e88        0x0 ../ultrasonic_theremin_bsp/\libhal_bsp.a(alt_irq_handler.o)
 .data          0x0000000000006e88        0x0 ../ultrasonic_theremin_bsp/\libhal_bsp.a(alt_irq_vars.o)
 .data          0x0000000000006e88        0x0 ../ultrasonic_theremin_bsp/\libhal_bsp.a(alt_open.o)
 .data          0x0000000000006e88        0x0 ../ultrasonic_theremin_bsp/\libhal_bsp.a(alt_release_fd.o)
 .data          0x0000000000006e88        0x0 ../ultrasonic_theremin_bsp/\libhal_bsp.a(alt_tick.o)
 .data          0x0000000000006e88        0x0 ../ultrasonic_theremin_bsp/\libhal_bsp.a(altera_nios2_gen2_irq.o)
 .data          0x0000000000006e88        0x0 ../ultrasonic_theremin_bsp/\libhal_bsp.a(alt_exception_entry.o)
 .data          0x0000000000006e88        0x0 ../ultrasonic_theremin_bsp/\libhal_bsp.a(alt_find_dev.o)
 .data          0x0000000000006e88        0x0 ../ultrasonic_theremin_bsp/\libhal_bsp.a(alt_find_file.o)
 .data          0x0000000000006e88        0x0 ../ultrasonic_theremin_bsp/\libhal_bsp.a(alt_get_fd.o)
 .data          0x0000000000006e88        0x0 ../ultrasonic_theremin_bsp/\libhal_bsp.a(alt_icache_flush.o)
 .data          0x0000000000006e88        0x0 ../ultrasonic_theremin_bsp/\libhal_bsp.a(alt_instruction_exception_entry.o)
 .data          0x0000000000006e88        0x0 c:/alteraquartus/nios2eds/bin/gnu/h-x86_64-mingw32/bin/../lib/gcc/nios2-elf/5.3.0/../../../../../H-x86_64-mingw32/nios2-elf/lib\libsmallc.a(lib_a-atexit.o)
 .data          0x0000000000006e88        0x0 c:/alteraquartus/nios2eds/bin/gnu/h-x86_64-mingw32/bin/../lib/gcc/nios2-elf/5.3.0/../../../../../H-x86_64-mingw32/nios2-elf/lib\libsmallc.a(lib_a-exit.o)
 .data          0x0000000000006e88        0x0 c:/alteraquartus/nios2eds/bin/gnu/h-x86_64-mingw32/bin/../lib/gcc/nios2-elf/5.3.0/../../../../../H-x86_64-mingw32/nios2-elf/lib\libsmallc.a(lib_a-int_errno.o)
 .data          0x0000000000006e88        0x0 c:/alteraquartus/nios2eds/bin/gnu/h-x86_64-mingw32/bin/../lib/gcc/nios2-elf/5.3.0/../../../../../H-x86_64-mingw32/nios2-elf/lib\libsmallc.a(lib_a-memcmp.o)
 .data          0x0000000000006e88        0x0 c:/alteraquartus/nios2eds/bin/gnu/h-x86_64-mingw32/bin/../lib/gcc/nios2-elf/5.3.0/../../../../../H-x86_64-mingw32/nios2-elf/lib\libsmallc.a(lib_a-strlen.o)
 .data          0x0000000000006e88        0x0 c:/alteraquartus/nios2eds/bin/gnu/h-x86_64-mingw32/bin/../lib/gcc/nios2-elf/5.3.0/../../../../../H-x86_64-mingw32/nios2-elf/lib\libsmallc.a(lib_a-__atexit.o)
 .data          0x0000000000006e88        0x0 c:/alteraquartus/nios2eds/bin/gnu/h-x86_64-mingw32/bin/../lib/gcc/nios2-elf/5.3.0/../../../../../H-x86_64-mingw32/nios2-elf/lib\libsmallc.a(lib_a-__call_atexit.o)
 .data          0x0000000000006e88        0x0 c:/alteraquartus/nios2eds/bin/gnu/h-x86_64-mingw32/bin/../lib/gcc/nios2-elf/5.3.0/../../../../../H-x86_64-mingw32/nios2-elf/lib\libsmallc.a(lib_a-impure.o)
 .data.impure_data
                0x0000000000006e88       0xe0 c:/alteraquartus/nios2eds/bin/gnu/h-x86_64-mingw32/bin/../lib/gcc/nios2-elf/5.3.0/../../../../../H-x86_64-mingw32/nios2-elf/lib\libsmallc.a(lib_a-impure.o)
 .data          0x0000000000006f68        0x0 ../ultrasonic_theremin_bsp/\libhal_bsp.a(alt_exit.o)
                0x000000000000ef68                _gp = ABSOLUTE ((. + 0x8000))
                [!provide]                        PROVIDE (gp, _gp)
 *(.rwdata .rwdata.*)
 *(.sdata .sdata.* .gnu.linkonce.s.*)
 .sdata         0x0000000000006f68       0x14 ../ultrasonic_theremin_bsp/\libhal_bsp.a(alt_dev.o)
                0x0000000000006f68                alt_fs_list
                0x0000000000006f70                alt_dev_list
                0x0000000000006f78                alt_max_fd
 .sdata         0x0000000000006f7c        0x4 ../ultrasonic_theremin_bsp/\libhal_bsp.a(alt_errno.o)
                0x0000000000006f7c                alt_errno
 .sdata         0x0000000000006f80        0x4 ../ultrasonic_theremin_bsp/\libhal_bsp.a(alt_irq_vars.o)
                0x0000000000006f80                alt_priority_mask
 .sdata         0x0000000000006f84        0x8 ../ultrasonic_theremin_bsp/\libhal_bsp.a(alt_tick.o)
                0x0000000000006f84                alt_alarm_list
 .sdata._global_impure_ptr
                0x0000000000006f8c        0x4 c:/alteraquartus/nios2eds/bin/gnu/h-x86_64-mingw32/bin/../lib/gcc/nios2-elf/5.3.0/../../../../../H-x86_64-mingw32/nios2-elf/lib\libsmallc.a(lib_a-impure.o)
                0x0000000000006f8c                _global_impure_ptr
 .sdata._impure_ptr
                0x0000000000006f90        0x4 c:/alteraquartus/nios2eds/bin/gnu/h-x86_64-mingw32/bin/../lib/gcc/nios2-elf/5.3.0/../../../../../H-x86_64-mingw32/nios2-elf/lib\libsmallc.a(lib_a-impure.o)
                0x0000000000006f90                _impure_ptr
 *(.sdata2 .sdata2.* .gnu.linkonce.s2.*)
                0x0000000000006f94                . = ALIGN (0x4)
                0x0000000000006f94                _edata = ABSOLUTE (.)
                [!provide]                        PROVIDE (edata, ABSOLUTE (.))
                0x0000000000006f94                PROVIDE (__ram_rwdata_end, ABSOLUTE (.))
                0x0000000000006f94                PROVIDE (__flash_rwdata_start, LOADADDR (.rwdata))

.bss            0x00000000000072d4      0x120
                0x00000000000072d4                __bss_start = ABSOLUTE (.)
                [!provide]                        PROVIDE (__sbss_start, ABSOLUTE (.))
                [!provide]                        PROVIDE (___sbss_start, ABSOLUTE (.))
 *(.dynsbss)
 *(.sbss .sbss.* .gnu.linkonce.sb.*)
 .sbss          0x00000000000072d4        0xc ../ultrasonic_theremin_bsp/\libhal_bsp.a(alt_main.o)
                0x00000000000072d4                alt_argc
                0x00000000000072d8                alt_argv
                0x00000000000072dc                alt_envp
 .sbss          0x00000000000072e0        0x4 ../ultrasonic_theremin_bsp/\libhal_bsp.a(alt_irq_vars.o)
                0x00000000000072e0                alt_irq_active
 .sbss          0x00000000000072e4        0x8 ../ultrasonic_theremin_bsp/\libhal_bsp.a(alt_tick.o)
                0x00000000000072e4                _alt_tick_rate
                0x00000000000072e8                _alt_nticks
 .sbss          0x00000000000072ec        0x4 ../ultrasonic_theremin_bsp/\libhal_bsp.a(alt_instruction_exception_entry.o)
                0x00000000000072ec                alt_instruction_exception_handler
 .sbss          0x00000000000072f0        0x4 c:/alteraquartus/nios2eds/bin/gnu/h-x86_64-mingw32/bin/../lib/gcc/nios2-elf/5.3.0/../../../../../H-x86_64-mingw32/nios2-elf/lib\libsmallc.a(lib_a-int_errno.o)
                0x00000000000072f0                errno
 *(.sbss2 .sbss2.* .gnu.linkonce.sb2.*)
 *(.scommon)
                [!provide]                        PROVIDE (__sbss_end, ABSOLUTE (.))
                [!provide]                        PROVIDE (___sbss_end, ABSOLUTE (.))
 *(.dynbss)
 *(.bss .bss.* .gnu.linkonce.b.*)
 .bss           0x00000000000072f4        0x0 ../ultrasonic_theremin_bsp//obj/HAL/src/crt0.o
 .bss           0x00000000000072f4        0x0 obj/default/ultrasonic_theremin.o
 .bss           0x00000000000072f4        0x0 c:/alteraquartus/nios2eds/bin/gnu/h-x86_64-mingw32/bin/../lib/gcc/nios2-elf/5.3.0\libgcc.a(divsf3.o)
 .bss           0x00000000000072f4        0x0 c:/alteraquartus/nios2eds/bin/gnu/h-x86_64-mingw32/bin/../lib/gcc/nios2-elf/5.3.0\libgcc.a(muldf3.o)
 .bss           0x00000000000072f4        0x0 c:/alteraquartus/nios2eds/bin/gnu/h-x86_64-mingw32/bin/../lib/gcc/nios2-elf/5.3.0\libgcc.a(floatunsidf.o)
 .bss           0x00000000000072f4        0x0 c:/alteraquartus/nios2eds/bin/gnu/h-x86_64-mingw32/bin/../lib/gcc/nios2-elf/5.3.0\libgcc.a(truncdfsf2.o)
 .bss           0x00000000000072f4        0x0 c:/alteraquartus/nios2eds/bin/gnu/h-x86_64-mingw32/bin/../lib/gcc/nios2-elf/5.3.0\libgcc.a(_clzsi2.o)
 .bss           0x00000000000072f4        0x0 c:/alteraquartus/nios2eds/bin/gnu/h-x86_64-mingw32/bin/../lib/gcc/nios2-elf/5.3.0\libgcc.a(_clz.o)
 .bss           0x00000000000072f4        0x0 ../ultrasonic_theremin_bsp/\libhal_bsp.a(alt_load.o)
 .bss           0x00000000000072f4        0x0 ../ultrasonic_theremin_bsp/\libhal_bsp.a(alt_main.o)
 .bss           0x00000000000072f4        0x0 ../ultrasonic_theremin_bsp/\libhal_bsp.a(alt_sys_init.o)
 .bss           0x00000000000072f4        0x0 ../ultrasonic_theremin_bsp/\libhal_bsp.a(altera_avalon_jtag_uart_fd.o)
 .bss           0x00000000000072f4        0x0 ../ultrasonic_theremin_bsp/\libhal_bsp.a(altera_avalon_jtag_uart_read.o)
 .bss           0x00000000000072f4        0x0 ../ultrasonic_theremin_bsp/\libhal_bsp.a(altera_avalon_jtag_uart_write.o)
 .bss           0x00000000000072f4        0x0 ../ultrasonic_theremin_bsp/\libhal_bsp.a(altera_avalon_timer_sc.o)
 .bss           0x00000000000072f4        0x0 ../ultrasonic_theremin_bsp/\libhal_bsp.a(alt_close.o)
 .bss           0x00000000000072f4        0x0 ../ultrasonic_theremin_bsp/\libhal_bsp.a(alt_dcache_flush_all.o)
 .bss           0x00000000000072f4        0x0 ../ultrasonic_theremin_bsp/\libhal_bsp.a(alt_dev.o)
 .bss           0x00000000000072f4        0x0 ../ultrasonic_theremin_bsp/\libhal_bsp.a(alt_dev_llist_insert.o)
 .bss           0x00000000000072f4        0x0 ../ultrasonic_theremin_bsp/\libhal_bsp.a(alt_do_ctors.o)
 .bss           0x00000000000072f4        0x0 ../ultrasonic_theremin_bsp/\libhal_bsp.a(alt_do_dtors.o)
 .bss           0x00000000000072f4        0x0 ../ultrasonic_theremin_bsp/\libhal_bsp.a(alt_errno.o)
 .bss           0x00000000000072f4        0x0 ../ultrasonic_theremin_bsp/\libhal_bsp.a(alt_icache_flush_all.o)
 .bss           0x00000000000072f4        0x0 ../ultrasonic_theremin_bsp/\libhal_bsp.a(alt_iic.o)
 .bss           0x00000000000072f4        0x0 ../ultrasonic_theremin_bsp/\libhal_bsp.a(alt_iic_isr_register.o)
 .bss           0x00000000000072f4        0x0 ../ultrasonic_theremin_bsp/\libhal_bsp.a(alt_io_redirect.o)
 .bss           0x00000000000072f4        0x0 ../ultrasonic_theremin_bsp/\libhal_bsp.a(alt_irq_entry.o)
 .bss           0x00000000000072f4        0x0 ../ultrasonic_theremin_bsp/\libhal_bsp.a(alt_irq_handler.o)
 .bss           0x00000000000072f4        0x0 ../ultrasonic_theremin_bsp/\libhal_bsp.a(alt_irq_vars.o)
 .bss           0x00000000000072f4        0x0 ../ultrasonic_theremin_bsp/\libhal_bsp.a(alt_open.o)
 .bss           0x00000000000072f4        0x0 ../ultrasonic_theremin_bsp/\libhal_bsp.a(alt_release_fd.o)
 .bss           0x00000000000072f4        0x0 ../ultrasonic_theremin_bsp/\libhal_bsp.a(alt_tick.o)
 .bss           0x00000000000072f4        0x0 ../ultrasonic_theremin_bsp/\libhal_bsp.a(altera_nios2_gen2_irq.o)
 .bss           0x00000000000072f4        0x0 ../ultrasonic_theremin_bsp/\libhal_bsp.a(alt_exception_entry.o)
 .bss           0x00000000000072f4        0x0 ../ultrasonic_theremin_bsp/\libhal_bsp.a(alt_find_dev.o)
 .bss           0x00000000000072f4        0x0 ../ultrasonic_theremin_bsp/\libhal_bsp.a(alt_find_file.o)
 .bss           0x00000000000072f4        0x0 ../ultrasonic_theremin_bsp/\libhal_bsp.a(alt_get_fd.o)
 .bss           0x00000000000072f4        0x0 ../ultrasonic_theremin_bsp/\libhal_bsp.a(alt_icache_flush.o)
 .bss           0x00000000000072f4        0x0 ../ultrasonic_theremin_bsp/\libhal_bsp.a(alt_instruction_exception_entry.o)
 .bss           0x00000000000072f4        0x0 c:/alteraquartus/nios2eds/bin/gnu/h-x86_64-mingw32/bin/../lib/gcc/nios2-elf/5.3.0/../../../../../H-x86_64-mingw32/nios2-elf/lib\libsmallc.a(lib_a-atexit.o)
 .bss           0x00000000000072f4        0x0 c:/alteraquartus/nios2eds/bin/gnu/h-x86_64-mingw32/bin/../lib/gcc/nios2-elf/5.3.0/../../../../../H-x86_64-mingw32/nios2-elf/lib\libsmallc.a(lib_a-exit.o)
 .bss           0x00000000000072f4        0x0 c:/alteraquartus/nios2eds/bin/gnu/h-x86_64-mingw32/bin/../lib/gcc/nios2-elf/5.3.0/../../../../../H-x86_64-mingw32/nios2-elf/lib\libsmallc.a(lib_a-int_errno.o)
 .bss           0x00000000000072f4        0x0 c:/alteraquartus/nios2eds/bin/gnu/h-x86_64-mingw32/bin/../lib/gcc/nios2-elf/5.3.0/../../../../../H-x86_64-mingw32/nios2-elf/lib\libsmallc.a(lib_a-memcmp.o)
 .bss           0x00000000000072f4        0x0 c:/alteraquartus/nios2eds/bin/gnu/h-x86_64-mingw32/bin/../lib/gcc/nios2-elf/5.3.0/../../../../../H-x86_64-mingw32/nios2-elf/lib\libsmallc.a(lib_a-strlen.o)
 .bss           0x00000000000072f4        0x0 c:/alteraquartus/nios2eds/bin/gnu/h-x86_64-mingw32/bin/../lib/gcc/nios2-elf/5.3.0/../../../../../H-x86_64-mingw32/nios2-elf/lib\libsmallc.a(lib_a-__atexit.o)
 .bss           0x00000000000072f4        0x0 c:/alteraquartus/nios2eds/bin/gnu/h-x86_64-mingw32/bin/../lib/gcc/nios2-elf/5.3.0/../../../../../H-x86_64-mingw32/nios2-elf/lib\libsmallc.a(lib_a-__call_atexit.o)
 .bss           0x00000000000072f4        0x0 c:/alteraquartus/nios2eds/bin/gnu/h-x86_64-mingw32/bin/../lib/gcc/nios2-elf/5.3.0/../../../../../H-x86_64-mingw32/nios2-elf/lib\libsmallc.a(lib_a-impure.o)
 .bss           0x00000000000072f4        0x0 ../ultrasonic_theremin_bsp/\libhal_bsp.a(alt_exit.o)
 *(COMMON)
 COMMON         0x00000000000072f4      0x100 ../ultrasonic_theremin_bsp/\libhal_bsp.a(alt_irq_handler.o)
                0x00000000000072f4                alt_irq
                0x00000000000073f4                . = ALIGN (0x4)
                0x00000000000073f4                __bss_end = ABSOLUTE (.)

.onchip_ram     0x00000000000073f4        0x0
                [!provide]                        PROVIDE (_alt_partition_onchip_ram_start, ABSOLUTE (.))
 *(.onchip_ram .onchip_ram. onchip_ram.*)
                0x00000000000073f4                . = ALIGN (0x4)
                [!provide]                        PROVIDE (_alt_partition_onchip_ram_end, ABSOLUTE (.))
                0x00000000000073f4                _end = ABSOLUTE (.)
                0x00000000000073f4                end = ABSOLUTE (.)
                0x00000000000073f4                __alt_stack_base = ABSOLUTE (.)
                [!provide]                        PROVIDE (_alt_partition_onchip_ram_load_addr, LOADADDR (.onchip_ram))

.stab
 *(.stab)

.stabstr
 *(.stabstr)

.stab.excl
 *(.stab.excl)

.stab.exclstr
 *(.stab.exclstr)

.stab.index
 *(.stab.index)

.stab.indexstr
 *(.stab.indexstr)

.comment        0x0000000000000000       0x23
 *(.comment)
 .comment       0x0000000000000000       0x23 obj/default/ultrasonic_theremin.o
                                         0x24 (size before relaxing)
 .comment       0x0000000000000023       0x24 c:/alteraquartus/nios2eds/bin/gnu/h-x86_64-mingw32/bin/../lib/gcc/nios2-elf/5.3.0\libgcc.a(divsf3.o)
 .comment       0x0000000000000023       0x24 c:/alteraquartus/nios2eds/bin/gnu/h-x86_64-mingw32/bin/../lib/gcc/nios2-elf/5.3.0\libgcc.a(muldf3.o)
 .comment       0x0000000000000023       0x24 c:/alteraquartus/nios2eds/bin/gnu/h-x86_64-mingw32/bin/../lib/gcc/nios2-elf/5.3.0\libgcc.a(floatunsidf.o)
 .comment       0x0000000000000023       0x24 c:/alteraquartus/nios2eds/bin/gnu/h-x86_64-mingw32/bin/../lib/gcc/nios2-elf/5.3.0\libgcc.a(truncdfsf2.o)
 .comment       0x0000000000000023       0x24 c:/alteraquartus/nios2eds/bin/gnu/h-x86_64-mingw32/bin/../lib/gcc/nios2-elf/5.3.0\libgcc.a(_clzsi2.o)
 .comment       0x0000000000000023       0x24 c:/alteraquartus/nios2eds/bin/gnu/h-x86_64-mingw32/bin/../lib/gcc/nios2-elf/5.3.0\libgcc.a(_clz.o)
 .comment       0x0000000000000023       0x24 ../ultrasonic_theremin_bsp/\libhal_bsp.a(alt_load.o)
 .comment       0x0000000000000023       0x24 ../ultrasonic_theremin_bsp/\libhal_bsp.a(alt_main.o)
 .comment       0x0000000000000023       0x24 ../ultrasonic_theremin_bsp/\libhal_bsp.a(alt_sys_init.o)
 .comment       0x0000000000000023       0x24 ../ultrasonic_theremin_bsp/\libhal_bsp.a(altera_avalon_jtag_uart_fd.o)
 .comment       0x0000000000000023       0x24 ../ultrasonic_theremin_bsp/\libhal_bsp.a(altera_avalon_jtag_uart_read.o)
 .comment       0x0000000000000023       0x24 ../ultrasonic_theremin_bsp/\libhal_bsp.a(altera_avalon_jtag_uart_write.o)
 .comment       0x0000000000000023       0x24 ../ultrasonic_theremin_bsp/\libhal_bsp.a(altera_avalon_timer_sc.o)
 .comment       0x0000000000000023       0x24 ../ultrasonic_theremin_bsp/\libhal_bsp.a(alt_close.o)
 .comment       0x0000000000000023       0x24 ../ultrasonic_theremin_bsp/\libhal_bsp.a(alt_dcache_flush_all.o)
 .comment       0x0000000000000023       0x24 ../ultrasonic_theremin_bsp/\libhal_bsp.a(alt_dev.o)
 .comment       0x0000000000000023       0x24 ../ultrasonic_theremin_bsp/\libhal_bsp.a(alt_dev_llist_insert.o)
 .comment       0x0000000000000023       0x24 ../ultrasonic_theremin_bsp/\libhal_bsp.a(alt_do_ctors.o)
 .comment       0x0000000000000023       0x24 ../ultrasonic_theremin_bsp/\libhal_bsp.a(alt_do_dtors.o)
 .comment       0x0000000000000023       0x24 ../ultrasonic_theremin_bsp/\libhal_bsp.a(alt_errno.o)
 .comment       0x0000000000000023       0x24 ../ultrasonic_theremin_bsp/\libhal_bsp.a(alt_icache_flush_all.o)
 .comment       0x0000000000000023       0x24 ../ultrasonic_theremin_bsp/\libhal_bsp.a(alt_iic.o)
 .comment       0x0000000000000023       0x24 ../ultrasonic_theremin_bsp/\libhal_bsp.a(alt_iic_isr_register.o)
 .comment       0x0000000000000023       0x24 ../ultrasonic_theremin_bsp/\libhal_bsp.a(alt_io_redirect.o)
 .comment       0x0000000000000023       0x24 ../ultrasonic_theremin_bsp/\libhal_bsp.a(alt_irq_handler.o)
 .comment       0x0000000000000023       0x24 ../ultrasonic_theremin_bsp/\libhal_bsp.a(alt_irq_vars.o)
 .comment       0x0000000000000023       0x24 ../ultrasonic_theremin_bsp/\libhal_bsp.a(alt_open.o)
 .comment       0x0000000000000023       0x24 ../ultrasonic_theremin_bsp/\libhal_bsp.a(alt_release_fd.o)
 .comment       0x0000000000000023       0x24 ../ultrasonic_theremin_bsp/\libhal_bsp.a(alt_tick.o)
 .comment       0x0000000000000023       0x24 ../ultrasonic_theremin_bsp/\libhal_bsp.a(altera_nios2_gen2_irq.o)
 .comment       0x0000000000000023       0x24 ../ultrasonic_theremin_bsp/\libhal_bsp.a(alt_find_dev.o)
 .comment       0x0000000000000023       0x24 ../ultrasonic_theremin_bsp/\libhal_bsp.a(alt_find_file.o)
 .comment       0x0000000000000023       0x24 ../ultrasonic_theremin_bsp/\libhal_bsp.a(alt_get_fd.o)
 .comment       0x0000000000000023       0x24 ../ultrasonic_theremin_bsp/\libhal_bsp.a(alt_icache_flush.o)
 .comment       0x0000000000000023       0x24 ../ultrasonic_theremin_bsp/\libhal_bsp.a(alt_instruction_exception_entry.o)
 .comment       0x0000000000000023       0x24 c:/alteraquartus/nios2eds/bin/gnu/h-x86_64-mingw32/bin/../lib/gcc/nios2-elf/5.3.0/../../../../../H-x86_64-mingw32/nios2-elf/lib\libsmallc.a(lib_a-atexit.o)
 .comment       0x0000000000000023       0x24 c:/alteraquartus/nios2eds/bin/gnu/h-x86_64-mingw32/bin/../lib/gcc/nios2-elf/5.3.0/../../../../../H-x86_64-mingw32/nios2-elf/lib\libsmallc.a(lib_a-exit.o)
 .comment       0x0000000000000023       0x24 c:/alteraquartus/nios2eds/bin/gnu/h-x86_64-mingw32/bin/../lib/gcc/nios2-elf/5.3.0/../../../../../H-x86_64-mingw32/nios2-elf/lib\libsmallc.a(lib_a-int_errno.o)
 .comment       0x0000000000000023       0x24 c:/alteraquartus/nios2eds/bin/gnu/h-x86_64-mingw32/bin/../lib/gcc/nios2-elf/5.3.0/../../../../../H-x86_64-mingw32/nios2-elf/lib\libsmallc.a(lib_a-memcmp.o)
 .comment       0x0000000000000023       0x24 c:/alteraquartus/nios2eds/bin/gnu/h-x86_64-mingw32/bin/../lib/gcc/nios2-elf/5.3.0/../../../../../H-x86_64-mingw32/nios2-elf/lib\libsmallc.a(lib_a-strlen.o)
 .comment       0x0000000000000023       0x24 c:/alteraquartus/nios2eds/bin/gnu/h-x86_64-mingw32/bin/../lib/gcc/nios2-elf/5.3.0/../../../../../H-x86_64-mingw32/nios2-elf/lib\libsmallc.a(lib_a-__atexit.o)
 .comment       0x0000000000000023       0x24 c:/alteraquartus/nios2eds/bin/gnu/h-x86_64-mingw32/bin/../lib/gcc/nios2-elf/5.3.0/../../../../../H-x86_64-mingw32/nios2-elf/lib\libsmallc.a(lib_a-__call_atexit.o)
 .comment       0x0000000000000023       0x24 c:/alteraquartus/nios2eds/bin/gnu/h-x86_64-mingw32/bin/../lib/gcc/nios2-elf/5.3.0/../../../../../H-x86_64-mingw32/nios2-elf/lib\libsmallc.a(lib_a-impure.o)
 .comment       0x0000000000000023       0x24 ../ultrasonic_theremin_bsp/\libhal_bsp.a(alt_exit.o)

.debug
 *(.debug)

.line
 *(.line)

.debug_srcinfo
 *(.debug_srcinfo)

.debug_sfnames
 *(.debug_sfnames)

.debug_aranges  0x0000000000000000      0x610
 *(.debug_aranges)
 .debug_aranges
                0x0000000000000000       0x28 ../ultrasonic_theremin_bsp//obj/HAL/src/crt0.o
 .debug_aranges
                0x0000000000000028       0x20 obj/default/ultrasonic_theremin.o
 .debug_aranges
                0x0000000000000048       0x20 c:/alteraquartus/nios2eds/bin/gnu/h-x86_64-mingw32/bin/../lib/gcc/nios2-elf/5.3.0\libgcc.a(divsf3.o)
 .debug_aranges
                0x0000000000000068       0x20 c:/alteraquartus/nios2eds/bin/gnu/h-x86_64-mingw32/bin/../lib/gcc/nios2-elf/5.3.0\libgcc.a(muldf3.o)
 .debug_aranges
                0x0000000000000088       0x20 c:/alteraquartus/nios2eds/bin/gnu/h-x86_64-mingw32/bin/../lib/gcc/nios2-elf/5.3.0\libgcc.a(floatunsidf.o)
 .debug_aranges
                0x00000000000000a8       0x20 c:/alteraquartus/nios2eds/bin/gnu/h-x86_64-mingw32/bin/../lib/gcc/nios2-elf/5.3.0\libgcc.a(truncdfsf2.o)
 .debug_aranges
                0x00000000000000c8       0x20 c:/alteraquartus/nios2eds/bin/gnu/h-x86_64-mingw32/bin/../lib/gcc/nios2-elf/5.3.0\libgcc.a(_clzsi2.o)
 .debug_aranges
                0x00000000000000e8       0x18 c:/alteraquartus/nios2eds/bin/gnu/h-x86_64-mingw32/bin/../lib/gcc/nios2-elf/5.3.0\libgcc.a(_clz.o)
 .debug_aranges
                0x0000000000000100       0x20 ../ultrasonic_theremin_bsp/\libhal_bsp.a(alt_load.o)
 .debug_aranges
                0x0000000000000120       0x20 ../ultrasonic_theremin_bsp/\libhal_bsp.a(alt_main.o)
 .debug_aranges
                0x0000000000000140       0x20 ../ultrasonic_theremin_bsp/\libhal_bsp.a(alt_sys_init.o)
 .debug_aranges
                0x0000000000000160       0x20 ../ultrasonic_theremin_bsp/\libhal_bsp.a(altera_avalon_jtag_uart_fd.o)
 .debug_aranges
                0x0000000000000180       0x20 ../ultrasonic_theremin_bsp/\libhal_bsp.a(altera_avalon_jtag_uart_read.o)
 .debug_aranges
                0x00000000000001a0       0x20 ../ultrasonic_theremin_bsp/\libhal_bsp.a(altera_avalon_jtag_uart_write.o)
 .debug_aranges
                0x00000000000001c0       0x20 ../ultrasonic_theremin_bsp/\libhal_bsp.a(altera_avalon_timer_sc.o)
 .debug_aranges
                0x00000000000001e0       0x20 ../ultrasonic_theremin_bsp/\libhal_bsp.a(alt_close.o)
 .debug_aranges
                0x0000000000000200       0x20 ../ultrasonic_theremin_bsp/\libhal_bsp.a(alt_dcache_flush_all.o)
 .debug_aranges
                0x0000000000000220       0x20 ../ultrasonic_theremin_bsp/\libhal_bsp.a(alt_dev.o)
 .debug_aranges
                0x0000000000000240       0x20 ../ultrasonic_theremin_bsp/\libhal_bsp.a(alt_dev_llist_insert.o)
 .debug_aranges
                0x0000000000000260       0x20 ../ultrasonic_theremin_bsp/\libhal_bsp.a(alt_do_ctors.o)
 .debug_aranges
                0x0000000000000280       0x20 ../ultrasonic_theremin_bsp/\libhal_bsp.a(alt_do_dtors.o)
 .debug_aranges
                0x00000000000002a0       0x18 ../ultrasonic_theremin_bsp/\libhal_bsp.a(alt_errno.o)
 .debug_aranges
                0x00000000000002b8       0x20 ../ultrasonic_theremin_bsp/\libhal_bsp.a(alt_icache_flush_all.o)
 .debug_aranges
                0x00000000000002d8       0x20 ../ultrasonic_theremin_bsp/\libhal_bsp.a(alt_iic.o)
 .debug_aranges
                0x00000000000002f8       0x20 ../ultrasonic_theremin_bsp/\libhal_bsp.a(alt_iic_isr_register.o)
 .debug_aranges
                0x0000000000000318       0x20 ../ultrasonic_theremin_bsp/\libhal_bsp.a(alt_io_redirect.o)
 .debug_aranges
                0x0000000000000338       0x30 ../ultrasonic_theremin_bsp/\libhal_bsp.a(alt_irq_entry.o)
 .debug_aranges
                0x0000000000000368       0x20 ../ultrasonic_theremin_bsp/\libhal_bsp.a(alt_irq_handler.o)
 .debug_aranges
                0x0000000000000388       0x18 ../ultrasonic_theremin_bsp/\libhal_bsp.a(alt_irq_vars.o)
 .debug_aranges
                0x00000000000003a0       0x20 ../ultrasonic_theremin_bsp/\libhal_bsp.a(alt_open.o)
 .debug_aranges
                0x00000000000003c0       0x20 ../ultrasonic_theremin_bsp/\libhal_bsp.a(alt_release_fd.o)
 .debug_aranges
                0x00000000000003e0       0x20 ../ultrasonic_theremin_bsp/\libhal_bsp.a(alt_tick.o)
 .debug_aranges
                0x0000000000000400       0x20 ../ultrasonic_theremin_bsp/\libhal_bsp.a(altera_nios2_gen2_irq.o)
 .debug_aranges
                0x0000000000000420       0x38 ../ultrasonic_theremin_bsp/\libhal_bsp.a(alt_exception_entry.o)
 .debug_aranges
                0x0000000000000458       0x20 ../ultrasonic_theremin_bsp/\libhal_bsp.a(alt_find_dev.o)
 .debug_aranges
                0x0000000000000478       0x20 ../ultrasonic_theremin_bsp/\libhal_bsp.a(alt_find_file.o)
 .debug_aranges
                0x0000000000000498       0x20 ../ultrasonic_theremin_bsp/\libhal_bsp.a(alt_get_fd.o)
 .debug_aranges
                0x00000000000004b8       0x20 ../ultrasonic_theremin_bsp/\libhal_bsp.a(alt_icache_flush.o)
 .debug_aranges
                0x00000000000004d8       0x28 ../ultrasonic_theremin_bsp/\libhal_bsp.a(alt_instruction_exception_entry.o)
 .debug_aranges
                0x0000000000000500       0x20 c:/alteraquartus/nios2eds/bin/gnu/h-x86_64-mingw32/bin/../lib/gcc/nios2-elf/5.3.0/../../../../../H-x86_64-mingw32/nios2-elf/lib\libsmallc.a(lib_a-atexit.o)
 .debug_aranges
                0x0000000000000520       0x20 c:/alteraquartus/nios2eds/bin/gnu/h-x86_64-mingw32/bin/../lib/gcc/nios2-elf/5.3.0/../../../../../H-x86_64-mingw32/nios2-elf/lib\libsmallc.a(lib_a-exit.o)
 .debug_aranges
                0x0000000000000540       0x18 c:/alteraquartus/nios2eds/bin/gnu/h-x86_64-mingw32/bin/../lib/gcc/nios2-elf/5.3.0/../../../../../H-x86_64-mingw32/nios2-elf/lib\libsmallc.a(lib_a-int_errno.o)
 .debug_aranges
                0x0000000000000558       0x20 c:/alteraquartus/nios2eds/bin/gnu/h-x86_64-mingw32/bin/../lib/gcc/nios2-elf/5.3.0/../../../../../H-x86_64-mingw32/nios2-elf/lib\libsmallc.a(lib_a-memcmp.o)
 .debug_aranges
                0x0000000000000578       0x20 c:/alteraquartus/nios2eds/bin/gnu/h-x86_64-mingw32/bin/../lib/gcc/nios2-elf/5.3.0/../../../../../H-x86_64-mingw32/nios2-elf/lib\libsmallc.a(lib_a-strlen.o)
 .debug_aranges
                0x0000000000000598       0x20 c:/alteraquartus/nios2eds/bin/gnu/h-x86_64-mingw32/bin/../lib/gcc/nios2-elf/5.3.0/../../../../../H-x86_64-mingw32/nios2-elf/lib\libsmallc.a(lib_a-__atexit.o)
 .debug_aranges
                0x00000000000005b8       0x20 c:/alteraquartus/nios2eds/bin/gnu/h-x86_64-mingw32/bin/../lib/gcc/nios2-elf/5.3.0/../../../../../H-x86_64-mingw32/nios2-elf/lib\libsmallc.a(lib_a-__call_atexit.o)
 .debug_aranges
                0x00000000000005d8       0x18 c:/alteraquartus/nios2eds/bin/gnu/h-x86_64-mingw32/bin/../lib/gcc/nios2-elf/5.3.0/../../../../../H-x86_64-mingw32/nios2-elf/lib\libsmallc.a(lib_a-impure.o)
 .debug_aranges
                0x00000000000005f0       0x20 ../ultrasonic_theremin_bsp/\libhal_bsp.a(alt_exit.o)

.debug_pubnames
 *(.debug_pubnames)

.debug_info     0x0000000000000000     0x6694
 *(.debug_info .gnu.linkonce.wi.*)
 .debug_info    0x0000000000000000       0x7a ../ultrasonic_theremin_bsp//obj/HAL/src/crt0.o
 .debug_info    0x000000000000007a      0x233 obj/default/ultrasonic_theremin.o
 .debug_info    0x00000000000002ad      0x2b7 c:/alteraquartus/nios2eds/bin/gnu/h-x86_64-mingw32/bin/../lib/gcc/nios2-elf/5.3.0\libgcc.a(divsf3.o)
 .debug_info    0x0000000000000564      0x5f5 c:/alteraquartus/nios2eds/bin/gnu/h-x86_64-mingw32/bin/../lib/gcc/nios2-elf/5.3.0\libgcc.a(muldf3.o)
 .debug_info    0x0000000000000b59      0x1b0 c:/alteraquartus/nios2eds/bin/gnu/h-x86_64-mingw32/bin/../lib/gcc/nios2-elf/5.3.0\libgcc.a(floatunsidf.o)
 .debug_info    0x0000000000000d09      0x248 c:/alteraquartus/nios2eds/bin/gnu/h-x86_64-mingw32/bin/../lib/gcc/nios2-elf/5.3.0\libgcc.a(truncdfsf2.o)
 .debug_info    0x0000000000000f51      0x124 c:/alteraquartus/nios2eds/bin/gnu/h-x86_64-mingw32/bin/../lib/gcc/nios2-elf/5.3.0\libgcc.a(_clzsi2.o)
 .debug_info    0x0000000000001075       0xb2 c:/alteraquartus/nios2eds/bin/gnu/h-x86_64-mingw32/bin/../lib/gcc/nios2-elf/5.3.0\libgcc.a(_clz.o)
 .debug_info    0x0000000000001127      0x145 ../ultrasonic_theremin_bsp/\libhal_bsp.a(alt_load.o)
 .debug_info    0x000000000000126c      0x131 ../ultrasonic_theremin_bsp/\libhal_bsp.a(alt_main.o)
 .debug_info    0x000000000000139d      0x3df ../ultrasonic_theremin_bsp/\libhal_bsp.a(alt_sys_init.o)
 .debug_info    0x000000000000177c      0x3a7 ../ultrasonic_theremin_bsp/\libhal_bsp.a(altera_avalon_jtag_uart_fd.o)
 .debug_info    0x0000000000001b23      0x1b2 ../ultrasonic_theremin_bsp/\libhal_bsp.a(altera_avalon_jtag_uart_read.o)
 .debug_info    0x0000000000001cd5      0x195 ../ultrasonic_theremin_bsp/\libhal_bsp.a(altera_avalon_jtag_uart_write.o)
 .debug_info    0x0000000000001e6a      0x226 ../ultrasonic_theremin_bsp/\libhal_bsp.a(altera_avalon_timer_sc.o)
 .debug_info    0x0000000000002090      0x321 ../ultrasonic_theremin_bsp/\libhal_bsp.a(alt_close.o)
 .debug_info    0x00000000000023b1       0xa5 ../ultrasonic_theremin_bsp/\libhal_bsp.a(alt_dcache_flush_all.o)
 .debug_info    0x0000000000002456      0x49c ../ultrasonic_theremin_bsp/\libhal_bsp.a(alt_dev.o)
 .debug_info    0x00000000000028f2      0x1a9 ../ultrasonic_theremin_bsp/\libhal_bsp.a(alt_dev_llist_insert.o)
 .debug_info    0x0000000000002a9b       0x83 ../ultrasonic_theremin_bsp/\libhal_bsp.a(alt_do_ctors.o)
 .debug_info    0x0000000000002b1e       0x83 ../ultrasonic_theremin_bsp/\libhal_bsp.a(alt_do_dtors.o)
 .debug_info    0x0000000000002ba1       0xa6 ../ultrasonic_theremin_bsp/\libhal_bsp.a(alt_errno.o)
 .debug_info    0x0000000000002c47       0x92 ../ultrasonic_theremin_bsp/\libhal_bsp.a(alt_icache_flush_all.o)
 .debug_info    0x0000000000002cd9      0x350 ../ultrasonic_theremin_bsp/\libhal_bsp.a(alt_iic.o)
 .debug_info    0x0000000000003029      0x1ef ../ultrasonic_theremin_bsp/\libhal_bsp.a(alt_iic_isr_register.o)
 .debug_info    0x0000000000003218      0x4a5 ../ultrasonic_theremin_bsp/\libhal_bsp.a(alt_io_redirect.o)
 .debug_info    0x00000000000036bd       0x83 ../ultrasonic_theremin_bsp/\libhal_bsp.a(alt_irq_entry.o)
 .debug_info    0x0000000000003740      0x187 ../ultrasonic_theremin_bsp/\libhal_bsp.a(alt_irq_handler.o)
 .debug_info    0x00000000000038c7       0x88 ../ultrasonic_theremin_bsp/\libhal_bsp.a(alt_irq_vars.o)
 .debug_info    0x000000000000394f      0x3bb ../ultrasonic_theremin_bsp/\libhal_bsp.a(alt_open.o)
 .debug_info    0x0000000000003d0a      0x2b0 ../ultrasonic_theremin_bsp/\libhal_bsp.a(alt_release_fd.o)
 .debug_info    0x0000000000003fba      0x299 ../ultrasonic_theremin_bsp/\libhal_bsp.a(alt_tick.o)
 .debug_info    0x0000000000004253       0x92 ../ultrasonic_theremin_bsp/\libhal_bsp.a(altera_nios2_gen2_irq.o)
 .debug_info    0x00000000000042e5       0x89 ../ultrasonic_theremin_bsp/\libhal_bsp.a(alt_exception_entry.o)
 .debug_info    0x000000000000436e      0x2e9 ../ultrasonic_theremin_bsp/\libhal_bsp.a(alt_find_dev.o)
 .debug_info    0x0000000000004657      0x2e6 ../ultrasonic_theremin_bsp/\libhal_bsp.a(alt_find_file.o)
 .debug_info    0x000000000000493d      0x310 ../ultrasonic_theremin_bsp/\libhal_bsp.a(alt_get_fd.o)
 .debug_info    0x0000000000004c4d       0xdc ../ultrasonic_theremin_bsp/\libhal_bsp.a(alt_icache_flush.o)
 .debug_info    0x0000000000004d29      0x1e7 ../ultrasonic_theremin_bsp/\libhal_bsp.a(alt_instruction_exception_entry.o)
 .debug_info    0x0000000000004f10       0xfe c:/alteraquartus/nios2eds/bin/gnu/h-x86_64-mingw32/bin/../lib/gcc/nios2-elf/5.3.0/../../../../../H-x86_64-mingw32/nios2-elf/lib\libsmallc.a(lib_a-atexit.o)
 .debug_info    0x000000000000500e       0xe5 c:/alteraquartus/nios2eds/bin/gnu/h-x86_64-mingw32/bin/../lib/gcc/nios2-elf/5.3.0/../../../../../H-x86_64-mingw32/nios2-elf/lib\libsmallc.a(lib_a-exit.o)
 .debug_info    0x00000000000050f3       0x8a c:/alteraquartus/nios2eds/bin/gnu/h-x86_64-mingw32/bin/../lib/gcc/nios2-elf/5.3.0/../../../../../H-x86_64-mingw32/nios2-elf/lib\libsmallc.a(lib_a-int_errno.o)
 .debug_info    0x000000000000517d       0xf4 c:/alteraquartus/nios2eds/bin/gnu/h-x86_64-mingw32/bin/../lib/gcc/nios2-elf/5.3.0/../../../../../H-x86_64-mingw32/nios2-elf/lib\libsmallc.a(lib_a-memcmp.o)
 .debug_info    0x0000000000005271       0xc9 c:/alteraquartus/nios2eds/bin/gnu/h-x86_64-mingw32/bin/../lib/gcc/nios2-elf/5.3.0/../../../../../H-x86_64-mingw32/nios2-elf/lib\libsmallc.a(lib_a-strlen.o)
 .debug_info    0x000000000000533a      0x64a c:/alteraquartus/nios2eds/bin/gnu/h-x86_64-mingw32/bin/../lib/gcc/nios2-elf/5.3.0/../../../../../H-x86_64-mingw32/nios2-elf/lib\libsmallc.a(lib_a-__atexit.o)
 .debug_info    0x0000000000005984      0x67b c:/alteraquartus/nios2eds/bin/gnu/h-x86_64-mingw32/bin/../lib/gcc/nios2-elf/5.3.0/../../../../../H-x86_64-mingw32/nios2-elf/lib\libsmallc.a(lib_a-__call_atexit.o)
 .debug_info    0x0000000000005fff      0x5a9 c:/alteraquartus/nios2eds/bin/gnu/h-x86_64-mingw32/bin/../lib/gcc/nios2-elf/5.3.0/../../../../../H-x86_64-mingw32/nios2-elf/lib\libsmallc.a(lib_a-impure.o)
 .debug_info    0x00000000000065a8       0xec ../ultrasonic_theremin_bsp/\libhal_bsp.a(alt_exit.o)

.debug_abbrev   0x0000000000000000     0x2838
 *(.debug_abbrev)
 .debug_abbrev  0x0000000000000000       0x12 ../ultrasonic_theremin_bsp//obj/HAL/src/crt0.o
 .debug_abbrev  0x0000000000000012      0x11d obj/default/ultrasonic_theremin.o
 .debug_abbrev  0x000000000000012f      0x120 c:/alteraquartus/nios2eds/bin/gnu/h-x86_64-mingw32/bin/../lib/gcc/nios2-elf/5.3.0\libgcc.a(divsf3.o)
 .debug_abbrev  0x000000000000024f      0x13f c:/alteraquartus/nios2eds/bin/gnu/h-x86_64-mingw32/bin/../lib/gcc/nios2-elf/5.3.0\libgcc.a(muldf3.o)
 .debug_abbrev  0x000000000000038e      0x124 c:/alteraquartus/nios2eds/bin/gnu/h-x86_64-mingw32/bin/../lib/gcc/nios2-elf/5.3.0\libgcc.a(floatunsidf.o)
 .debug_abbrev  0x00000000000004b2      0x11b c:/alteraquartus/nios2eds/bin/gnu/h-x86_64-mingw32/bin/../lib/gcc/nios2-elf/5.3.0\libgcc.a(truncdfsf2.o)
 .debug_abbrev  0x00000000000005cd       0xbe c:/alteraquartus/nios2eds/bin/gnu/h-x86_64-mingw32/bin/../lib/gcc/nios2-elf/5.3.0\libgcc.a(_clzsi2.o)
 .debug_abbrev  0x000000000000068b       0x5d c:/alteraquartus/nios2eds/bin/gnu/h-x86_64-mingw32/bin/../lib/gcc/nios2-elf/5.3.0\libgcc.a(_clz.o)
 .debug_abbrev  0x00000000000006e8       0x9f ../ultrasonic_theremin_bsp/\libhal_bsp.a(alt_load.o)
 .debug_abbrev  0x0000000000000787       0xba ../ultrasonic_theremin_bsp/\libhal_bsp.a(alt_main.o)
 .debug_abbrev  0x0000000000000841      0x157 ../ultrasonic_theremin_bsp/\libhal_bsp.a(alt_sys_init.o)
 .debug_abbrev  0x0000000000000998       0xf7 ../ultrasonic_theremin_bsp/\libhal_bsp.a(altera_avalon_jtag_uart_fd.o)
 .debug_abbrev  0x0000000000000a8f       0xd5 ../ultrasonic_theremin_bsp/\libhal_bsp.a(altera_avalon_jtag_uart_read.o)
 .debug_abbrev  0x0000000000000b64       0xd5 ../ultrasonic_theremin_bsp/\libhal_bsp.a(altera_avalon_jtag_uart_write.o)
 .debug_abbrev  0x0000000000000c39      0x155 ../ultrasonic_theremin_bsp/\libhal_bsp.a(altera_avalon_timer_sc.o)
 .debug_abbrev  0x0000000000000d8e      0x11f ../ultrasonic_theremin_bsp/\libhal_bsp.a(alt_close.o)
 .debug_abbrev  0x0000000000000ead       0x5a ../ultrasonic_theremin_bsp/\libhal_bsp.a(alt_dcache_flush_all.o)
 .debug_abbrev  0x0000000000000f07       0xd9 ../ultrasonic_theremin_bsp/\libhal_bsp.a(alt_dev.o)
 .debug_abbrev  0x0000000000000fe0      0x114 ../ultrasonic_theremin_bsp/\libhal_bsp.a(alt_dev_llist_insert.o)
 .debug_abbrev  0x00000000000010f4       0x79 ../ultrasonic_theremin_bsp/\libhal_bsp.a(alt_do_ctors.o)
 .debug_abbrev  0x000000000000116d       0x79 ../ultrasonic_theremin_bsp/\libhal_bsp.a(alt_do_dtors.o)
 .debug_abbrev  0x00000000000011e6       0x5a ../ultrasonic_theremin_bsp/\libhal_bsp.a(alt_errno.o)
 .debug_abbrev  0x0000000000001240       0x42 ../ultrasonic_theremin_bsp/\libhal_bsp.a(alt_icache_flush_all.o)
 .debug_abbrev  0x0000000000001282      0x163 ../ultrasonic_theremin_bsp/\libhal_bsp.a(alt_iic.o)
 .debug_abbrev  0x00000000000013e5      0x169 ../ultrasonic_theremin_bsp/\libhal_bsp.a(alt_iic_isr_register.o)
 .debug_abbrev  0x000000000000154e      0x114 ../ultrasonic_theremin_bsp/\libhal_bsp.a(alt_io_redirect.o)
 .debug_abbrev  0x0000000000001662       0x12 ../ultrasonic_theremin_bsp/\libhal_bsp.a(alt_irq_entry.o)
 .debug_abbrev  0x0000000000001674      0x122 ../ultrasonic_theremin_bsp/\libhal_bsp.a(alt_irq_handler.o)
 .debug_abbrev  0x0000000000001796       0x40 ../ultrasonic_theremin_bsp/\libhal_bsp.a(alt_irq_vars.o)
 .debug_abbrev  0x00000000000017d6      0x148 ../ultrasonic_theremin_bsp/\libhal_bsp.a(alt_open.o)
 .debug_abbrev  0x000000000000191e       0xde ../ultrasonic_theremin_bsp/\libhal_bsp.a(alt_release_fd.o)
 .debug_abbrev  0x00000000000019fc      0x15a ../ultrasonic_theremin_bsp/\libhal_bsp.a(alt_tick.o)
 .debug_abbrev  0x0000000000001b56       0x42 ../ultrasonic_theremin_bsp/\libhal_bsp.a(altera_nios2_gen2_irq.o)
 .debug_abbrev  0x0000000000001b98       0x12 ../ultrasonic_theremin_bsp/\libhal_bsp.a(alt_exception_entry.o)
 .debug_abbrev  0x0000000000001baa       0xf0 ../ultrasonic_theremin_bsp/\libhal_bsp.a(alt_find_dev.o)
 .debug_abbrev  0x0000000000001c9a       0xf0 ../ultrasonic_theremin_bsp/\libhal_bsp.a(alt_find_file.o)
 .debug_abbrev  0x0000000000001d8a      0x10d ../ultrasonic_theremin_bsp/\libhal_bsp.a(alt_get_fd.o)
 .debug_abbrev  0x0000000000001e97       0x8c ../ultrasonic_theremin_bsp/\libhal_bsp.a(alt_icache_flush.o)
 .debug_abbrev  0x0000000000001f23       0xdc ../ultrasonic_theremin_bsp/\libhal_bsp.a(alt_instruction_exception_entry.o)
 .debug_abbrev  0x0000000000001fff       0xaa c:/alteraquartus/nios2eds/bin/gnu/h-x86_64-mingw32/bin/../lib/gcc/nios2-elf/5.3.0/../../../../../H-x86_64-mingw32/nios2-elf/lib\libsmallc.a(lib_a-atexit.o)
 .debug_abbrev  0x00000000000020a9       0x8b c:/alteraquartus/nios2eds/bin/gnu/h-x86_64-mingw32/bin/../lib/gcc/nios2-elf/5.3.0/../../../../../H-x86_64-mingw32/nios2-elf/lib\libsmallc.a(lib_a-exit.o)
 .debug_abbrev  0x0000000000002134       0x37 c:/alteraquartus/nios2eds/bin/gnu/h-x86_64-mingw32/bin/../lib/gcc/nios2-elf/5.3.0/../../../../../H-x86_64-mingw32/nios2-elf/lib\libsmallc.a(lib_a-int_errno.o)
 .debug_abbrev  0x000000000000216b       0x7f c:/alteraquartus/nios2eds/bin/gnu/h-x86_64-mingw32/bin/../lib/gcc/nios2-elf/5.3.0/../../../../../H-x86_64-mingw32/nios2-elf/lib\libsmallc.a(lib_a-memcmp.o)
 .debug_abbrev  0x00000000000021ea       0x7f c:/alteraquartus/nios2eds/bin/gnu/h-x86_64-mingw32/bin/../lib/gcc/nios2-elf/5.3.0/../../../../../H-x86_64-mingw32/nios2-elf/lib\libsmallc.a(lib_a-strlen.o)
 .debug_abbrev  0x0000000000002269      0x1e6 c:/alteraquartus/nios2eds/bin/gnu/h-x86_64-mingw32/bin/../lib/gcc/nios2-elf/5.3.0/../../../../../H-x86_64-mingw32/nios2-elf/lib\libsmallc.a(lib_a-__atexit.o)
 .debug_abbrev  0x000000000000244f      0x1f6 c:/alteraquartus/nios2eds/bin/gnu/h-x86_64-mingw32/bin/../lib/gcc/nios2-elf/5.3.0/../../../../../H-x86_64-mingw32/nios2-elf/lib\libsmallc.a(lib_a-__call_atexit.o)
 .debug_abbrev  0x0000000000002645      0x14a c:/alteraquartus/nios2eds/bin/gnu/h-x86_64-mingw32/bin/../lib/gcc/nios2-elf/5.3.0/../../../../../H-x86_64-mingw32/nios2-elf/lib\libsmallc.a(lib_a-impure.o)
 .debug_abbrev  0x000000000000278f       0xa9 ../ultrasonic_theremin_bsp/\libhal_bsp.a(alt_exit.o)

.debug_line     0x0000000000000000     0x2a16
 *(.debug_line)
 .debug_line    0x0000000000000000       0x72 ../ultrasonic_theremin_bsp//obj/HAL/src/crt0.o
 .debug_line    0x0000000000000072      0x16e obj/default/ultrasonic_theremin.o
 .debug_line    0x00000000000001e0      0x169 c:/alteraquartus/nios2eds/bin/gnu/h-x86_64-mingw32/bin/../lib/gcc/nios2-elf/5.3.0\libgcc.a(divsf3.o)
 .debug_line    0x0000000000000349      0x1e3 c:/alteraquartus/nios2eds/bin/gnu/h-x86_64-mingw32/bin/../lib/gcc/nios2-elf/5.3.0\libgcc.a(muldf3.o)
 .debug_line    0x000000000000052c       0x92 c:/alteraquartus/nios2eds/bin/gnu/h-x86_64-mingw32/bin/../lib/gcc/nios2-elf/5.3.0\libgcc.a(floatunsidf.o)
 .debug_line    0x00000000000005be       0xf7 c:/alteraquartus/nios2eds/bin/gnu/h-x86_64-mingw32/bin/../lib/gcc/nios2-elf/5.3.0\libgcc.a(truncdfsf2.o)
 .debug_line    0x00000000000006b5       0xb7 c:/alteraquartus/nios2eds/bin/gnu/h-x86_64-mingw32/bin/../lib/gcc/nios2-elf/5.3.0\libgcc.a(_clzsi2.o)
 .debug_line    0x000000000000076c       0x53 c:/alteraquartus/nios2eds/bin/gnu/h-x86_64-mingw32/bin/../lib/gcc/nios2-elf/5.3.0\libgcc.a(_clz.o)
 .debug_line    0x00000000000007bf       0x8e ../ultrasonic_theremin_bsp/\libhal_bsp.a(alt_load.o)
 .debug_line    0x000000000000084d       0xa4 ../ultrasonic_theremin_bsp/\libhal_bsp.a(alt_main.o)
 .debug_line    0x00000000000008f1      0x142 ../ultrasonic_theremin_bsp/\libhal_bsp.a(alt_sys_init.o)
 .debug_line    0x0000000000000a33      0x112 ../ultrasonic_theremin_bsp/\libhal_bsp.a(altera_avalon_jtag_uart_fd.o)
 .debug_line    0x0000000000000b45       0xfd ../ultrasonic_theremin_bsp/\libhal_bsp.a(altera_avalon_jtag_uart_read.o)
 .debug_line    0x0000000000000c42       0xf4 ../ultrasonic_theremin_bsp/\libhal_bsp.a(altera_avalon_jtag_uart_write.o)
 .debug_line    0x0000000000000d36       0xfd ../ultrasonic_theremin_bsp/\libhal_bsp.a(altera_avalon_timer_sc.o)
 .debug_line    0x0000000000000e33      0x15f ../ultrasonic_theremin_bsp/\libhal_bsp.a(alt_close.o)
 .debug_line    0x0000000000000f92       0x61 ../ultrasonic_theremin_bsp/\libhal_bsp.a(alt_dcache_flush_all.o)
 .debug_line    0x0000000000000ff3       0xf2 ../ultrasonic_theremin_bsp/\libhal_bsp.a(alt_dev.o)
 .debug_line    0x00000000000010e5       0xcf ../ultrasonic_theremin_bsp/\libhal_bsp.a(alt_dev_llist_insert.o)
 .debug_line    0x00000000000011b4       0x59 ../ultrasonic_theremin_bsp/\libhal_bsp.a(alt_do_ctors.o)
 .debug_line    0x000000000000120d       0x59 ../ultrasonic_theremin_bsp/\libhal_bsp.a(alt_do_dtors.o)
 .debug_line    0x0000000000001266       0x51 ../ultrasonic_theremin_bsp/\libhal_bsp.a(alt_errno.o)
 .debug_line    0x00000000000012b7       0x50 ../ultrasonic_theremin_bsp/\libhal_bsp.a(alt_icache_flush_all.o)
 .debug_line    0x0000000000001307       0xeb ../ultrasonic_theremin_bsp/\libhal_bsp.a(alt_iic.o)
 .debug_line    0x00000000000013f2       0xdb ../ultrasonic_theremin_bsp/\libhal_bsp.a(alt_iic_isr_register.o)
 .debug_line    0x00000000000014cd      0x12d ../ultrasonic_theremin_bsp/\libhal_bsp.a(alt_io_redirect.o)
 .debug_line    0x00000000000015fa       0x6b ../ultrasonic_theremin_bsp/\libhal_bsp.a(alt_irq_entry.o)
 .debug_line    0x0000000000001665       0xaa ../ultrasonic_theremin_bsp/\libhal_bsp.a(alt_irq_handler.o)
 .debug_line    0x000000000000170f       0x50 ../ultrasonic_theremin_bsp/\libhal_bsp.a(alt_irq_vars.o)
 .debug_line    0x000000000000175f      0x128 ../ultrasonic_theremin_bsp/\libhal_bsp.a(alt_open.o)
 .debug_line    0x0000000000001887       0xae ../ultrasonic_theremin_bsp/\libhal_bsp.a(alt_release_fd.o)
 .debug_line    0x0000000000001935       0xff ../ultrasonic_theremin_bsp/\libhal_bsp.a(alt_tick.o)
 .debug_line    0x0000000000001a34       0x51 ../ultrasonic_theremin_bsp/\libhal_bsp.a(altera_nios2_gen2_irq.o)
 .debug_line    0x0000000000001a85       0xb3 ../ultrasonic_theremin_bsp/\libhal_bsp.a(alt_exception_entry.o)
 .debug_line    0x0000000000001b38       0xb5 ../ultrasonic_theremin_bsp/\libhal_bsp.a(alt_find_dev.o)
 .debug_line    0x0000000000001bed       0xd1 ../ultrasonic_theremin_bsp/\libhal_bsp.a(alt_find_file.o)
 .debug_line    0x0000000000001cbe       0xd4 ../ultrasonic_theremin_bsp/\libhal_bsp.a(alt_get_fd.o)
 .debug_line    0x0000000000001d92       0x81 ../ultrasonic_theremin_bsp/\libhal_bsp.a(alt_icache_flush.o)
 .debug_line    0x0000000000001e13       0xba ../ultrasonic_theremin_bsp/\libhal_bsp.a(alt_instruction_exception_entry.o)
 .debug_line    0x0000000000001ecd       0xe4 c:/alteraquartus/nios2eds/bin/gnu/h-x86_64-mingw32/bin/../lib/gcc/nios2-elf/5.3.0/../../../../../H-x86_64-mingw32/nios2-elf/lib\libsmallc.a(lib_a-atexit.o)
 .debug_line    0x0000000000001fb1      0x156 c:/alteraquartus/nios2eds/bin/gnu/h-x86_64-mingw32/bin/../lib/gcc/nios2-elf/5.3.0/../../../../../H-x86_64-mingw32/nios2-elf/lib\libsmallc.a(lib_a-exit.o)
 .debug_line    0x0000000000002107       0x5c c:/alteraquartus/nios2eds/bin/gnu/h-x86_64-mingw32/bin/../lib/gcc/nios2-elf/5.3.0/../../../../../H-x86_64-mingw32/nios2-elf/lib\libsmallc.a(lib_a-int_errno.o)
 .debug_line    0x0000000000002163      0x15d c:/alteraquartus/nios2eds/bin/gnu/h-x86_64-mingw32/bin/../lib/gcc/nios2-elf/5.3.0/../../../../../H-x86_64-mingw32/nios2-elf/lib\libsmallc.a(lib_a-memcmp.o)
 .debug_line    0x00000000000022c0      0x159 c:/alteraquartus/nios2eds/bin/gnu/h-x86_64-mingw32/bin/../lib/gcc/nios2-elf/5.3.0/../../../../../H-x86_64-mingw32/nios2-elf/lib\libsmallc.a(lib_a-strlen.o)
 .debug_line    0x0000000000002419      0x20a c:/alteraquartus/nios2eds/bin/gnu/h-x86_64-mingw32/bin/../lib/gcc/nios2-elf/5.3.0/../../../../../H-x86_64-mingw32/nios2-elf/lib\libsmallc.a(lib_a-__atexit.o)
 .debug_line    0x0000000000002623      0x22f c:/alteraquartus/nios2eds/bin/gnu/h-x86_64-mingw32/bin/../lib/gcc/nios2-elf/5.3.0/../../../../../H-x86_64-mingw32/nios2-elf/lib\libsmallc.a(lib_a-__call_atexit.o)
 .debug_line    0x0000000000002852      0x153 c:/alteraquartus/nios2eds/bin/gnu/h-x86_64-mingw32/bin/../lib/gcc/nios2-elf/5.3.0/../../../../../H-x86_64-mingw32/nios2-elf/lib\libsmallc.a(lib_a-impure.o)
 .debug_line    0x00000000000029a5       0x71 ../ultrasonic_theremin_bsp/\libhal_bsp.a(alt_exit.o)

.debug_frame    0x0000000000000000      0xb74
 *(.debug_frame)
 .debug_frame   0x0000000000000000      0x108 obj/default/ultrasonic_theremin.o
 .debug_frame   0x0000000000000108       0x58 c:/alteraquartus/nios2eds/bin/gnu/h-x86_64-mingw32/bin/../lib/gcc/nios2-elf/5.3.0\libgcc.a(divsf3.o)
 .debug_frame   0x0000000000000160       0x58 c:/alteraquartus/nios2eds/bin/gnu/h-x86_64-mingw32/bin/../lib/gcc/nios2-elf/5.3.0\libgcc.a(muldf3.o)
 .debug_frame   0x00000000000001b8       0x34 c:/alteraquartus/nios2eds/bin/gnu/h-x86_64-mingw32/bin/../lib/gcc/nios2-elf/5.3.0\libgcc.a(floatunsidf.o)
 .debug_frame   0x00000000000001ec       0x20 c:/alteraquartus/nios2eds/bin/gnu/h-x86_64-mingw32/bin/../lib/gcc/nios2-elf/5.3.0\libgcc.a(truncdfsf2.o)
 .debug_frame   0x000000000000020c       0x20 c:/alteraquartus/nios2eds/bin/gnu/h-x86_64-mingw32/bin/../lib/gcc/nios2-elf/5.3.0\libgcc.a(_clzsi2.o)
 .debug_frame   0x000000000000022c       0x5c ../ultrasonic_theremin_bsp/\libhal_bsp.a(alt_load.o)
 .debug_frame   0x0000000000000288       0x2c ../ultrasonic_theremin_bsp/\libhal_bsp.a(alt_main.o)
 .debug_frame   0x00000000000002b4       0x88 ../ultrasonic_theremin_bsp/\libhal_bsp.a(alt_sys_init.o)
 .debug_frame   0x000000000000033c       0x60 ../ultrasonic_theremin_bsp/\libhal_bsp.a(altera_avalon_jtag_uart_fd.o)
 .debug_frame   0x000000000000039c       0x34 ../ultrasonic_theremin_bsp/\libhal_bsp.a(altera_avalon_jtag_uart_read.o)
 .debug_frame   0x00000000000003d0       0x34 ../ultrasonic_theremin_bsp/\libhal_bsp.a(altera_avalon_jtag_uart_write.o)
 .debug_frame   0x0000000000000404       0x60 ../ultrasonic_theremin_bsp/\libhal_bsp.a(altera_avalon_timer_sc.o)
 .debug_frame   0x0000000000000464       0x60 ../ultrasonic_theremin_bsp/\libhal_bsp.a(alt_close.o)
 .debug_frame   0x00000000000004c4       0x34 ../ultrasonic_theremin_bsp/\libhal_bsp.a(alt_dcache_flush_all.o)
 .debug_frame   0x00000000000004f8       0x34 ../ultrasonic_theremin_bsp/\libhal_bsp.a(alt_dev.o)
 .debug_frame   0x000000000000052c       0x60 ../ultrasonic_theremin_bsp/\libhal_bsp.a(alt_dev_llist_insert.o)
 .debug_frame   0x000000000000058c       0x38 ../ultrasonic_theremin_bsp/\libhal_bsp.a(alt_do_ctors.o)
 .debug_frame   0x00000000000005c4       0x38 ../ultrasonic_theremin_bsp/\libhal_bsp.a(alt_do_dtors.o)
 .debug_frame   0x00000000000005fc       0x38 ../ultrasonic_theremin_bsp/\libhal_bsp.a(alt_icache_flush_all.o)
 .debug_frame   0x0000000000000634       0xa4 ../ultrasonic_theremin_bsp/\libhal_bsp.a(alt_iic.o)
 .debug_frame   0x00000000000006d8       0x38 ../ultrasonic_theremin_bsp/\libhal_bsp.a(alt_iic_isr_register.o)
 .debug_frame   0x0000000000000710       0x60 ../ultrasonic_theremin_bsp/\libhal_bsp.a(alt_io_redirect.o)
 .debug_frame   0x0000000000000770       0x38 ../ultrasonic_theremin_bsp/\libhal_bsp.a(alt_irq_handler.o)
 .debug_frame   0x00000000000007a8       0x84 ../ultrasonic_theremin_bsp/\libhal_bsp.a(alt_open.o)
 .debug_frame   0x000000000000082c       0x34 ../ultrasonic_theremin_bsp/\libhal_bsp.a(alt_release_fd.o)
 .debug_frame   0x0000000000000860       0x5c ../ultrasonic_theremin_bsp/\libhal_bsp.a(alt_tick.o)
 .debug_frame   0x00000000000008bc       0x34 ../ultrasonic_theremin_bsp/\libhal_bsp.a(altera_nios2_gen2_irq.o)
 .debug_frame   0x00000000000008f0       0x38 ../ultrasonic_theremin_bsp/\libhal_bsp.a(alt_find_dev.o)
 .debug_frame   0x0000000000000928       0x38 ../ultrasonic_theremin_bsp/\libhal_bsp.a(alt_find_file.o)
 .debug_frame   0x0000000000000960       0x34 ../ultrasonic_theremin_bsp/\libhal_bsp.a(alt_get_fd.o)
 .debug_frame   0x0000000000000994       0x34 ../ultrasonic_theremin_bsp/\libhal_bsp.a(alt_icache_flush.o)
 .debug_frame   0x00000000000009c8       0x5c ../ultrasonic_theremin_bsp/\libhal_bsp.a(alt_instruction_exception_entry.o)
 .debug_frame   0x0000000000000a24       0x20 c:/alteraquartus/nios2eds/bin/gnu/h-x86_64-mingw32/bin/../lib/gcc/nios2-elf/5.3.0/../../../../../H-x86_64-mingw32/nios2-elf/lib\libsmallc.a(lib_a-atexit.o)
 .debug_frame   0x0000000000000a44       0x28 c:/alteraquartus/nios2eds/bin/gnu/h-x86_64-mingw32/bin/../lib/gcc/nios2-elf/5.3.0/../../../../../H-x86_64-mingw32/nios2-elf/lib\libsmallc.a(lib_a-exit.o)
 .debug_frame   0x0000000000000a6c       0x20 c:/alteraquartus/nios2eds/bin/gnu/h-x86_64-mingw32/bin/../lib/gcc/nios2-elf/5.3.0/../../../../../H-x86_64-mingw32/nios2-elf/lib\libsmallc.a(lib_a-memcmp.o)
 .debug_frame   0x0000000000000a8c       0x20 c:/alteraquartus/nios2eds/bin/gnu/h-x86_64-mingw32/bin/../lib/gcc/nios2-elf/5.3.0/../../../../../H-x86_64-mingw32/nios2-elf/lib\libsmallc.a(lib_a-strlen.o)
 .debug_frame   0x0000000000000aac       0x48 c:/alteraquartus/nios2eds/bin/gnu/h-x86_64-mingw32/bin/../lib/gcc/nios2-elf/5.3.0/../../../../../H-x86_64-mingw32/nios2-elf/lib\libsmallc.a(lib_a-__atexit.o)
 .debug_frame   0x0000000000000af4       0x54 c:/alteraquartus/nios2eds/bin/gnu/h-x86_64-mingw32/bin/../lib/gcc/nios2-elf/5.3.0/../../../../../H-x86_64-mingw32/nios2-elf/lib\libsmallc.a(lib_a-__call_atexit.o)
 .debug_frame   0x0000000000000b48       0x2c ../ultrasonic_theremin_bsp/\libhal_bsp.a(alt_exit.o)

.debug_str      0x0000000000000000     0x1d89
 *(.debug_str)
 .debug_str     0x0000000000000000      0x198 obj/default/ultrasonic_theremin.o
                                        0x20d (size before relaxing)
 .debug_str     0x0000000000000198      0x201 c:/alteraquartus/nios2eds/bin/gnu/h-x86_64-mingw32/bin/../lib/gcc/nios2-elf/5.3.0\libgcc.a(divsf3.o)
                                        0x286 (size before relaxing)
 .debug_str     0x0000000000000399      0x1f0 c:/alteraquartus/nios2eds/bin/gnu/h-x86_64-mingw32/bin/../lib/gcc/nios2-elf/5.3.0\libgcc.a(muldf3.o)
                                        0x3a8 (size before relaxing)
 .debug_str     0x0000000000000589       0x75 c:/alteraquartus/nios2eds/bin/gnu/h-x86_64-mingw32/bin/../lib/gcc/nios2-elf/5.3.0\libgcc.a(floatunsidf.o)
                                        0x225 (size before relaxing)
 .debug_str     0x00000000000005fe       0x57 c:/alteraquartus/nios2eds/bin/gnu/h-x86_64-mingw32/bin/../lib/gcc/nios2-elf/5.3.0\libgcc.a(truncdfsf2.o)
                                        0x23f (size before relaxing)
 .debug_str     0x0000000000000655       0x63 c:/alteraquartus/nios2eds/bin/gnu/h-x86_64-mingw32/bin/../lib/gcc/nios2-elf/5.3.0\libgcc.a(_clzsi2.o)
                                        0x1e6 (size before relaxing)
 .debug_str     0x00000000000006b8      0x1c9 c:/alteraquartus/nios2eds/bin/gnu/h-x86_64-mingw32/bin/../lib/gcc/nios2-elf/5.3.0\libgcc.a(_clz.o)
 .debug_str     0x00000000000006b8      0x137 ../ultrasonic_theremin_bsp/\libhal_bsp.a(alt_load.o)
                                        0x21b (size before relaxing)
 .debug_str     0x00000000000007ef       0x70 ../ultrasonic_theremin_bsp/\libhal_bsp.a(alt_main.o)
                                        0x1a6 (size before relaxing)
 .debug_str     0x000000000000085f      0x188 ../ultrasonic_theremin_bsp/\libhal_bsp.a(alt_sys_init.o)
                                        0x313 (size before relaxing)
 .debug_str     0x00000000000009e7       0x77 ../ultrasonic_theremin_bsp/\libhal_bsp.a(altera_avalon_jtag_uart_fd.o)
                                        0x2de (size before relaxing)
 .debug_str     0x0000000000000a5e       0x48 ../ultrasonic_theremin_bsp/\libhal_bsp.a(altera_avalon_jtag_uart_read.o)
                                        0x228 (size before relaxing)
 .debug_str     0x0000000000000aa6       0x4a ../ultrasonic_theremin_bsp/\libhal_bsp.a(altera_avalon_jtag_uart_write.o)
                                        0x21e (size before relaxing)
 .debug_str     0x0000000000000af0       0xb6 ../ultrasonic_theremin_bsp/\libhal_bsp.a(altera_avalon_timer_sc.o)
                                        0x254 (size before relaxing)
 .debug_str     0x0000000000000ba6       0x44 ../ultrasonic_theremin_bsp/\libhal_bsp.a(alt_close.o)
                                        0x214 (size before relaxing)
 .debug_str     0x0000000000000bea       0x34 ../ultrasonic_theremin_bsp/\libhal_bsp.a(alt_dcache_flush_all.o)
                                        0x15e (size before relaxing)
 .debug_str     0x0000000000000c1e      0x120 ../ultrasonic_theremin_bsp/\libhal_bsp.a(alt_dev.o)
                                        0x30e (size before relaxing)
 .debug_str     0x0000000000000d3e       0x45 ../ultrasonic_theremin_bsp/\libhal_bsp.a(alt_dev_llist_insert.o)
                                        0x1d5 (size before relaxing)
 .debug_str     0x0000000000000d83       0x48 ../ultrasonic_theremin_bsp/\libhal_bsp.a(alt_do_ctors.o)
                                         0xd9 (size before relaxing)
 .debug_str     0x0000000000000dcb       0x4c ../ultrasonic_theremin_bsp/\libhal_bsp.a(alt_do_dtors.o)
                                         0xd8 (size before relaxing)
 .debug_str     0x0000000000000e17       0x14 ../ultrasonic_theremin_bsp/\libhal_bsp.a(alt_errno.o)
                                        0x14e (size before relaxing)
 .debug_str     0x0000000000000e2b       0x34 ../ultrasonic_theremin_bsp/\libhal_bsp.a(alt_icache_flush_all.o)
                                        0x15e (size before relaxing)
 .debug_str     0x0000000000000e5f       0xc4 ../ultrasonic_theremin_bsp/\libhal_bsp.a(alt_iic.o)
                                        0x247 (size before relaxing)
 .debug_str     0x0000000000000f23       0x4c ../ultrasonic_theremin_bsp/\libhal_bsp.a(alt_iic_isr_register.o)
                                        0x1f1 (size before relaxing)
 .debug_str     0x0000000000000f6f       0x56 ../ultrasonic_theremin_bsp/\libhal_bsp.a(alt_io_redirect.o)
                                        0x31f (size before relaxing)
 .debug_str     0x0000000000000fc5       0x3a ../ultrasonic_theremin_bsp/\libhal_bsp.a(alt_irq_handler.o)
                                        0x1a0 (size before relaxing)
 .debug_str     0x0000000000000fff       0x17 ../ultrasonic_theremin_bsp/\libhal_bsp.a(alt_irq_vars.o)
                                        0x143 (size before relaxing)
 .debug_str     0x0000000000001016       0x2f ../ultrasonic_theremin_bsp/\libhal_bsp.a(alt_open.o)
                                        0x254 (size before relaxing)
 .debug_str     0x0000000000001045       0x28 ../ultrasonic_theremin_bsp/\libhal_bsp.a(alt_release_fd.o)
                                        0x1dc (size before relaxing)
 .debug_str     0x000000000000106d       0x78 ../ultrasonic_theremin_bsp/\libhal_bsp.a(alt_tick.o)
                                        0x25b (size before relaxing)
 .debug_str     0x00000000000010e5       0x3b ../ultrasonic_theremin_bsp/\libhal_bsp.a(altera_nios2_gen2_irq.o)
                                        0x165 (size before relaxing)
 .debug_str     0x0000000000001120       0x24 ../ultrasonic_theremin_bsp/\libhal_bsp.a(alt_find_dev.o)
                                        0x1f5 (size before relaxing)
 .debug_str     0x0000000000001144       0x26 ../ultrasonic_theremin_bsp/\libhal_bsp.a(alt_find_file.o)
                                        0x203 (size before relaxing)
 .debug_str     0x000000000000116a       0x30 ../ultrasonic_theremin_bsp/\libhal_bsp.a(alt_get_fd.o)
                                        0x225 (size before relaxing)
 .debug_str     0x000000000000119a       0x2c ../ultrasonic_theremin_bsp/\libhal_bsp.a(alt_icache_flush.o)
                                        0x164 (size before relaxing)
 .debug_str     0x00000000000011c6      0x48b ../ultrasonic_theremin_bsp/\libhal_bsp.a(alt_instruction_exception_entry.o)
                                        0x5a9 (size before relaxing)
 .debug_str     0x0000000000001651      0x15d c:/alteraquartus/nios2eds/bin/gnu/h-x86_64-mingw32/bin/../lib/gcc/nios2-elf/5.3.0/../../../../../H-x86_64-mingw32/nios2-elf/lib\libsmallc.a(lib_a-atexit.o)
                                        0x202 (size before relaxing)
 .debug_str     0x00000000000017ae       0x49 c:/alteraquartus/nios2eds/bin/gnu/h-x86_64-mingw32/bin/../lib/gcc/nios2-elf/5.3.0/../../../../../H-x86_64-mingw32/nios2-elf/lib\libsmallc.a(lib_a-exit.o)
                                        0x1d6 (size before relaxing)
 .debug_str     0x00000000000017f7       0xc5 c:/alteraquartus/nios2eds/bin/gnu/h-x86_64-mingw32/bin/../lib/gcc/nios2-elf/5.3.0/../../../../../H-x86_64-mingw32/nios2-elf/lib\libsmallc.a(lib_a-int_errno.o)
                                        0x1be (size before relaxing)
 .debug_str     0x00000000000018bc       0xd2 c:/alteraquartus/nios2eds/bin/gnu/h-x86_64-mingw32/bin/../lib/gcc/nios2-elf/5.3.0/../../../../../H-x86_64-mingw32/nios2-elf/lib\libsmallc.a(lib_a-memcmp.o)
                                        0x1c5 (size before relaxing)
 .debug_str     0x000000000000198e       0x41 c:/alteraquartus/nios2eds/bin/gnu/h-x86_64-mingw32/bin/../lib/gcc/nios2-elf/5.3.0/../../../../../H-x86_64-mingw32/nios2-elf/lib\libsmallc.a(lib_a-strlen.o)
                                        0x1cb (size before relaxing)
 .debug_str     0x00000000000019cf      0x2e9 c:/alteraquartus/nios2eds/bin/gnu/h-x86_64-mingw32/bin/../lib/gcc/nios2-elf/5.3.0/../../../../../H-x86_64-mingw32/nios2-elf/lib\libsmallc.a(lib_a-__atexit.o)
                                        0x4e5 (size before relaxing)
 .debug_str     0x0000000000001cb8       0x62 c:/alteraquartus/nios2eds/bin/gnu/h-x86_64-mingw32/bin/../lib/gcc/nios2-elf/5.3.0/../../../../../H-x86_64-mingw32/nios2-elf/lib\libsmallc.a(lib_a-__call_atexit.o)
                                        0x4d1 (size before relaxing)
 .debug_str     0x0000000000001d1a       0x45 c:/alteraquartus/nios2eds/bin/gnu/h-x86_64-mingw32/bin/../lib/gcc/nios2-elf/5.3.0/../../../../../H-x86_64-mingw32/nios2-elf/lib\libsmallc.a(lib_a-impure.o)
                                        0x4a4 (size before relaxing)
 .debug_str     0x0000000000001d5f       0x2a ../ultrasonic_theremin_bsp/\libhal_bsp.a(alt_exit.o)
                                        0x15a (size before relaxing)

.debug_loc      0x0000000000000000     0x2124
 *(.debug_loc)
 .debug_loc     0x0000000000000000      0x7a2 c:/alteraquartus/nios2eds/bin/gnu/h-x86_64-mingw32/bin/../lib/gcc/nios2-elf/5.3.0\libgcc.a(divsf3.o)
 .debug_loc     0x00000000000007a2     0x100d c:/alteraquartus/nios2eds/bin/gnu/h-x86_64-mingw32/bin/../lib/gcc/nios2-elf/5.3.0\libgcc.a(muldf3.o)
 .debug_loc     0x00000000000017af      0x19e c:/alteraquartus/nios2eds/bin/gnu/h-x86_64-mingw32/bin/../lib/gcc/nios2-elf/5.3.0\libgcc.a(floatunsidf.o)
 .debug_loc     0x000000000000194d      0x359 c:/alteraquartus/nios2eds/bin/gnu/h-x86_64-mingw32/bin/../lib/gcc/nios2-elf/5.3.0\libgcc.a(truncdfsf2.o)
 .debug_loc     0x0000000000001ca6       0x6b c:/alteraquartus/nios2eds/bin/gnu/h-x86_64-mingw32/bin/../lib/gcc/nios2-elf/5.3.0\libgcc.a(_clzsi2.o)
 .debug_loc     0x0000000000001d11       0x2c c:/alteraquartus/nios2eds/bin/gnu/h-x86_64-mingw32/bin/../lib/gcc/nios2-elf/5.3.0/../../../../../H-x86_64-mingw32/nios2-elf/lib\libsmallc.a(lib_a-atexit.o)
 .debug_loc     0x0000000000001d3d       0x1e c:/alteraquartus/nios2eds/bin/gnu/h-x86_64-mingw32/bin/../lib/gcc/nios2-elf/5.3.0/../../../../../H-x86_64-mingw32/nios2-elf/lib\libsmallc.a(lib_a-exit.o)
 .debug_loc     0x0000000000001d5b       0x94 c:/alteraquartus/nios2eds/bin/gnu/h-x86_64-mingw32/bin/../lib/gcc/nios2-elf/5.3.0/../../../../../H-x86_64-mingw32/nios2-elf/lib\libsmallc.a(lib_a-memcmp.o)
 .debug_loc     0x0000000000001def       0x1e c:/alteraquartus/nios2eds/bin/gnu/h-x86_64-mingw32/bin/../lib/gcc/nios2-elf/5.3.0/../../../../../H-x86_64-mingw32/nios2-elf/lib\libsmallc.a(lib_a-strlen.o)
 .debug_loc     0x0000000000001e0d      0x1c0 c:/alteraquartus/nios2eds/bin/gnu/h-x86_64-mingw32/bin/../lib/gcc/nios2-elf/5.3.0/../../../../../H-x86_64-mingw32/nios2-elf/lib\libsmallc.a(lib_a-__atexit.o)
 .debug_loc     0x0000000000001fcd      0x157 c:/alteraquartus/nios2eds/bin/gnu/h-x86_64-mingw32/bin/../lib/gcc/nios2-elf/5.3.0/../../../../../H-x86_64-mingw32/nios2-elf/lib\libsmallc.a(lib_a-__call_atexit.o)

.debug_macinfo
 *(.debug_macinfo)

.debug_weaknames
 *(.debug_weaknames)

.debug_funcnames
 *(.debug_funcnames)

.debug_typenames
 *(.debug_typenames)

.debug_varnames
 *(.debug_varnames)

.debug_alt_sim_info
                0x0000000000000000       0x30
 *(.debug_alt_sim_info)
 .debug_alt_sim_info
                0x0000000000000000       0x30 ../ultrasonic_theremin_bsp//obj/HAL/src/crt0.o
                0x0000000000008000                __alt_data_end = 0x8000
                0x0000000000008000                PROVIDE (__alt_stack_pointer, __alt_data_end)
                [!provide]                        PROVIDE (__alt_stack_limit, __alt_stack_base)
                [!provide]                        PROVIDE (__alt_heap_start, end)
                [!provide]                        PROVIDE (__alt_heap_limit, 0x8000)
OUTPUT(ultrasonic_theremin.elf elf32-littlenios2)

.debug_ranges   0x0000000000000000      0x3e0
 .debug_ranges  0x0000000000000000       0x20 ../ultrasonic_theremin_bsp//obj/HAL/src/crt0.o
 .debug_ranges  0x0000000000000020       0x58 c:/alteraquartus/nios2eds/bin/gnu/h-x86_64-mingw32/bin/../lib/gcc/nios2-elf/5.3.0\libgcc.a(divsf3.o)
 .debug_ranges  0x0000000000000078      0x1f0 c:/alteraquartus/nios2eds/bin/gnu/h-x86_64-mingw32/bin/../lib/gcc/nios2-elf/5.3.0\libgcc.a(muldf3.o)
 .debug_ranges  0x0000000000000268       0x18 c:/alteraquartus/nios2eds/bin/gnu/h-x86_64-mingw32/bin/../lib/gcc/nios2-elf/5.3.0\libgcc.a(floatunsidf.o)
 .debug_ranges  0x0000000000000280       0x38 c:/alteraquartus/nios2eds/bin/gnu/h-x86_64-mingw32/bin/../lib/gcc/nios2-elf/5.3.0\libgcc.a(truncdfsf2.o)
 .debug_ranges  0x00000000000002b8       0x18 c:/alteraquartus/nios2eds/bin/gnu/h-x86_64-mingw32/bin/../lib/gcc/nios2-elf/5.3.0\libgcc.a(_clzsi2.o)
 .debug_ranges  0x00000000000002d0       0x18 ../ultrasonic_theremin_bsp/\libhal_bsp.a(altera_avalon_jtag_uart_read.o)
 .debug_ranges  0x00000000000002e8       0x28 ../ultrasonic_theremin_bsp/\libhal_bsp.a(alt_irq_entry.o)
 .debug_ranges  0x0000000000000310       0x10 ../ultrasonic_theremin_bsp/\libhal_bsp.a(alt_irq_handler.o)
 .debug_ranges  0x0000000000000320       0x30 ../ultrasonic_theremin_bsp/\libhal_bsp.a(alt_exception_entry.o)
 .debug_ranges  0x0000000000000350       0x18 ../ultrasonic_theremin_bsp/\libhal_bsp.a(alt_instruction_exception_entry.o)
 .debug_ranges  0x0000000000000368       0x10 c:/alteraquartus/nios2eds/bin/gnu/h-x86_64-mingw32/bin/../lib/gcc/nios2-elf/5.3.0/../../../../../H-x86_64-mingw32/nios2-elf/lib\libsmallc.a(lib_a-atexit.o)
 .debug_ranges  0x0000000000000378       0x10 c:/alteraquartus/nios2eds/bin/gnu/h-x86_64-mingw32/bin/../lib/gcc/nios2-elf/5.3.0/../../../../../H-x86_64-mingw32/nios2-elf/lib\libsmallc.a(lib_a-exit.o)
 .debug_ranges  0x0000000000000388       0x10 c:/alteraquartus/nios2eds/bin/gnu/h-x86_64-mingw32/bin/../lib/gcc/nios2-elf/5.3.0/../../../../../H-x86_64-mingw32/nios2-elf/lib\libsmallc.a(lib_a-memcmp.o)
 .debug_ranges  0x0000000000000398       0x10 c:/alteraquartus/nios2eds/bin/gnu/h-x86_64-mingw32/bin/../lib/gcc/nios2-elf/5.3.0/../../../../../H-x86_64-mingw32/nios2-elf/lib\libsmallc.a(lib_a-strlen.o)
 .debug_ranges  0x00000000000003a8       0x10 c:/alteraquartus/nios2eds/bin/gnu/h-x86_64-mingw32/bin/../lib/gcc/nios2-elf/5.3.0/../../../../../H-x86_64-mingw32/nios2-elf/lib\libsmallc.a(lib_a-__atexit.o)
 .debug_ranges  0x00000000000003b8       0x28 c:/alteraquartus/nios2eds/bin/gnu/h-x86_64-mingw32/bin/../lib/gcc/nios2-elf/5.3.0/../../../../../H-x86_64-mingw32/nios2-elf/lib\libsmallc.a(lib_a-__call_atexit.o)
