Archive member included to satisfy reference by file (symbol)

../ultrasonic_theremin_bsp/\libhal_bsp.a(alt_load.o)
                              ../ultrasonic_theremin_bsp//obj/HAL/src/crt0.o (alt_load)
../ultrasonic_theremin_bsp/\libhal_bsp.a(alt_main.o)
                              ../ultrasonic_theremin_bsp//obj/HAL/src/crt0.o (alt_main)
../ultrasonic_theremin_bsp/\libhal_bsp.a(alt_sys_init.o)
                              ../ultrasonic_theremin_bsp/\libhal_bsp.a(alt_main.o) (alt_irq_init)
../ultrasonic_theremin_bsp/\libhal_bsp.a(altera_avalon_jtag_uart_fd.o)
                              ../ultrasonic_theremin_bsp/\libhal_bsp.a(alt_sys_init.o) (altera_avalon_jtag_uart_read_fd)
../ultrasonic_theremin_bsp/\libhal_bsp.a(altera_avalon_jtag_uart_read.o)
                              ../ultrasonic_theremin_bsp/\libhal_bsp.a(altera_avalon_jtag_uart_fd.o) (altera_avalon_jtag_uart_read)
../ultrasonic_theremin_bsp/\libhal_bsp.a(altera_avalon_jtag_uart_write.o)
                              ../ultrasonic_theremin_bsp/\libhal_bsp.a(altera_avalon_jtag_uart_fd.o) (altera_avalon_jtag_uart_write)
../ultrasonic_theremin_bsp/\libhal_bsp.a(altera_avalon_timer_sc.o)
                              ../ultrasonic_theremin_bsp/\libhal_bsp.a(alt_sys_init.o) (alt_avalon_timer_sc_init)
../ultrasonic_theremin_bsp/\libhal_bsp.a(alt_close.o)
                              ../ultrasonic_theremin_bsp/\libhal_bsp.a(alt_main.o) (close)
../ultrasonic_theremin_bsp/\libhal_bsp.a(alt_dcache_flush_all.o)
                              ../ultrasonic_theremin_bsp/\libhal_bsp.a(alt_load.o) (alt_dcache_flush_all)
../ultrasonic_theremin_bsp/\libhal_bsp.a(alt_dev.o)
                              ../ultrasonic_theremin_bsp/\libhal_bsp.a(alt_sys_init.o) (alt_dev_list)
../ultrasonic_theremin_bsp/\libhal_bsp.a(alt_dev_llist_insert.o)
                              ../ultrasonic_theremin_bsp/\libhal_bsp.a(alt_sys_init.o) (alt_dev_llist_insert)
../ultrasonic_theremin_bsp/\libhal_bsp.a(alt_do_ctors.o)
                              ../ultrasonic_theremin_bsp/\libhal_bsp.a(alt_main.o) (_do_ctors)
../ultrasonic_theremin_bsp/\libhal_bsp.a(alt_do_dtors.o)
                              ../ultrasonic_theremin_bsp/\libhal_bsp.a(alt_main.o) (_do_dtors)
../ultrasonic_theremin_bsp/\libhal_bsp.a(alt_errno.o)
                              ../ultrasonic_theremin_bsp/\libhal_bsp.a(alt_close.o) (alt_errno)
../ultrasonic_theremin_bsp/\libhal_bsp.a(alt_icache_flush_all.o)
                              ../ultrasonic_theremin_bsp/\libhal_bsp.a(alt_load.o) (alt_icache_flush_all)
../ultrasonic_theremin_bsp/\libhal_bsp.a(alt_iic.o)
                              ../ultrasonic_theremin_bsp/\libhal_bsp.a(altera_avalon_timer_sc.o) (alt_ic_isr_register)
../ultrasonic_theremin_bsp/\libhal_bsp.a(alt_iic_isr_register.o)
                              ../ultrasonic_theremin_bsp/\libhal_bsp.a(alt_iic.o) (alt_iic_isr_register)
../ultrasonic_theremin_bsp/\libhal_bsp.a(alt_io_redirect.o)
                              ../ultrasonic_theremin_bsp/\libhal_bsp.a(alt_main.o) (alt_io_redirect)
../ultrasonic_theremin_bsp/\libhal_bsp.a(alt_irq_entry.o)
                              ../ultrasonic_theremin_bsp/\libhal_bsp.a(alt_iic_isr_register.o) (alt_irq_entry)
../ultrasonic_theremin_bsp/\libhal_bsp.a(alt_irq_handler.o)
                              ../ultrasonic_theremin_bsp/\libhal_bsp.a(alt_iic_isr_register.o) (alt_irq)
../ultrasonic_theremin_bsp/\libhal_bsp.a(alt_irq_vars.o)
                              ../ultrasonic_theremin_bsp/\libhal_bsp.a(alt_iic.o) (alt_irq_active)
../ultrasonic_theremin_bsp/\libhal_bsp.a(alt_open.o)
                              ../ultrasonic_theremin_bsp/\libhal_bsp.a(alt_io_redirect.o) (open)
../ultrasonic_theremin_bsp/\libhal_bsp.a(alt_release_fd.o)
                              ../ultrasonic_theremin_bsp/\libhal_bsp.a(alt_close.o) (alt_release_fd)
../ultrasonic_theremin_bsp/\libhal_bsp.a(alt_tick.o)
                              ../ultrasonic_theremin_bsp/\libhal_bsp.a(altera_avalon_timer_sc.o) (_alt_tick_rate)
../ultrasonic_theremin_bsp/\libhal_bsp.a(altera_nios2_gen2_irq.o)
                              ../ultrasonic_theremin_bsp/\libhal_bsp.a(alt_sys_init.o) (altera_nios2_gen2_irq_init)
../ultrasonic_theremin_bsp/\libhal_bsp.a(alt_exception_entry.o)
                              ../ultrasonic_theremin_bsp/\libhal_bsp.a(alt_irq_entry.o) (alt_exception)
../ultrasonic_theremin_bsp/\libhal_bsp.a(alt_find_dev.o)
                              ../ultrasonic_theremin_bsp/\libhal_bsp.a(alt_open.o) (alt_find_dev)
../ultrasonic_theremin_bsp/\libhal_bsp.a(alt_find_file.o)
                              ../ultrasonic_theremin_bsp/\libhal_bsp.a(alt_open.o) (alt_find_file)
../ultrasonic_theremin_bsp/\libhal_bsp.a(alt_get_fd.o)
                              ../ultrasonic_theremin_bsp/\libhal_bsp.a(alt_open.o) (alt_get_fd)
../ultrasonic_theremin_bsp/\libhal_bsp.a(alt_icache_flush.o)
                              ../ultrasonic_theremin_bsp/\libhal_bsp.a(alt_icache_flush_all.o) (alt_icache_flush)
../ultrasonic_theremin_bsp/\libhal_bsp.a(alt_instruction_exception_entry.o)
                              ../ultrasonic_theremin_bsp/\libhal_bsp.a(alt_exception_entry.o) (alt_instruction_exception_entry)
c:/alteraquartus/nios2eds/bin/gnu/h-x86_64-mingw32/bin/../lib/gcc/nios2-elf/5.3.0/../../../../../H-x86_64-mingw32/nios2-elf/lib\libsmallc.a(lib_a-atexit.o)
                              ../ultrasonic_theremin_bsp/\libhal_bsp.a(alt_main.o) (atexit)
c:/alteraquartus/nios2eds/bin/gnu/h-x86_64-mingw32/bin/../lib/gcc/nios2-elf/5.3.0/../../../../../H-x86_64-mingw32/nios2-elf/lib\libsmallc.a(lib_a-exit.o)
                              ../ultrasonic_theremin_bsp/\libhal_bsp.a(alt_main.o) (exit)
c:/alteraquartus/nios2eds/bin/gnu/h-x86_64-mingw32/bin/../lib/gcc/nios2-elf/5.3.0/../../../../../H-x86_64-mingw32/nios2-elf/lib\libsmallc.a(lib_a-int_errno.o)
                              ../ultrasonic_theremin_bsp/\libhal_bsp.a(alt_close.o) (errno)
c:/alteraquartus/nios2eds/bin/gnu/h-x86_64-mingw32/bin/../lib/gcc/nios2-elf/5.3.0/../../../../../H-x86_64-mingw32/nios2-elf/lib\libsmallc.a(lib_a-memcmp.o)
                              ../ultrasonic_theremin_bsp/\libhal_bsp.a(alt_find_dev.o) (memcmp)
c:/alteraquartus/nios2eds/bin/gnu/h-x86_64-mingw32/bin/../lib/gcc/nios2-elf/5.3.0/../../../../../H-x86_64-mingw32/nios2-elf/lib\libsmallc.a(lib_a-strlen.o)
                              ../ultrasonic_theremin_bsp/\libhal_bsp.a(alt_find_dev.o) (strlen)
c:/alteraquartus/nios2eds/bin/gnu/h-x86_64-mingw32/bin/../lib/gcc/nios2-elf/5.3.0/../../../../../H-x86_64-mingw32/nios2-elf/lib\libsmallc.a(lib_a-__atexit.o)
                              c:/alteraquartus/nios2eds/bin/gnu/h-x86_64-mingw32/bin/../lib/gcc/nios2-elf/5.3.0/../../../../../H-x86_64-mingw32/nios2-elf/lib\libsmallc.a(lib_a-atexit.o) (__register_exitproc)
c:/alteraquartus/nios2eds/bin/gnu/h-x86_64-mingw32/bin/../lib/gcc/nios2-elf/5.3.0/../../../../../H-x86_64-mingw32/nios2-elf/lib\libsmallc.a(lib_a-__call_atexit.o)
                              c:/alteraquartus/nios2eds/bin/gnu/h-x86_64-mingw32/bin/../lib/gcc/nios2-elf/5.3.0/../../../../../H-x86_64-mingw32/nios2-elf/lib\libsmallc.a(lib_a-exit.o) (__call_exitprocs)
c:/alteraquartus/nios2eds/bin/gnu/h-x86_64-mingw32/bin/../lib/gcc/nios2-elf/5.3.0/../../../../../H-x86_64-mingw32/nios2-elf/lib\libsmallc.a(lib_a-impure.o)
                              c:/alteraquartus/nios2eds/bin/gnu/h-x86_64-mingw32/bin/../lib/gcc/nios2-elf/5.3.0/../../../../../H-x86_64-mingw32/nios2-elf/lib\libsmallc.a(lib_a-__atexit.o) (_global_impure_ptr)
../ultrasonic_theremin_bsp/\libhal_bsp.a(alt_exit.o)
                              c:/alteraquartus/nios2eds/bin/gnu/h-x86_64-mingw32/bin/../lib/gcc/nios2-elf/5.3.0/../../../../../H-x86_64-mingw32/nios2-elf/lib\libsmallc.a(lib_a-exit.o) (_exit)

Allocating common symbols
Common symbol       size              file

alt_irq             0x100             ../ultrasonic_theremin_bsp/\libhal_bsp.a(alt_irq_handler.o)
errno               0x4               c:/alteraquartus/nios2eds/bin/gnu/h-x86_64-mingw32/bin/../lib/gcc/nios2-elf/5.3.0/../../../../../H-x86_64-mingw32/nios2-elf/lib\libsmallc.a(lib_a-int_errno.o)

Memory Configuration

Name             Origin             Length             Attributes
reset            0x0000000000004000 0x0000000000000020
onchip_ram       0x0000000000004020 0x0000000000003fe0
*default*        0x0000000000000000 0xffffffffffffffff

Linker script and memory map

LOAD ../ultrasonic_theremin_bsp//obj/HAL/src/crt0.o
LOAD obj/default/dev_ledmatrix.o
LOAD c:/alteraquartus/nios2eds/bin/gnu/h-x86_64-mingw32/bin/../lib/gcc/nios2-elf/5.3.0/../../../../../H-x86_64-mingw32/nios2-elf/lib\libstdc++.a
LOAD c:/alteraquartus/nios2eds/bin/gnu/h-x86_64-mingw32/bin/../lib/gcc/nios2-elf/5.3.0/../../../../../H-x86_64-mingw32/nios2-elf/lib\libm.a
LOAD c:/alteraquartus/nios2eds/bin/gnu/h-x86_64-mingw32/bin/../lib/gcc/nios2-elf/5.3.0\libgcc.a
START GROUP
LOAD c:/alteraquartus/nios2eds/bin/gnu/h-x86_64-mingw32/bin/../lib/gcc/nios2-elf/5.3.0/../../../../../H-x86_64-mingw32/nios2-elf/lib\libsmallc.a
LOAD c:/alteraquartus/nios2eds/bin/gnu/h-x86_64-mingw32/bin/../lib/gcc/nios2-elf/5.3.0\libgcc.a
LOAD ../ultrasonic_theremin_bsp/\libhal_bsp.a
LOAD c:/alteraquartus/nios2eds/bin/gnu/h-x86_64-mingw32/bin/../lib/gcc/nios2-elf/5.3.0/../../../../../H-x86_64-mingw32/nios2-elf/lib\libm.a
END GROUP
LOAD c:/alteraquartus/nios2eds/bin/gnu/h-x86_64-mingw32/bin/../lib/gcc/nios2-elf/5.3.0\libgcc.a
                0x0000000000004000                __alt_mem_onchip_ram = 0x4000

.entry          0x0000000000004000       0x20
 *(.entry)
 .entry         0x0000000000004000       0x20 ../ultrasonic_theremin_bsp//obj/HAL/src/crt0.o
                0x0000000000004000                __reset

.exceptions     0x0000000000004020      0x224
                0x0000000000004020                PROVIDE (__ram_exceptions_start, ABSOLUTE (.))
                0x0000000000004020                . = ALIGN (0x20)
 *(.irq)
 *(.exceptions.entry.label)
 .exceptions.entry.label
                0x0000000000004020        0x0 ../ultrasonic_theremin_bsp/\libhal_bsp.a(alt_irq_entry.o)
                0x0000000000004020                alt_irq_entry
 .exceptions.entry.label
                0x0000000000004020        0x0 ../ultrasonic_theremin_bsp/\libhal_bsp.a(alt_exception_entry.o)
                0x0000000000004020                alt_exception
 *(.exceptions.entry.user)
 *(.exceptions.entry.ecc_fatal)
 *(.exceptions.entry)
 .exceptions.entry
                0x0000000000004020       0x54 ../ultrasonic_theremin_bsp/\libhal_bsp.a(alt_exception_entry.o)
 *(.exceptions.irqtest.user)
 *(.exceptions.irqtest)
 .exceptions.irqtest
                0x0000000000004074       0x10 ../ultrasonic_theremin_bsp/\libhal_bsp.a(alt_irq_entry.o)
 *(.exceptions.irqhandler.user)
 *(.exceptions.irqhandler)
 .exceptions.irqhandler
                0x0000000000004084        0x4 ../ultrasonic_theremin_bsp/\libhal_bsp.a(alt_irq_entry.o)
 *(.exceptions.irqreturn.user)
 *(.exceptions.irqreturn)
 .exceptions.irqreturn
                0x0000000000004088        0x4 ../ultrasonic_theremin_bsp/\libhal_bsp.a(alt_irq_entry.o)
 *(.exceptions.notirq.label)
 .exceptions.notirq.label
                0x000000000000408c        0x0 ../ultrasonic_theremin_bsp/\libhal_bsp.a(alt_irq_entry.o)
 *(.exceptions.notirq.user)
 *(.exceptions.notirq)
 .exceptions.notirq
                0x000000000000408c        0x8 ../ultrasonic_theremin_bsp/\libhal_bsp.a(alt_exception_entry.o)
 *(.exceptions.soft.user)
 *(.exceptions.soft)
 *(.exceptions.unknown.user)
 *(.exceptions.unknown)
 .exceptions.unknown
                0x0000000000004094       0x14 ../ultrasonic_theremin_bsp/\libhal_bsp.a(alt_exception_entry.o)
 *(.exceptions.exit.label)
 .exceptions.exit.label
                0x00000000000040a8        0x0 ../ultrasonic_theremin_bsp/\libhal_bsp.a(alt_irq_entry.o)
 .exceptions.exit.label
                0x00000000000040a8        0x0 ../ultrasonic_theremin_bsp/\libhal_bsp.a(alt_exception_entry.o)
 *(.exceptions.exit.user)
 *(.exceptions.exit)
 .exceptions.exit
                0x00000000000040a8       0x54 ../ultrasonic_theremin_bsp/\libhal_bsp.a(alt_exception_entry.o)
 *(.exceptions)
 .exceptions    0x00000000000040fc       0xd4 ../ultrasonic_theremin_bsp/\libhal_bsp.a(alt_irq_handler.o)
                0x00000000000040fc                alt_irq_handler
 .exceptions    0x00000000000041d0       0x74 ../ultrasonic_theremin_bsp/\libhal_bsp.a(alt_instruction_exception_entry.o)
                0x00000000000041d0                alt_instruction_exception_entry
                0x0000000000004244                PROVIDE (__ram_exceptions_end, ABSOLUTE (.))
                0x0000000000004020                PROVIDE (__flash_exceptions_start, LOADADDR (.exceptions))

.text           0x0000000000004244     0x1948
                [!provide]                        PROVIDE (stext, ABSOLUTE (.))
 *(.interp)
 *(.hash)
 *(.dynsym)
 *(.dynstr)
 *(.gnu.version)
 *(.gnu.version_d)
 *(.gnu.version_r)
 *(.rel.init)
 *(.rela.init)
 *(.rel.text .rel.text.* .rel.gnu.linkonce.t.*)
 *(.rela.text .rela.text.* .rela.gnu.linkonce.t.*)
 *(.rel.fini)
 *(.rela.fini)
 *(.rel.rodata .rel.rodata.* .rel.gnu.linkonce.r.*)
 *(.rela.rodata .rela.rodata.* .rela.gnu.linkonce.r.*)
 *(.rel.data .rel.data.* .rel.gnu.linkonce.d.*)
 *(.rela.data .rela.data.* .rela.gnu.linkonce.d.*)
 *(.rel.tdata .rel.tdata.* .rel.gnu.linkonce.td.*)
 *(.rela.tdata .rela.tdata.* .rela.gnu.linkonce.td.*)
 *(.rel.tbss .rel.tbss.* .rel.gnu.linkonce.tb.*)
 *(.rela.tbss .rela.tbss.* .rela.gnu.linkonce.tb.*)
 *(.rel.ctors)
 *(.rela.ctors)
 *(.rel.dtors)
 *(.rela.dtors)
 *(.rel.got)
 *(.rela.got)
 *(.rel.sdata .rel.sdata.* .rel.gnu.linkonce.s.*)
 *(.rela.sdata .rela.sdata.* .rela.gnu.linkonce.s.*)
 *(.rel.sbss .rel.sbss.* .rel.gnu.linkonce.sb.*)
 *(.rela.sbss .rela.sbss.* .rela.gnu.linkonce.sb.*)
 *(.rel.sdata2 .rel.sdata2.* .rel.gnu.linkonce.s2.*)
 *(.rela.sdata2 .rela.sdata2.* .rela.gnu.linkonce.s2.*)
 *(.rel.sbss2 .rel.sbss2.* .rel.gnu.linkonce.sb2.*)
 *(.rela.sbss2 .rela.sbss2.* .rela.gnu.linkonce.sb2.*)
 *(.rel.bss .rel.bss.* .rel.gnu.linkonce.b.*)
 *(.rela.bss .rela.bss.* .rela.gnu.linkonce.b.*)
 *(.rel.plt)
 *(.rela.plt)
 *(.rel.dyn)
 *(.init)
 *(.plt)
 *(.text .stub .text.* .gnu.linkonce.t.*)
 .text          0x0000000000004244       0x4c ../ultrasonic_theremin_bsp//obj/HAL/src/crt0.o
                0x0000000000004244                _start
 .text          0x0000000000004290       0xf0 obj/default/dev_ledmatrix.o
                0x0000000000004290                set_pixel
                0x00000000000042f8                main
 .text          0x0000000000004380       0xec ../ultrasonic_theremin_bsp/\libhal_bsp.a(alt_load.o)
                0x00000000000043e8                alt_load
 .text          0x000000000000446c       0x7c ../ultrasonic_theremin_bsp/\libhal_bsp.a(alt_main.o)
                0x000000000000446c                alt_main
 .text          0x00000000000044e8       0xb8 ../ultrasonic_theremin_bsp/\libhal_bsp.a(alt_sys_init.o)
                0x000000000000451c                alt_irq_init
                0x0000000000004554                alt_sys_init
 .text          0x00000000000045a0       0xc0 ../ultrasonic_theremin_bsp/\libhal_bsp.a(altera_avalon_jtag_uart_fd.o)
                0x00000000000045a0                altera_avalon_jtag_uart_read_fd
                0x0000000000004600                altera_avalon_jtag_uart_write_fd
 .text          0x0000000000004660       0xec ../ultrasonic_theremin_bsp/\libhal_bsp.a(altera_avalon_jtag_uart_read.o)
                0x0000000000004660                altera_avalon_jtag_uart_read
 .text          0x000000000000474c       0x94 ../ultrasonic_theremin_bsp/\libhal_bsp.a(altera_avalon_jtag_uart_write.o)
                0x000000000000474c                altera_avalon_jtag_uart_write
 .text          0x00000000000047e0       0xf4 ../ultrasonic_theremin_bsp/\libhal_bsp.a(altera_avalon_timer_sc.o)
                0x0000000000004858                alt_avalon_timer_sc_init
 .text          0x00000000000048d4      0x10c ../ultrasonic_theremin_bsp/\libhal_bsp.a(alt_close.o)
                0x0000000000004910                close
 .text          0x00000000000049e0       0x48 ../ultrasonic_theremin_bsp/\libhal_bsp.a(alt_dcache_flush_all.o)
                0x00000000000049e0                alt_dcache_flush_all
 .text          0x0000000000004a28       0x2c ../ultrasonic_theremin_bsp/\libhal_bsp.a(alt_dev.o)
 .text          0x0000000000004a54       0xe0 ../ultrasonic_theremin_bsp/\libhal_bsp.a(alt_dev_llist_insert.o)
                0x0000000000004a90                alt_dev_llist_insert
 .text          0x0000000000004b34       0x60 ../ultrasonic_theremin_bsp/\libhal_bsp.a(alt_do_ctors.o)
                0x0000000000004b34                _do_ctors
 .text          0x0000000000004b94       0x60 ../ultrasonic_theremin_bsp/\libhal_bsp.a(alt_do_dtors.o)
                0x0000000000004b94                _do_dtors
 .text          0x0000000000004bf4        0x0 ../ultrasonic_theremin_bsp/\libhal_bsp.a(alt_errno.o)
 .text          0x0000000000004bf4       0x34 ../ultrasonic_theremin_bsp/\libhal_bsp.a(alt_icache_flush_all.o)
                0x0000000000004bf4                alt_icache_flush_all
 .text          0x0000000000004c28      0x1b0 ../ultrasonic_theremin_bsp/\libhal_bsp.a(alt_iic.o)
                0x0000000000004c28                alt_ic_isr_register
                0x0000000000004c78                alt_ic_irq_enable
                0x0000000000004d00                alt_ic_irq_disable
                0x0000000000004d8c                alt_ic_irq_enabled
 .text          0x0000000000004dd8       0xf0 ../ultrasonic_theremin_bsp/\libhal_bsp.a(alt_iic_isr_register.o)
                0x0000000000004dd8                alt_iic_isr_register
 .text          0x0000000000004ec8      0x140 ../ultrasonic_theremin_bsp/\libhal_bsp.a(alt_io_redirect.o)
                0x0000000000004f8c                alt_io_redirect
 .text          0x0000000000005008        0x0 ../ultrasonic_theremin_bsp/\libhal_bsp.a(alt_irq_entry.o)
 .text          0x0000000000005008        0x0 ../ultrasonic_theremin_bsp/\libhal_bsp.a(alt_irq_handler.o)
 .text          0x0000000000005008        0x0 ../ultrasonic_theremin_bsp/\libhal_bsp.a(alt_irq_vars.o)
 .text          0x0000000000005008      0x254 ../ultrasonic_theremin_bsp/\libhal_bsp.a(alt_open.o)
                0x0000000000005108                open
 .text          0x000000000000525c       0x64 ../ultrasonic_theremin_bsp/\libhal_bsp.a(alt_release_fd.o)
                0x000000000000525c                alt_release_fd
 .text          0x00000000000052c0      0x1a4 ../ultrasonic_theremin_bsp/\libhal_bsp.a(alt_tick.o)
                0x00000000000052c0                alt_alarm_stop
                0x000000000000535c                alt_tick
 .text          0x0000000000005464       0x24 ../ultrasonic_theremin_bsp/\libhal_bsp.a(altera_nios2_gen2_irq.o)
                0x0000000000005464                altera_nios2_gen2_irq_init
 .text          0x0000000000005488        0x0 ../ultrasonic_theremin_bsp/\libhal_bsp.a(alt_exception_entry.o)
 .text          0x0000000000005488       0x90 ../ultrasonic_theremin_bsp/\libhal_bsp.a(alt_find_dev.o)
                0x0000000000005488                alt_find_dev
 .text          0x0000000000005518      0x108 ../ultrasonic_theremin_bsp/\libhal_bsp.a(alt_find_file.o)
                0x0000000000005518                alt_find_file
 .text          0x0000000000005620       0xa4 ../ultrasonic_theremin_bsp/\libhal_bsp.a(alt_get_fd.o)
                0x0000000000005620                alt_get_fd
 .text          0x00000000000056c4       0x90 ../ultrasonic_theremin_bsp/\libhal_bsp.a(alt_icache_flush.o)
                0x00000000000056c4                alt_icache_flush
 .text          0x0000000000005754       0x9c ../ultrasonic_theremin_bsp/\libhal_bsp.a(alt_instruction_exception_entry.o)
                0x0000000000005754                alt_exception_cause_generated_bad_addr
 .text          0x00000000000057f0        0x0 c:/alteraquartus/nios2eds/bin/gnu/h-x86_64-mingw32/bin/../lib/gcc/nios2-elf/5.3.0/../../../../../H-x86_64-mingw32/nios2-elf/lib\libsmallc.a(lib_a-atexit.o)
 .text.atexit   0x00000000000057f0       0x14 c:/alteraquartus/nios2eds/bin/gnu/h-x86_64-mingw32/bin/../lib/gcc/nios2-elf/5.3.0/../../../../../H-x86_64-mingw32/nios2-elf/lib\libsmallc.a(lib_a-atexit.o)
                0x00000000000057f0                atexit
 .text          0x0000000000005804        0x0 c:/alteraquartus/nios2eds/bin/gnu/h-x86_64-mingw32/bin/../lib/gcc/nios2-elf/5.3.0/../../../../../H-x86_64-mingw32/nios2-elf/lib\libsmallc.a(lib_a-exit.o)
 .text.exit     0x0000000000005804       0x20 c:/alteraquartus/nios2eds/bin/gnu/h-x86_64-mingw32/bin/../lib/gcc/nios2-elf/5.3.0/../../../../../H-x86_64-mingw32/nios2-elf/lib\libsmallc.a(lib_a-exit.o)
                0x0000000000005804                exit
 .text          0x0000000000005824        0x0 c:/alteraquartus/nios2eds/bin/gnu/h-x86_64-mingw32/bin/../lib/gcc/nios2-elf/5.3.0/../../../../../H-x86_64-mingw32/nios2-elf/lib\libsmallc.a(lib_a-int_errno.o)
 .text          0x0000000000005824        0x0 c:/alteraquartus/nios2eds/bin/gnu/h-x86_64-mingw32/bin/../lib/gcc/nios2-elf/5.3.0/../../../../../H-x86_64-mingw32/nios2-elf/lib\libsmallc.a(lib_a-memcmp.o)
 .text.memcmp   0x0000000000005824       0x30 c:/alteraquartus/nios2eds/bin/gnu/h-x86_64-mingw32/bin/../lib/gcc/nios2-elf/5.3.0/../../../../../H-x86_64-mingw32/nios2-elf/lib\libsmallc.a(lib_a-memcmp.o)
                0x0000000000005824                memcmp
 .text          0x0000000000005854        0x0 c:/alteraquartus/nios2eds/bin/gnu/h-x86_64-mingw32/bin/../lib/gcc/nios2-elf/5.3.0/../../../../../H-x86_64-mingw32/nios2-elf/lib\libsmallc.a(lib_a-strlen.o)
 .text.strlen   0x0000000000005854       0x1c c:/alteraquartus/nios2eds/bin/gnu/h-x86_64-mingw32/bin/../lib/gcc/nios2-elf/5.3.0/../../../../../H-x86_64-mingw32/nios2-elf/lib\libsmallc.a(lib_a-strlen.o)
                0x0000000000005854                strlen
 .text          0x0000000000005870        0x0 c:/alteraquartus/nios2eds/bin/gnu/h-x86_64-mingw32/bin/../lib/gcc/nios2-elf/5.3.0/../../../../../H-x86_64-mingw32/nios2-elf/lib\libsmallc.a(lib_a-__atexit.o)
 .text.__register_exitproc
                0x0000000000005870      0x158 c:/alteraquartus/nios2eds/bin/gnu/h-x86_64-mingw32/bin/../lib/gcc/nios2-elf/5.3.0/../../../../../H-x86_64-mingw32/nios2-elf/lib\libsmallc.a(lib_a-__atexit.o)
                0x0000000000005870                __register_exitproc
 .text          0x00000000000059c8        0x0 c:/alteraquartus/nios2eds/bin/gnu/h-x86_64-mingw32/bin/../lib/gcc/nios2-elf/5.3.0/../../../../../H-x86_64-mingw32/nios2-elf/lib\libsmallc.a(lib_a-__call_atexit.o)
 .text.__call_exitprocs
                0x00000000000059c8      0x190 c:/alteraquartus/nios2eds/bin/gnu/h-x86_64-mingw32/bin/../lib/gcc/nios2-elf/5.3.0/../../../../../H-x86_64-mingw32/nios2-elf/lib\libsmallc.a(lib_a-__call_atexit.o)
                0x00000000000059c8                __call_exitprocs
 .text          0x0000000000005b58        0x0 c:/alteraquartus/nios2eds/bin/gnu/h-x86_64-mingw32/bin/../lib/gcc/nios2-elf/5.3.0/../../../../../H-x86_64-mingw32/nios2-elf/lib\libsmallc.a(lib_a-impure.o)
 .text          0x0000000000005b58       0x34 ../ultrasonic_theremin_bsp/\libhal_bsp.a(alt_exit.o)
                0x0000000000005b58                _exit
 *(.gnu.warning.*)
 *(.fini)
                [!provide]                        PROVIDE (__etext, ABSOLUTE (.))
                [!provide]                        PROVIDE (_etext, ABSOLUTE (.))
                [!provide]                        PROVIDE (etext, ABSOLUTE (.))
 *(.eh_frame_hdr)
                0x0000000000005b8c                . = ALIGN (0x4)
                [!provide]                        PROVIDE (__preinit_array_start, ABSOLUTE (.))
 *(.preinit_array)
                [!provide]                        PROVIDE (__preinit_array_end, ABSOLUTE (.))
                [!provide]                        PROVIDE (__init_array_start, ABSOLUTE (.))
 *(.init_array)
                [!provide]                        PROVIDE (__init_array_end, ABSOLUTE (.))
                [!provide]                        PROVIDE (__fini_array_start, ABSOLUTE (.))
 *(.fini_array)
                [!provide]                        PROVIDE (__fini_array_end, ABSOLUTE (.))
 *(.eh_frame)
 *(.gcc_except_table .gcc_except_table.*)
 *(.dynamic)
                0x0000000000005b8c                PROVIDE (__CTOR_LIST__, ABSOLUTE (.))
 *(.ctors)
 *(SORT(.ctors.*))
                0x0000000000005b8c                PROVIDE (__CTOR_END__, ABSOLUTE (.))
                0x0000000000005b8c                PROVIDE (__DTOR_LIST__, ABSOLUTE (.))
 *(.dtors)
 *(SORT(.dtors.*))
                0x0000000000005b8c                PROVIDE (__DTOR_END__, ABSOLUTE (.))
 *(.jcr)
                0x0000000000005b8c                . = ALIGN (0x4)

.rodata         0x0000000000005b8c       0x2c
                0x0000000000005b8c                PROVIDE (__ram_rodata_start, ABSOLUTE (.))
                0x0000000000005b8c                . = ALIGN (0x4)
 *(.rodata .rodata.* .gnu.linkonce.r.*)
 .rodata        0x0000000000005b8c        0xf ../ultrasonic_theremin_bsp/\libhal_bsp.a(alt_main.o)
 *fill*         0x0000000000005b9b        0x1 
 .rodata        0x0000000000005b9c        0xf ../ultrasonic_theremin_bsp/\libhal_bsp.a(alt_sys_init.o)
 *fill*         0x0000000000005bab        0x1 
 .rodata        0x0000000000005bac        0xa ../ultrasonic_theremin_bsp/\libhal_bsp.a(alt_dev.o)
 *(.rodata1)
                0x0000000000005bb8                . = ALIGN (0x4)
 *fill*         0x0000000000005bb6        0x2 
                0x0000000000005bb8                PROVIDE (__ram_rodata_end, ABSOLUTE (.))
                0x0000000000005b8c                PROVIDE (__flash_rodata_start, LOADADDR (.rodata))

.rwdata         0x0000000000005bb8      0x340 load address 0x0000000000005ef8
                0x0000000000005bb8                PROVIDE (__ram_rwdata_start, ABSOLUTE (.))
                0x0000000000005bb8                . = ALIGN (0x4)
 *(.got.plt)
 *(.got)
 *(.data1)
 *(.data .data.* .gnu.linkonce.d.*)
 .data          0x0000000000005bb8        0x0 ../ultrasonic_theremin_bsp//obj/HAL/src/crt0.o
 .data          0x0000000000005bb8       0x60 obj/default/dev_ledmatrix.o
                0x0000000000005bb8                happy_smiley
 .data          0x0000000000005c18        0x0 ../ultrasonic_theremin_bsp/\libhal_bsp.a(alt_load.o)
 .data          0x0000000000005c18        0x0 ../ultrasonic_theremin_bsp/\libhal_bsp.a(alt_main.o)
 .data          0x0000000000005c18       0x2c ../ultrasonic_theremin_bsp/\libhal_bsp.a(alt_sys_init.o)
 .data          0x0000000000005c44        0x0 ../ultrasonic_theremin_bsp/\libhal_bsp.a(altera_avalon_jtag_uart_fd.o)
 .data          0x0000000000005c44        0x0 ../ultrasonic_theremin_bsp/\libhal_bsp.a(altera_avalon_jtag_uart_read.o)
 .data          0x0000000000005c44        0x0 ../ultrasonic_theremin_bsp/\libhal_bsp.a(altera_avalon_jtag_uart_write.o)
 .data          0x0000000000005c44        0x0 ../ultrasonic_theremin_bsp/\libhal_bsp.a(altera_avalon_timer_sc.o)
 .data          0x0000000000005c44        0x0 ../ultrasonic_theremin_bsp/\libhal_bsp.a(alt_close.o)
 .data          0x0000000000005c44        0x0 ../ultrasonic_theremin_bsp/\libhal_bsp.a(alt_dcache_flush_all.o)
 .data          0x0000000000005c44      0x1a8 ../ultrasonic_theremin_bsp/\libhal_bsp.a(alt_dev.o)
                0x0000000000005c44                alt_dev_null
                0x0000000000005c6c                alt_fd_list
 .data          0x0000000000005dec        0x0 ../ultrasonic_theremin_bsp/\libhal_bsp.a(alt_dev_llist_insert.o)
 .data          0x0000000000005dec        0x0 ../ultrasonic_theremin_bsp/\libhal_bsp.a(alt_do_ctors.o)
 .data          0x0000000000005dec        0x0 ../ultrasonic_theremin_bsp/\libhal_bsp.a(alt_do_dtors.o)
 .data          0x0000000000005dec        0x0 ../ultrasonic_theremin_bsp/\libhal_bsp.a(alt_errno.o)
 .data          0x0000000000005dec        0x0 ../ultrasonic_theremin_bsp/\libhal_bsp.a(alt_icache_flush_all.o)
 .data          0x0000000000005dec        0x0 ../ultrasonic_theremin_bsp/\libhal_bsp.a(alt_iic.o)
 .data          0x0000000000005dec        0x0 ../ultrasonic_theremin_bsp/\libhal_bsp.a(alt_iic_isr_register.o)
 .data          0x0000000000005dec        0x0 ../ultrasonic_theremin_bsp/\libhal_bsp.a(alt_io_redirect.o)
 .data          0x0000000000005dec        0x0 ../ultrasonic_theremin_bsp/\libhal_bsp.a(alt_irq_entry.o)
 .data          0x0000000000005dec        0x0 ../ultrasonic_theremin_bsp/\libhal_bsp.a(alt_irq_handler.o)
 .data          0x0000000000005dec        0x0 ../ultrasonic_theremin_bsp/\libhal_bsp.a(alt_irq_vars.o)
 .data          0x0000000000005dec        0x0 ../ultrasonic_theremin_bsp/\libhal_bsp.a(alt_open.o)
 .data          0x0000000000005dec        0x0 ../ultrasonic_theremin_bsp/\libhal_bsp.a(alt_release_fd.o)
 .data          0x0000000000005dec        0x0 ../ultrasonic_theremin_bsp/\libhal_bsp.a(alt_tick.o)
 .data          0x0000000000005dec        0x0 ../ultrasonic_theremin_bsp/\libhal_bsp.a(altera_nios2_gen2_irq.o)
 .data          0x0000000000005dec        0x0 ../ultrasonic_theremin_bsp/\libhal_bsp.a(alt_exception_entry.o)
 .data          0x0000000000005dec        0x0 ../ultrasonic_theremin_bsp/\libhal_bsp.a(alt_find_dev.o)
 .data          0x0000000000005dec        0x0 ../ultrasonic_theremin_bsp/\libhal_bsp.a(alt_find_file.o)
 .data          0x0000000000005dec        0x0 ../ultrasonic_theremin_bsp/\libhal_bsp.a(alt_get_fd.o)
 .data          0x0000000000005dec        0x0 ../ultrasonic_theremin_bsp/\libhal_bsp.a(alt_icache_flush.o)
 .data          0x0000000000005dec        0x0 ../ultrasonic_theremin_bsp/\libhal_bsp.a(alt_instruction_exception_entry.o)
 .data          0x0000000000005dec        0x0 c:/alteraquartus/nios2eds/bin/gnu/h-x86_64-mingw32/bin/../lib/gcc/nios2-elf/5.3.0/../../../../../H-x86_64-mingw32/nios2-elf/lib\libsmallc.a(lib_a-atexit.o)
 .data          0x0000000000005dec        0x0 c:/alteraquartus/nios2eds/bin/gnu/h-x86_64-mingw32/bin/../lib/gcc/nios2-elf/5.3.0/../../../../../H-x86_64-mingw32/nios2-elf/lib\libsmallc.a(lib_a-exit.o)
 .data          0x0000000000005dec        0x0 c:/alteraquartus/nios2eds/bin/gnu/h-x86_64-mingw32/bin/../lib/gcc/nios2-elf/5.3.0/../../../../../H-x86_64-mingw32/nios2-elf/lib\libsmallc.a(lib_a-int_errno.o)
 .data          0x0000000000005dec        0x0 c:/alteraquartus/nios2eds/bin/gnu/h-x86_64-mingw32/bin/../lib/gcc/nios2-elf/5.3.0/../../../../../H-x86_64-mingw32/nios2-elf/lib\libsmallc.a(lib_a-memcmp.o)
 .data          0x0000000000005dec        0x0 c:/alteraquartus/nios2eds/bin/gnu/h-x86_64-mingw32/bin/../lib/gcc/nios2-elf/5.3.0/../../../../../H-x86_64-mingw32/nios2-elf/lib\libsmallc.a(lib_a-strlen.o)
 .data          0x0000000000005dec        0x0 c:/alteraquartus/nios2eds/bin/gnu/h-x86_64-mingw32/bin/../lib/gcc/nios2-elf/5.3.0/../../../../../H-x86_64-mingw32/nios2-elf/lib\libsmallc.a(lib_a-__atexit.o)
 .data          0x0000000000005dec        0x0 c:/alteraquartus/nios2eds/bin/gnu/h-x86_64-mingw32/bin/../lib/gcc/nios2-elf/5.3.0/../../../../../H-x86_64-mingw32/nios2-elf/lib\libsmallc.a(lib_a-__call_atexit.o)
 .data          0x0000000000005dec        0x0 c:/alteraquartus/nios2eds/bin/gnu/h-x86_64-mingw32/bin/../lib/gcc/nios2-elf/5.3.0/../../../../../H-x86_64-mingw32/nios2-elf/lib\libsmallc.a(lib_a-impure.o)
 .data.impure_data
                0x0000000000005dec       0xe0 c:/alteraquartus/nios2eds/bin/gnu/h-x86_64-mingw32/bin/../lib/gcc/nios2-elf/5.3.0/../../../../../H-x86_64-mingw32/nios2-elf/lib\libsmallc.a(lib_a-impure.o)
 .data          0x0000000000005ecc        0x0 ../ultrasonic_theremin_bsp/\libhal_bsp.a(alt_exit.o)
                0x000000000000decc                _gp = ABSOLUTE ((. + 0x8000))
                [!provide]                        PROVIDE (gp, _gp)
 *(.rwdata .rwdata.*)
 *(.sdata .sdata.* .gnu.linkonce.s.*)
 .sdata         0x0000000000005ecc       0x14 ../ultrasonic_theremin_bsp/\libhal_bsp.a(alt_dev.o)
                0x0000000000005ecc                alt_fs_list
                0x0000000000005ed4                alt_dev_list
                0x0000000000005edc                alt_max_fd
 .sdata         0x0000000000005ee0        0x4 ../ultrasonic_theremin_bsp/\libhal_bsp.a(alt_errno.o)
                0x0000000000005ee0                alt_errno
 .sdata         0x0000000000005ee4        0x4 ../ultrasonic_theremin_bsp/\libhal_bsp.a(alt_irq_vars.o)
                0x0000000000005ee4                alt_priority_mask
 .sdata         0x0000000000005ee8        0x8 ../ultrasonic_theremin_bsp/\libhal_bsp.a(alt_tick.o)
                0x0000000000005ee8                alt_alarm_list
 .sdata._global_impure_ptr
                0x0000000000005ef0        0x4 c:/alteraquartus/nios2eds/bin/gnu/h-x86_64-mingw32/bin/../lib/gcc/nios2-elf/5.3.0/../../../../../H-x86_64-mingw32/nios2-elf/lib\libsmallc.a(lib_a-impure.o)
                0x0000000000005ef0                _global_impure_ptr
 .sdata._impure_ptr
                0x0000000000005ef4        0x4 c:/alteraquartus/nios2eds/bin/gnu/h-x86_64-mingw32/bin/../lib/gcc/nios2-elf/5.3.0/../../../../../H-x86_64-mingw32/nios2-elf/lib\libsmallc.a(lib_a-impure.o)
                0x0000000000005ef4                _impure_ptr
 *(.sdata2 .sdata2.* .gnu.linkonce.s2.*)
                0x0000000000005ef8                . = ALIGN (0x4)
                0x0000000000005ef8                _edata = ABSOLUTE (.)
                [!provide]                        PROVIDE (edata, ABSOLUTE (.))
                0x0000000000005ef8                PROVIDE (__ram_rwdata_end, ABSOLUTE (.))
                0x0000000000005ef8                PROVIDE (__flash_rwdata_start, LOADADDR (.rwdata))

.bss            0x0000000000006238      0x124
                0x0000000000006238                __bss_start = ABSOLUTE (.)
                [!provide]                        PROVIDE (__sbss_start, ABSOLUTE (.))
                [!provide]                        PROVIDE (___sbss_start, ABSOLUTE (.))
 *(.dynsbss)
 *(.sbss .sbss.* .gnu.linkonce.sb.*)
 .sbss          0x0000000000006238        0x2 obj/default/dev_ledmatrix.o
                0x0000000000006238                counter
 *fill*         0x000000000000623a        0x2 
 .sbss          0x000000000000623c        0xc ../ultrasonic_theremin_bsp/\libhal_bsp.a(alt_main.o)
                0x000000000000623c                alt_argc
                0x0000000000006240                alt_argv
                0x0000000000006244                alt_envp
 .sbss          0x0000000000006248        0x4 ../ultrasonic_theremin_bsp/\libhal_bsp.a(alt_irq_vars.o)
                0x0000000000006248                alt_irq_active
 .sbss          0x000000000000624c        0x8 ../ultrasonic_theremin_bsp/\libhal_bsp.a(alt_tick.o)
                0x000000000000624c                _alt_tick_rate
                0x0000000000006250                _alt_nticks
 .sbss          0x0000000000006254        0x4 ../ultrasonic_theremin_bsp/\libhal_bsp.a(alt_instruction_exception_entry.o)
                0x0000000000006254                alt_instruction_exception_handler
 .sbss          0x0000000000006258        0x4 c:/alteraquartus/nios2eds/bin/gnu/h-x86_64-mingw32/bin/../lib/gcc/nios2-elf/5.3.0/../../../../../H-x86_64-mingw32/nios2-elf/lib\libsmallc.a(lib_a-int_errno.o)
                0x0000000000006258                errno
 *(.sbss2 .sbss2.* .gnu.linkonce.sb2.*)
 *(.scommon)
                [!provide]                        PROVIDE (__sbss_end, ABSOLUTE (.))
                [!provide]                        PROVIDE (___sbss_end, ABSOLUTE (.))
 *(.dynbss)
 *(.bss .bss.* .gnu.linkonce.b.*)
 .bss           0x000000000000625c        0x0 ../ultrasonic_theremin_bsp//obj/HAL/src/crt0.o
 .bss           0x000000000000625c        0x0 obj/default/dev_ledmatrix.o
 .bss           0x000000000000625c        0x0 ../ultrasonic_theremin_bsp/\libhal_bsp.a(alt_load.o)
 .bss           0x000000000000625c        0x0 ../ultrasonic_theremin_bsp/\libhal_bsp.a(alt_main.o)
 .bss           0x000000000000625c        0x0 ../ultrasonic_theremin_bsp/\libhal_bsp.a(alt_sys_init.o)
 .bss           0x000000000000625c        0x0 ../ultrasonic_theremin_bsp/\libhal_bsp.a(altera_avalon_jtag_uart_fd.o)
 .bss           0x000000000000625c        0x0 ../ultrasonic_theremin_bsp/\libhal_bsp.a(altera_avalon_jtag_uart_read.o)
 .bss           0x000000000000625c        0x0 ../ultrasonic_theremin_bsp/\libhal_bsp.a(altera_avalon_jtag_uart_write.o)
 .bss           0x000000000000625c        0x0 ../ultrasonic_theremin_bsp/\libhal_bsp.a(altera_avalon_timer_sc.o)
 .bss           0x000000000000625c        0x0 ../ultrasonic_theremin_bsp/\libhal_bsp.a(alt_close.o)
 .bss           0x000000000000625c        0x0 ../ultrasonic_theremin_bsp/\libhal_bsp.a(alt_dcache_flush_all.o)
 .bss           0x000000000000625c        0x0 ../ultrasonic_theremin_bsp/\libhal_bsp.a(alt_dev.o)
 .bss           0x000000000000625c        0x0 ../ultrasonic_theremin_bsp/\libhal_bsp.a(alt_dev_llist_insert.o)
 .bss           0x000000000000625c        0x0 ../ultrasonic_theremin_bsp/\libhal_bsp.a(alt_do_ctors.o)
 .bss           0x000000000000625c        0x0 ../ultrasonic_theremin_bsp/\libhal_bsp.a(alt_do_dtors.o)
 .bss           0x000000000000625c        0x0 ../ultrasonic_theremin_bsp/\libhal_bsp.a(alt_errno.o)
 .bss           0x000000000000625c        0x0 ../ultrasonic_theremin_bsp/\libhal_bsp.a(alt_icache_flush_all.o)
 .bss           0x000000000000625c        0x0 ../ultrasonic_theremin_bsp/\libhal_bsp.a(alt_iic.o)
 .bss           0x000000000000625c        0x0 ../ultrasonic_theremin_bsp/\libhal_bsp.a(alt_iic_isr_register.o)
 .bss           0x000000000000625c        0x0 ../ultrasonic_theremin_bsp/\libhal_bsp.a(alt_io_redirect.o)
 .bss           0x000000000000625c        0x0 ../ultrasonic_theremin_bsp/\libhal_bsp.a(alt_irq_entry.o)
 .bss           0x000000000000625c        0x0 ../ultrasonic_theremin_bsp/\libhal_bsp.a(alt_irq_handler.o)
 .bss           0x000000000000625c        0x0 ../ultrasonic_theremin_bsp/\libhal_bsp.a(alt_irq_vars.o)
 .bss           0x000000000000625c        0x0 ../ultrasonic_theremin_bsp/\libhal_bsp.a(alt_open.o)
 .bss           0x000000000000625c        0x0 ../ultrasonic_theremin_bsp/\libhal_bsp.a(alt_release_fd.o)
 .bss           0x000000000000625c        0x0 ../ultrasonic_theremin_bsp/\libhal_bsp.a(alt_tick.o)
 .bss           0x000000000000625c        0x0 ../ultrasonic_theremin_bsp/\libhal_bsp.a(altera_nios2_gen2_irq.o)
 .bss           0x000000000000625c        0x0 ../ultrasonic_theremin_bsp/\libhal_bsp.a(alt_exception_entry.o)
 .bss           0x000000000000625c        0x0 ../ultrasonic_theremin_bsp/\libhal_bsp.a(alt_find_dev.o)
 .bss           0x000000000000625c        0x0 ../ultrasonic_theremin_bsp/\libhal_bsp.a(alt_find_file.o)
 .bss           0x000000000000625c        0x0 ../ultrasonic_theremin_bsp/\libhal_bsp.a(alt_get_fd.o)
 .bss           0x000000000000625c        0x0 ../ultrasonic_theremin_bsp/\libhal_bsp.a(alt_icache_flush.o)
 .bss           0x000000000000625c        0x0 ../ultrasonic_theremin_bsp/\libhal_bsp.a(alt_instruction_exception_entry.o)
 .bss           0x000000000000625c        0x0 c:/alteraquartus/nios2eds/bin/gnu/h-x86_64-mingw32/bin/../lib/gcc/nios2-elf/5.3.0/../../../../../H-x86_64-mingw32/nios2-elf/lib\libsmallc.a(lib_a-atexit.o)
 .bss           0x000000000000625c        0x0 c:/alteraquartus/nios2eds/bin/gnu/h-x86_64-mingw32/bin/../lib/gcc/nios2-elf/5.3.0/../../../../../H-x86_64-mingw32/nios2-elf/lib\libsmallc.a(lib_a-exit.o)
 .bss           0x000000000000625c        0x0 c:/alteraquartus/nios2eds/bin/gnu/h-x86_64-mingw32/bin/../lib/gcc/nios2-elf/5.3.0/../../../../../H-x86_64-mingw32/nios2-elf/lib\libsmallc.a(lib_a-int_errno.o)
 .bss           0x000000000000625c        0x0 c:/alteraquartus/nios2eds/bin/gnu/h-x86_64-mingw32/bin/../lib/gcc/nios2-elf/5.3.0/../../../../../H-x86_64-mingw32/nios2-elf/lib\libsmallc.a(lib_a-memcmp.o)
 .bss           0x000000000000625c        0x0 c:/alteraquartus/nios2eds/bin/gnu/h-x86_64-mingw32/bin/../lib/gcc/nios2-elf/5.3.0/../../../../../H-x86_64-mingw32/nios2-elf/lib\libsmallc.a(lib_a-strlen.o)
 .bss           0x000000000000625c        0x0 c:/alteraquartus/nios2eds/bin/gnu/h-x86_64-mingw32/bin/../lib/gcc/nios2-elf/5.3.0/../../../../../H-x86_64-mingw32/nios2-elf/lib\libsmallc.a(lib_a-__atexit.o)
 .bss           0x000000000000625c        0x0 c:/alteraquartus/nios2eds/bin/gnu/h-x86_64-mingw32/bin/../lib/gcc/nios2-elf/5.3.0/../../../../../H-x86_64-mingw32/nios2-elf/lib\libsmallc.a(lib_a-__call_atexit.o)
 .bss           0x000000000000625c        0x0 c:/alteraquartus/nios2eds/bin/gnu/h-x86_64-mingw32/bin/../lib/gcc/nios2-elf/5.3.0/../../../../../H-x86_64-mingw32/nios2-elf/lib\libsmallc.a(lib_a-impure.o)
 .bss           0x000000000000625c        0x0 ../ultrasonic_theremin_bsp/\libhal_bsp.a(alt_exit.o)
 *(COMMON)
 COMMON         0x000000000000625c      0x100 ../ultrasonic_theremin_bsp/\libhal_bsp.a(alt_irq_handler.o)
                0x000000000000625c                alt_irq
                0x000000000000635c                . = ALIGN (0x4)
                0x000000000000635c                __bss_end = ABSOLUTE (.)

.onchip_ram     0x000000000000635c        0x0
                [!provide]                        PROVIDE (_alt_partition_onchip_ram_start, ABSOLUTE (.))
 *(.onchip_ram .onchip_ram. onchip_ram.*)
                0x000000000000635c                . = ALIGN (0x4)
                [!provide]                        PROVIDE (_alt_partition_onchip_ram_end, ABSOLUTE (.))
                0x000000000000635c                _end = ABSOLUTE (.)
                0x000000000000635c                end = ABSOLUTE (.)
                0x000000000000635c                __alt_stack_base = ABSOLUTE (.)
                [!provide]                        PROVIDE (_alt_partition_onchip_ram_load_addr, LOADADDR (.onchip_ram))

.stab
 *(.stab)

.stabstr
 *(.stabstr)

.stab.excl
 *(.stab.excl)

.stab.exclstr
 *(.stab.exclstr)

.stab.index
 *(.stab.index)

.stab.indexstr
 *(.stab.indexstr)

.comment        0x0000000000000000       0x23
 *(.comment)
 .comment       0x0000000000000000       0x23 obj/default/dev_ledmatrix.o
                                         0x24 (size before relaxing)
 .comment       0x0000000000000023       0x24 ../ultrasonic_theremin_bsp/\libhal_bsp.a(alt_load.o)
 .comment       0x0000000000000023       0x24 ../ultrasonic_theremin_bsp/\libhal_bsp.a(alt_main.o)
 .comment       0x0000000000000023       0x24 ../ultrasonic_theremin_bsp/\libhal_bsp.a(alt_sys_init.o)
 .comment       0x0000000000000023       0x24 ../ultrasonic_theremin_bsp/\libhal_bsp.a(altera_avalon_jtag_uart_fd.o)
 .comment       0x0000000000000023       0x24 ../ultrasonic_theremin_bsp/\libhal_bsp.a(altera_avalon_jtag_uart_read.o)
 .comment       0x0000000000000023       0x24 ../ultrasonic_theremin_bsp/\libhal_bsp.a(altera_avalon_jtag_uart_write.o)
 .comment       0x0000000000000023       0x24 ../ultrasonic_theremin_bsp/\libhal_bsp.a(altera_avalon_timer_sc.o)
 .comment       0x0000000000000023       0x24 ../ultrasonic_theremin_bsp/\libhal_bsp.a(alt_close.o)
 .comment       0x0000000000000023       0x24 ../ultrasonic_theremin_bsp/\libhal_bsp.a(alt_dcache_flush_all.o)
 .comment       0x0000000000000023       0x24 ../ultrasonic_theremin_bsp/\libhal_bsp.a(alt_dev.o)
 .comment       0x0000000000000023       0x24 ../ultrasonic_theremin_bsp/\libhal_bsp.a(alt_dev_llist_insert.o)
 .comment       0x0000000000000023       0x24 ../ultrasonic_theremin_bsp/\libhal_bsp.a(alt_do_ctors.o)
 .comment       0x0000000000000023       0x24 ../ultrasonic_theremin_bsp/\libhal_bsp.a(alt_do_dtors.o)
 .comment       0x0000000000000023       0x24 ../ultrasonic_theremin_bsp/\libhal_bsp.a(alt_errno.o)
 .comment       0x0000000000000023       0x24 ../ultrasonic_theremin_bsp/\libhal_bsp.a(alt_icache_flush_all.o)
 .comment       0x0000000000000023       0x24 ../ultrasonic_theremin_bsp/\libhal_bsp.a(alt_iic.o)
 .comment       0x0000000000000023       0x24 ../ultrasonic_theremin_bsp/\libhal_bsp.a(alt_iic_isr_register.o)
 .comment       0x0000000000000023       0x24 ../ultrasonic_theremin_bsp/\libhal_bsp.a(alt_io_redirect.o)
 .comment       0x0000000000000023       0x24 ../ultrasonic_theremin_bsp/\libhal_bsp.a(alt_irq_handler.o)
 .comment       0x0000000000000023       0x24 ../ultrasonic_theremin_bsp/\libhal_bsp.a(alt_irq_vars.o)
 .comment       0x0000000000000023       0x24 ../ultrasonic_theremin_bsp/\libhal_bsp.a(alt_open.o)
 .comment       0x0000000000000023       0x24 ../ultrasonic_theremin_bsp/\libhal_bsp.a(alt_release_fd.o)
 .comment       0x0000000000000023       0x24 ../ultrasonic_theremin_bsp/\libhal_bsp.a(alt_tick.o)
 .comment       0x0000000000000023       0x24 ../ultrasonic_theremin_bsp/\libhal_bsp.a(altera_nios2_gen2_irq.o)
 .comment       0x0000000000000023       0x24 ../ultrasonic_theremin_bsp/\libhal_bsp.a(alt_find_dev.o)
 .comment       0x0000000000000023       0x24 ../ultrasonic_theremin_bsp/\libhal_bsp.a(alt_find_file.o)
 .comment       0x0000000000000023       0x24 ../ultrasonic_theremin_bsp/\libhal_bsp.a(alt_get_fd.o)
 .comment       0x0000000000000023       0x24 ../ultrasonic_theremin_bsp/\libhal_bsp.a(alt_icache_flush.o)
 .comment       0x0000000000000023       0x24 ../ultrasonic_theremin_bsp/\libhal_bsp.a(alt_instruction_exception_entry.o)
 .comment       0x0000000000000023       0x24 c:/alteraquartus/nios2eds/bin/gnu/h-x86_64-mingw32/bin/../lib/gcc/nios2-elf/5.3.0/../../../../../H-x86_64-mingw32/nios2-elf/lib\libsmallc.a(lib_a-atexit.o)
 .comment       0x0000000000000023       0x24 c:/alteraquartus/nios2eds/bin/gnu/h-x86_64-mingw32/bin/../lib/gcc/nios2-elf/5.3.0/../../../../../H-x86_64-mingw32/nios2-elf/lib\libsmallc.a(lib_a-exit.o)
 .comment       0x0000000000000023       0x24 c:/alteraquartus/nios2eds/bin/gnu/h-x86_64-mingw32/bin/../lib/gcc/nios2-elf/5.3.0/../../../../../H-x86_64-mingw32/nios2-elf/lib\libsmallc.a(lib_a-int_errno.o)
 .comment       0x0000000000000023       0x24 c:/alteraquartus/nios2eds/bin/gnu/h-x86_64-mingw32/bin/../lib/gcc/nios2-elf/5.3.0/../../../../../H-x86_64-mingw32/nios2-elf/lib\libsmallc.a(lib_a-memcmp.o)
 .comment       0x0000000000000023       0x24 c:/alteraquartus/nios2eds/bin/gnu/h-x86_64-mingw32/bin/../lib/gcc/nios2-elf/5.3.0/../../../../../H-x86_64-mingw32/nios2-elf/lib\libsmallc.a(lib_a-strlen.o)
 .comment       0x0000000000000023       0x24 c:/alteraquartus/nios2eds/bin/gnu/h-x86_64-mingw32/bin/../lib/gcc/nios2-elf/5.3.0/../../../../../H-x86_64-mingw32/nios2-elf/lib\libsmallc.a(lib_a-__atexit.o)
 .comment       0x0000000000000023       0x24 c:/alteraquartus/nios2eds/bin/gnu/h-x86_64-mingw32/bin/../lib/gcc/nios2-elf/5.3.0/../../../../../H-x86_64-mingw32/nios2-elf/lib\libsmallc.a(lib_a-__call_atexit.o)
 .comment       0x0000000000000023       0x24 c:/alteraquartus/nios2eds/bin/gnu/h-x86_64-mingw32/bin/../lib/gcc/nios2-elf/5.3.0/../../../../../H-x86_64-mingw32/nios2-elf/lib\libsmallc.a(lib_a-impure.o)
 .comment       0x0000000000000023       0x24 ../ultrasonic_theremin_bsp/\libhal_bsp.a(alt_exit.o)

.debug
 *(.debug)

.line
 *(.line)

.debug_srcinfo
 *(.debug_srcinfo)

.debug_sfnames
 *(.debug_sfnames)

.debug_aranges  0x0000000000000000      0x558
 *(.debug_aranges)
 .debug_aranges
                0x0000000000000000       0x28 ../ultrasonic_theremin_bsp//obj/HAL/src/crt0.o
 .debug_aranges
                0x0000000000000028       0x20 obj/default/dev_ledmatrix.o
 .debug_aranges
                0x0000000000000048       0x20 ../ultrasonic_theremin_bsp/\libhal_bsp.a(alt_load.o)
 .debug_aranges
                0x0000000000000068       0x20 ../ultrasonic_theremin_bsp/\libhal_bsp.a(alt_main.o)
 .debug_aranges
                0x0000000000000088       0x20 ../ultrasonic_theremin_bsp/\libhal_bsp.a(alt_sys_init.o)
 .debug_aranges
                0x00000000000000a8       0x20 ../ultrasonic_theremin_bsp/\libhal_bsp.a(altera_avalon_jtag_uart_fd.o)
 .debug_aranges
                0x00000000000000c8       0x20 ../ultrasonic_theremin_bsp/\libhal_bsp.a(altera_avalon_jtag_uart_read.o)
 .debug_aranges
                0x00000000000000e8       0x20 ../ultrasonic_theremin_bsp/\libhal_bsp.a(altera_avalon_jtag_uart_write.o)
 .debug_aranges
                0x0000000000000108       0x20 ../ultrasonic_theremin_bsp/\libhal_bsp.a(altera_avalon_timer_sc.o)
 .debug_aranges
                0x0000000000000128       0x20 ../ultrasonic_theremin_bsp/\libhal_bsp.a(alt_close.o)
 .debug_aranges
                0x0000000000000148       0x20 ../ultrasonic_theremin_bsp/\libhal_bsp.a(alt_dcache_flush_all.o)
 .debug_aranges
                0x0000000000000168       0x20 ../ultrasonic_theremin_bsp/\libhal_bsp.a(alt_dev.o)
 .debug_aranges
                0x0000000000000188       0x20 ../ultrasonic_theremin_bsp/\libhal_bsp.a(alt_dev_llist_insert.o)
 .debug_aranges
                0x00000000000001a8       0x20 ../ultrasonic_theremin_bsp/\libhal_bsp.a(alt_do_ctors.o)
 .debug_aranges
                0x00000000000001c8       0x20 ../ultrasonic_theremin_bsp/\libhal_bsp.a(alt_do_dtors.o)
 .debug_aranges
                0x00000000000001e8       0x18 ../ultrasonic_theremin_bsp/\libhal_bsp.a(alt_errno.o)
 .debug_aranges
                0x0000000000000200       0x20 ../ultrasonic_theremin_bsp/\libhal_bsp.a(alt_icache_flush_all.o)
 .debug_aranges
                0x0000000000000220       0x20 ../ultrasonic_theremin_bsp/\libhal_bsp.a(alt_iic.o)
 .debug_aranges
                0x0000000000000240       0x20 ../ultrasonic_theremin_bsp/\libhal_bsp.a(alt_iic_isr_register.o)
 .debug_aranges
                0x0000000000000260       0x20 ../ultrasonic_theremin_bsp/\libhal_bsp.a(alt_io_redirect.o)
 .debug_aranges
                0x0000000000000280       0x30 ../ultrasonic_theremin_bsp/\libhal_bsp.a(alt_irq_entry.o)
 .debug_aranges
                0x00000000000002b0       0x20 ../ultrasonic_theremin_bsp/\libhal_bsp.a(alt_irq_handler.o)
 .debug_aranges
                0x00000000000002d0       0x18 ../ultrasonic_theremin_bsp/\libhal_bsp.a(alt_irq_vars.o)
 .debug_aranges
                0x00000000000002e8       0x20 ../ultrasonic_theremin_bsp/\libhal_bsp.a(alt_open.o)
 .debug_aranges
                0x0000000000000308       0x20 ../ultrasonic_theremin_bsp/\libhal_bsp.a(alt_release_fd.o)
 .debug_aranges
                0x0000000000000328       0x20 ../ultrasonic_theremin_bsp/\libhal_bsp.a(alt_tick.o)
 .debug_aranges
                0x0000000000000348       0x20 ../ultrasonic_theremin_bsp/\libhal_bsp.a(altera_nios2_gen2_irq.o)
 .debug_aranges
                0x0000000000000368       0x38 ../ultrasonic_theremin_bsp/\libhal_bsp.a(alt_exception_entry.o)
 .debug_aranges
                0x00000000000003a0       0x20 ../ultrasonic_theremin_bsp/\libhal_bsp.a(alt_find_dev.o)
 .debug_aranges
                0x00000000000003c0       0x20 ../ultrasonic_theremin_bsp/\libhal_bsp.a(alt_find_file.o)
 .debug_aranges
                0x00000000000003e0       0x20 ../ultrasonic_theremin_bsp/\libhal_bsp.a(alt_get_fd.o)
 .debug_aranges
                0x0000000000000400       0x20 ../ultrasonic_theremin_bsp/\libhal_bsp.a(alt_icache_flush.o)
 .debug_aranges
                0x0000000000000420       0x28 ../ultrasonic_theremin_bsp/\libhal_bsp.a(alt_instruction_exception_entry.o)
 .debug_aranges
                0x0000000000000448       0x20 c:/alteraquartus/nios2eds/bin/gnu/h-x86_64-mingw32/bin/../lib/gcc/nios2-elf/5.3.0/../../../../../H-x86_64-mingw32/nios2-elf/lib\libsmallc.a(lib_a-atexit.o)
 .debug_aranges
                0x0000000000000468       0x20 c:/alteraquartus/nios2eds/bin/gnu/h-x86_64-mingw32/bin/../lib/gcc/nios2-elf/5.3.0/../../../../../H-x86_64-mingw32/nios2-elf/lib\libsmallc.a(lib_a-exit.o)
 .debug_aranges
                0x0000000000000488       0x18 c:/alteraquartus/nios2eds/bin/gnu/h-x86_64-mingw32/bin/../lib/gcc/nios2-elf/5.3.0/../../../../../H-x86_64-mingw32/nios2-elf/lib\libsmallc.a(lib_a-int_errno.o)
 .debug_aranges
                0x00000000000004a0       0x20 c:/alteraquartus/nios2eds/bin/gnu/h-x86_64-mingw32/bin/../lib/gcc/nios2-elf/5.3.0/../../../../../H-x86_64-mingw32/nios2-elf/lib\libsmallc.a(lib_a-memcmp.o)
 .debug_aranges
                0x00000000000004c0       0x20 c:/alteraquartus/nios2eds/bin/gnu/h-x86_64-mingw32/bin/../lib/gcc/nios2-elf/5.3.0/../../../../../H-x86_64-mingw32/nios2-elf/lib\libsmallc.a(lib_a-strlen.o)
 .debug_aranges
                0x00000000000004e0       0x20 c:/alteraquartus/nios2eds/bin/gnu/h-x86_64-mingw32/bin/../lib/gcc/nios2-elf/5.3.0/../../../../../H-x86_64-mingw32/nios2-elf/lib\libsmallc.a(lib_a-__atexit.o)
 .debug_aranges
                0x0000000000000500       0x20 c:/alteraquartus/nios2eds/bin/gnu/h-x86_64-mingw32/bin/../lib/gcc/nios2-elf/5.3.0/../../../../../H-x86_64-mingw32/nios2-elf/lib\libsmallc.a(lib_a-__call_atexit.o)
 .debug_aranges
                0x0000000000000520       0x18 c:/alteraquartus/nios2eds/bin/gnu/h-x86_64-mingw32/bin/../lib/gcc/nios2-elf/5.3.0/../../../../../H-x86_64-mingw32/nios2-elf/lib\libsmallc.a(lib_a-impure.o)
 .debug_aranges
                0x0000000000000538       0x20 ../ultrasonic_theremin_bsp/\libhal_bsp.a(alt_exit.o)

.debug_pubnames
 *(.debug_pubnames)

.debug_info     0x0000000000000000     0x5741
 *(.debug_info .gnu.linkonce.wi.*)
 .debug_info    0x0000000000000000       0x7a ../ultrasonic_theremin_bsp//obj/HAL/src/crt0.o
 .debug_info    0x000000000000007a      0x15a obj/default/dev_ledmatrix.o
 .debug_info    0x00000000000001d4      0x145 ../ultrasonic_theremin_bsp/\libhal_bsp.a(alt_load.o)
 .debug_info    0x0000000000000319      0x131 ../ultrasonic_theremin_bsp/\libhal_bsp.a(alt_main.o)
 .debug_info    0x000000000000044a      0x3df ../ultrasonic_theremin_bsp/\libhal_bsp.a(alt_sys_init.o)
 .debug_info    0x0000000000000829      0x3a7 ../ultrasonic_theremin_bsp/\libhal_bsp.a(altera_avalon_jtag_uart_fd.o)
 .debug_info    0x0000000000000bd0      0x1b2 ../ultrasonic_theremin_bsp/\libhal_bsp.a(altera_avalon_jtag_uart_read.o)
 .debug_info    0x0000000000000d82      0x195 ../ultrasonic_theremin_bsp/\libhal_bsp.a(altera_avalon_jtag_uart_write.o)
 .debug_info    0x0000000000000f17      0x226 ../ultrasonic_theremin_bsp/\libhal_bsp.a(altera_avalon_timer_sc.o)
 .debug_info    0x000000000000113d      0x321 ../ultrasonic_theremin_bsp/\libhal_bsp.a(alt_close.o)
 .debug_info    0x000000000000145e       0xa5 ../ultrasonic_theremin_bsp/\libhal_bsp.a(alt_dcache_flush_all.o)
 .debug_info    0x0000000000001503      0x49c ../ultrasonic_theremin_bsp/\libhal_bsp.a(alt_dev.o)
 .debug_info    0x000000000000199f      0x1a9 ../ultrasonic_theremin_bsp/\libhal_bsp.a(alt_dev_llist_insert.o)
 .debug_info    0x0000000000001b48       0x83 ../ultrasonic_theremin_bsp/\libhal_bsp.a(alt_do_ctors.o)
 .debug_info    0x0000000000001bcb       0x83 ../ultrasonic_theremin_bsp/\libhal_bsp.a(alt_do_dtors.o)
 .debug_info    0x0000000000001c4e       0xa6 ../ultrasonic_theremin_bsp/\libhal_bsp.a(alt_errno.o)
 .debug_info    0x0000000000001cf4       0x92 ../ultrasonic_theremin_bsp/\libhal_bsp.a(alt_icache_flush_all.o)
 .debug_info    0x0000000000001d86      0x350 ../ultrasonic_theremin_bsp/\libhal_bsp.a(alt_iic.o)
 .debug_info    0x00000000000020d6      0x1ef ../ultrasonic_theremin_bsp/\libhal_bsp.a(alt_iic_isr_register.o)
 .debug_info    0x00000000000022c5      0x4a5 ../ultrasonic_theremin_bsp/\libhal_bsp.a(alt_io_redirect.o)
 .debug_info    0x000000000000276a       0x83 ../ultrasonic_theremin_bsp/\libhal_bsp.a(alt_irq_entry.o)
 .debug_info    0x00000000000027ed      0x187 ../ultrasonic_theremin_bsp/\libhal_bsp.a(alt_irq_handler.o)
 .debug_info    0x0000000000002974       0x88 ../ultrasonic_theremin_bsp/\libhal_bsp.a(alt_irq_vars.o)
 .debug_info    0x00000000000029fc      0x3bb ../ultrasonic_theremin_bsp/\libhal_bsp.a(alt_open.o)
 .debug_info    0x0000000000002db7      0x2b0 ../ultrasonic_theremin_bsp/\libhal_bsp.a(alt_release_fd.o)
 .debug_info    0x0000000000003067      0x299 ../ultrasonic_theremin_bsp/\libhal_bsp.a(alt_tick.o)
 .debug_info    0x0000000000003300       0x92 ../ultrasonic_theremin_bsp/\libhal_bsp.a(altera_nios2_gen2_irq.o)
 .debug_info    0x0000000000003392       0x89 ../ultrasonic_theremin_bsp/\libhal_bsp.a(alt_exception_entry.o)
 .debug_info    0x000000000000341b      0x2e9 ../ultrasonic_theremin_bsp/\libhal_bsp.a(alt_find_dev.o)
 .debug_info    0x0000000000003704      0x2e6 ../ultrasonic_theremin_bsp/\libhal_bsp.a(alt_find_file.o)
 .debug_info    0x00000000000039ea      0x310 ../ultrasonic_theremin_bsp/\libhal_bsp.a(alt_get_fd.o)
 .debug_info    0x0000000000003cfa       0xdc ../ultrasonic_theremin_bsp/\libhal_bsp.a(alt_icache_flush.o)
 .debug_info    0x0000000000003dd6      0x1e7 ../ultrasonic_theremin_bsp/\libhal_bsp.a(alt_instruction_exception_entry.o)
 .debug_info    0x0000000000003fbd       0xfe c:/alteraquartus/nios2eds/bin/gnu/h-x86_64-mingw32/bin/../lib/gcc/nios2-elf/5.3.0/../../../../../H-x86_64-mingw32/nios2-elf/lib\libsmallc.a(lib_a-atexit.o)
 .debug_info    0x00000000000040bb       0xe5 c:/alteraquartus/nios2eds/bin/gnu/h-x86_64-mingw32/bin/../lib/gcc/nios2-elf/5.3.0/../../../../../H-x86_64-mingw32/nios2-elf/lib\libsmallc.a(lib_a-exit.o)
 .debug_info    0x00000000000041a0       0x8a c:/alteraquartus/nios2eds/bin/gnu/h-x86_64-mingw32/bin/../lib/gcc/nios2-elf/5.3.0/../../../../../H-x86_64-mingw32/nios2-elf/lib\libsmallc.a(lib_a-int_errno.o)
 .debug_info    0x000000000000422a       0xf4 c:/alteraquartus/nios2eds/bin/gnu/h-x86_64-mingw32/bin/../lib/gcc/nios2-elf/5.3.0/../../../../../H-x86_64-mingw32/nios2-elf/lib\libsmallc.a(lib_a-memcmp.o)
 .debug_info    0x000000000000431e       0xc9 c:/alteraquartus/nios2eds/bin/gnu/h-x86_64-mingw32/bin/../lib/gcc/nios2-elf/5.3.0/../../../../../H-x86_64-mingw32/nios2-elf/lib\libsmallc.a(lib_a-strlen.o)
 .debug_info    0x00000000000043e7      0x64a c:/alteraquartus/nios2eds/bin/gnu/h-x86_64-mingw32/bin/../lib/gcc/nios2-elf/5.3.0/../../../../../H-x86_64-mingw32/nios2-elf/lib\libsmallc.a(lib_a-__atexit.o)
 .debug_info    0x0000000000004a31      0x67b c:/alteraquartus/nios2eds/bin/gnu/h-x86_64-mingw32/bin/../lib/gcc/nios2-elf/5.3.0/../../../../../H-x86_64-mingw32/nios2-elf/lib\libsmallc.a(lib_a-__call_atexit.o)
 .debug_info    0x00000000000050ac      0x5a9 c:/alteraquartus/nios2eds/bin/gnu/h-x86_64-mingw32/bin/../lib/gcc/nios2-elf/5.3.0/../../../../../H-x86_64-mingw32/nios2-elf/lib\libsmallc.a(lib_a-impure.o)
 .debug_info    0x0000000000005655       0xec ../ultrasonic_theremin_bsp/\libhal_bsp.a(alt_exit.o)

.debug_abbrev   0x0000000000000000     0x220e
 *(.debug_abbrev)
 .debug_abbrev  0x0000000000000000       0x12 ../ultrasonic_theremin_bsp//obj/HAL/src/crt0.o
 .debug_abbrev  0x0000000000000012       0xac obj/default/dev_ledmatrix.o
 .debug_abbrev  0x00000000000000be       0x9f ../ultrasonic_theremin_bsp/\libhal_bsp.a(alt_load.o)
 .debug_abbrev  0x000000000000015d       0xba ../ultrasonic_theremin_bsp/\libhal_bsp.a(alt_main.o)
 .debug_abbrev  0x0000000000000217      0x157 ../ultrasonic_theremin_bsp/\libhal_bsp.a(alt_sys_init.o)
 .debug_abbrev  0x000000000000036e       0xf7 ../ultrasonic_theremin_bsp/\libhal_bsp.a(altera_avalon_jtag_uart_fd.o)
 .debug_abbrev  0x0000000000000465       0xd5 ../ultrasonic_theremin_bsp/\libhal_bsp.a(altera_avalon_jtag_uart_read.o)
 .debug_abbrev  0x000000000000053a       0xd5 ../ultrasonic_theremin_bsp/\libhal_bsp.a(altera_avalon_jtag_uart_write.o)
 .debug_abbrev  0x000000000000060f      0x155 ../ultrasonic_theremin_bsp/\libhal_bsp.a(altera_avalon_timer_sc.o)
 .debug_abbrev  0x0000000000000764      0x11f ../ultrasonic_theremin_bsp/\libhal_bsp.a(alt_close.o)
 .debug_abbrev  0x0000000000000883       0x5a ../ultrasonic_theremin_bsp/\libhal_bsp.a(alt_dcache_flush_all.o)
 .debug_abbrev  0x00000000000008dd       0xd9 ../ultrasonic_theremin_bsp/\libhal_bsp.a(alt_dev.o)
 .debug_abbrev  0x00000000000009b6      0x114 ../ultrasonic_theremin_bsp/\libhal_bsp.a(alt_dev_llist_insert.o)
 .debug_abbrev  0x0000000000000aca       0x79 ../ultrasonic_theremin_bsp/\libhal_bsp.a(alt_do_ctors.o)
 .debug_abbrev  0x0000000000000b43       0x79 ../ultrasonic_theremin_bsp/\libhal_bsp.a(alt_do_dtors.o)
 .debug_abbrev  0x0000000000000bbc       0x5a ../ultrasonic_theremin_bsp/\libhal_bsp.a(alt_errno.o)
 .debug_abbrev  0x0000000000000c16       0x42 ../ultrasonic_theremin_bsp/\libhal_bsp.a(alt_icache_flush_all.o)
 .debug_abbrev  0x0000000000000c58      0x163 ../ultrasonic_theremin_bsp/\libhal_bsp.a(alt_iic.o)
 .debug_abbrev  0x0000000000000dbb      0x169 ../ultrasonic_theremin_bsp/\libhal_bsp.a(alt_iic_isr_register.o)
 .debug_abbrev  0x0000000000000f24      0x114 ../ultrasonic_theremin_bsp/\libhal_bsp.a(alt_io_redirect.o)
 .debug_abbrev  0x0000000000001038       0x12 ../ultrasonic_theremin_bsp/\libhal_bsp.a(alt_irq_entry.o)
 .debug_abbrev  0x000000000000104a      0x122 ../ultrasonic_theremin_bsp/\libhal_bsp.a(alt_irq_handler.o)
 .debug_abbrev  0x000000000000116c       0x40 ../ultrasonic_theremin_bsp/\libhal_bsp.a(alt_irq_vars.o)
 .debug_abbrev  0x00000000000011ac      0x148 ../ultrasonic_theremin_bsp/\libhal_bsp.a(alt_open.o)
 .debug_abbrev  0x00000000000012f4       0xde ../ultrasonic_theremin_bsp/\libhal_bsp.a(alt_release_fd.o)
 .debug_abbrev  0x00000000000013d2      0x15a ../ultrasonic_theremin_bsp/\libhal_bsp.a(alt_tick.o)
 .debug_abbrev  0x000000000000152c       0x42 ../ultrasonic_theremin_bsp/\libhal_bsp.a(altera_nios2_gen2_irq.o)
 .debug_abbrev  0x000000000000156e       0x12 ../ultrasonic_theremin_bsp/\libhal_bsp.a(alt_exception_entry.o)
 .debug_abbrev  0x0000000000001580       0xf0 ../ultrasonic_theremin_bsp/\libhal_bsp.a(alt_find_dev.o)
 .debug_abbrev  0x0000000000001670       0xf0 ../ultrasonic_theremin_bsp/\libhal_bsp.a(alt_find_file.o)
 .debug_abbrev  0x0000000000001760      0x10d ../ultrasonic_theremin_bsp/\libhal_bsp.a(alt_get_fd.o)
 .debug_abbrev  0x000000000000186d       0x8c ../ultrasonic_theremin_bsp/\libhal_bsp.a(alt_icache_flush.o)
 .debug_abbrev  0x00000000000018f9       0xdc ../ultrasonic_theremin_bsp/\libhal_bsp.a(alt_instruction_exception_entry.o)
 .debug_abbrev  0x00000000000019d5       0xaa c:/alteraquartus/nios2eds/bin/gnu/h-x86_64-mingw32/bin/../lib/gcc/nios2-elf/5.3.0/../../../../../H-x86_64-mingw32/nios2-elf/lib\libsmallc.a(lib_a-atexit.o)
 .debug_abbrev  0x0000000000001a7f       0x8b c:/alteraquartus/nios2eds/bin/gnu/h-x86_64-mingw32/bin/../lib/gcc/nios2-elf/5.3.0/../../../../../H-x86_64-mingw32/nios2-elf/lib\libsmallc.a(lib_a-exit.o)
 .debug_abbrev  0x0000000000001b0a       0x37 c:/alteraquartus/nios2eds/bin/gnu/h-x86_64-mingw32/bin/../lib/gcc/nios2-elf/5.3.0/../../../../../H-x86_64-mingw32/nios2-elf/lib\libsmallc.a(lib_a-int_errno.o)
 .debug_abbrev  0x0000000000001b41       0x7f c:/alteraquartus/nios2eds/bin/gnu/h-x86_64-mingw32/bin/../lib/gcc/nios2-elf/5.3.0/../../../../../H-x86_64-mingw32/nios2-elf/lib\libsmallc.a(lib_a-memcmp.o)
 .debug_abbrev  0x0000000000001bc0       0x7f c:/alteraquartus/nios2eds/bin/gnu/h-x86_64-mingw32/bin/../lib/gcc/nios2-elf/5.3.0/../../../../../H-x86_64-mingw32/nios2-elf/lib\libsmallc.a(lib_a-strlen.o)
 .debug_abbrev  0x0000000000001c3f      0x1e6 c:/alteraquartus/nios2eds/bin/gnu/h-x86_64-mingw32/bin/../lib/gcc/nios2-elf/5.3.0/../../../../../H-x86_64-mingw32/nios2-elf/lib\libsmallc.a(lib_a-__atexit.o)
 .debug_abbrev  0x0000000000001e25      0x1f6 c:/alteraquartus/nios2eds/bin/gnu/h-x86_64-mingw32/bin/../lib/gcc/nios2-elf/5.3.0/../../../../../H-x86_64-mingw32/nios2-elf/lib\libsmallc.a(lib_a-__call_atexit.o)
 .debug_abbrev  0x000000000000201b      0x14a c:/alteraquartus/nios2eds/bin/gnu/h-x86_64-mingw32/bin/../lib/gcc/nios2-elf/5.3.0/../../../../../H-x86_64-mingw32/nios2-elf/lib\libsmallc.a(lib_a-impure.o)
 .debug_abbrev  0x0000000000002165       0xa9 ../ultrasonic_theremin_bsp/\libhal_bsp.a(alt_exit.o)

.debug_line     0x0000000000000000     0x240c
 *(.debug_line)
 .debug_line    0x0000000000000000       0x72 ../ultrasonic_theremin_bsp//obj/HAL/src/crt0.o
 .debug_line    0x0000000000000072      0x143 obj/default/dev_ledmatrix.o
 .debug_line    0x00000000000001b5       0x8e ../ultrasonic_theremin_bsp/\libhal_bsp.a(alt_load.o)
 .debug_line    0x0000000000000243       0xa4 ../ultrasonic_theremin_bsp/\libhal_bsp.a(alt_main.o)
 .debug_line    0x00000000000002e7      0x142 ../ultrasonic_theremin_bsp/\libhal_bsp.a(alt_sys_init.o)
 .debug_line    0x0000000000000429      0x112 ../ultrasonic_theremin_bsp/\libhal_bsp.a(altera_avalon_jtag_uart_fd.o)
 .debug_line    0x000000000000053b       0xfd ../ultrasonic_theremin_bsp/\libhal_bsp.a(altera_avalon_jtag_uart_read.o)
 .debug_line    0x0000000000000638       0xf4 ../ultrasonic_theremin_bsp/\libhal_bsp.a(altera_avalon_jtag_uart_write.o)
 .debug_line    0x000000000000072c       0xfd ../ultrasonic_theremin_bsp/\libhal_bsp.a(altera_avalon_timer_sc.o)
 .debug_line    0x0000000000000829      0x15f ../ultrasonic_theremin_bsp/\libhal_bsp.a(alt_close.o)
 .debug_line    0x0000000000000988       0x61 ../ultrasonic_theremin_bsp/\libhal_bsp.a(alt_dcache_flush_all.o)
 .debug_line    0x00000000000009e9       0xf2 ../ultrasonic_theremin_bsp/\libhal_bsp.a(alt_dev.o)
 .debug_line    0x0000000000000adb       0xcf ../ultrasonic_theremin_bsp/\libhal_bsp.a(alt_dev_llist_insert.o)
 .debug_line    0x0000000000000baa       0x59 ../ultrasonic_theremin_bsp/\libhal_bsp.a(alt_do_ctors.o)
 .debug_line    0x0000000000000c03       0x59 ../ultrasonic_theremin_bsp/\libhal_bsp.a(alt_do_dtors.o)
 .debug_line    0x0000000000000c5c       0x51 ../ultrasonic_theremin_bsp/\libhal_bsp.a(alt_errno.o)
 .debug_line    0x0000000000000cad       0x50 ../ultrasonic_theremin_bsp/\libhal_bsp.a(alt_icache_flush_all.o)
 .debug_line    0x0000000000000cfd       0xeb ../ultrasonic_theremin_bsp/\libhal_bsp.a(alt_iic.o)
 .debug_line    0x0000000000000de8       0xdb ../ultrasonic_theremin_bsp/\libhal_bsp.a(alt_iic_isr_register.o)
 .debug_line    0x0000000000000ec3      0x12d ../ultrasonic_theremin_bsp/\libhal_bsp.a(alt_io_redirect.o)
 .debug_line    0x0000000000000ff0       0x6b ../ultrasonic_theremin_bsp/\libhal_bsp.a(alt_irq_entry.o)
 .debug_line    0x000000000000105b       0xaa ../ultrasonic_theremin_bsp/\libhal_bsp.a(alt_irq_handler.o)
 .debug_line    0x0000000000001105       0x50 ../ultrasonic_theremin_bsp/\libhal_bsp.a(alt_irq_vars.o)
 .debug_line    0x0000000000001155      0x128 ../ultrasonic_theremin_bsp/\libhal_bsp.a(alt_open.o)
 .debug_line    0x000000000000127d       0xae ../ultrasonic_theremin_bsp/\libhal_bsp.a(alt_release_fd.o)
 .debug_line    0x000000000000132b       0xff ../ultrasonic_theremin_bsp/\libhal_bsp.a(alt_tick.o)
 .debug_line    0x000000000000142a       0x51 ../ultrasonic_theremin_bsp/\libhal_bsp.a(altera_nios2_gen2_irq.o)
 .debug_line    0x000000000000147b       0xb3 ../ultrasonic_theremin_bsp/\libhal_bsp.a(alt_exception_entry.o)
 .debug_line    0x000000000000152e       0xb5 ../ultrasonic_theremin_bsp/\libhal_bsp.a(alt_find_dev.o)
 .debug_line    0x00000000000015e3       0xd1 ../ultrasonic_theremin_bsp/\libhal_bsp.a(alt_find_file.o)
 .debug_line    0x00000000000016b4       0xd4 ../ultrasonic_theremin_bsp/\libhal_bsp.a(alt_get_fd.o)
 .debug_line    0x0000000000001788       0x81 ../ultrasonic_theremin_bsp/\libhal_bsp.a(alt_icache_flush.o)
 .debug_line    0x0000000000001809       0xba ../ultrasonic_theremin_bsp/\libhal_bsp.a(alt_instruction_exception_entry.o)
 .debug_line    0x00000000000018c3       0xe4 c:/alteraquartus/nios2eds/bin/gnu/h-x86_64-mingw32/bin/../lib/gcc/nios2-elf/5.3.0/../../../../../H-x86_64-mingw32/nios2-elf/lib\libsmallc.a(lib_a-atexit.o)
 .debug_line    0x00000000000019a7      0x156 c:/alteraquartus/nios2eds/bin/gnu/h-x86_64-mingw32/bin/../lib/gcc/nios2-elf/5.3.0/../../../../../H-x86_64-mingw32/nios2-elf/lib\libsmallc.a(lib_a-exit.o)
 .debug_line    0x0000000000001afd       0x5c c:/alteraquartus/nios2eds/bin/gnu/h-x86_64-mingw32/bin/../lib/gcc/nios2-elf/5.3.0/../../../../../H-x86_64-mingw32/nios2-elf/lib\libsmallc.a(lib_a-int_errno.o)
 .debug_line    0x0000000000001b59      0x15d c:/alteraquartus/nios2eds/bin/gnu/h-x86_64-mingw32/bin/../lib/gcc/nios2-elf/5.3.0/../../../../../H-x86_64-mingw32/nios2-elf/lib\libsmallc.a(lib_a-memcmp.o)
 .debug_line    0x0000000000001cb6      0x159 c:/alteraquartus/nios2eds/bin/gnu/h-x86_64-mingw32/bin/../lib/gcc/nios2-elf/5.3.0/../../../../../H-x86_64-mingw32/nios2-elf/lib\libsmallc.a(lib_a-strlen.o)
 .debug_line    0x0000000000001e0f      0x20a c:/alteraquartus/nios2eds/bin/gnu/h-x86_64-mingw32/bin/../lib/gcc/nios2-elf/5.3.0/../../../../../H-x86_64-mingw32/nios2-elf/lib\libsmallc.a(lib_a-__atexit.o)
 .debug_line    0x0000000000002019      0x22f c:/alteraquartus/nios2eds/bin/gnu/h-x86_64-mingw32/bin/../lib/gcc/nios2-elf/5.3.0/../../../../../H-x86_64-mingw32/nios2-elf/lib\libsmallc.a(lib_a-__call_atexit.o)
 .debug_line    0x0000000000002248      0x153 c:/alteraquartus/nios2eds/bin/gnu/h-x86_64-mingw32/bin/../lib/gcc/nios2-elf/5.3.0/../../../../../H-x86_64-mingw32/nios2-elf/lib\libsmallc.a(lib_a-impure.o)
 .debug_line    0x000000000000239b       0x71 ../ultrasonic_theremin_bsp/\libhal_bsp.a(alt_exit.o)

.debug_frame    0x0000000000000000      0x9a4
 *(.debug_frame)
 .debug_frame   0x0000000000000000       0x5c obj/default/dev_ledmatrix.o
 .debug_frame   0x000000000000005c       0x5c ../ultrasonic_theremin_bsp/\libhal_bsp.a(alt_load.o)
 .debug_frame   0x00000000000000b8       0x2c ../ultrasonic_theremin_bsp/\libhal_bsp.a(alt_main.o)
 .debug_frame   0x00000000000000e4       0x88 ../ultrasonic_theremin_bsp/\libhal_bsp.a(alt_sys_init.o)
 .debug_frame   0x000000000000016c       0x60 ../ultrasonic_theremin_bsp/\libhal_bsp.a(altera_avalon_jtag_uart_fd.o)
 .debug_frame   0x00000000000001cc       0x34 ../ultrasonic_theremin_bsp/\libhal_bsp.a(altera_avalon_jtag_uart_read.o)
 .debug_frame   0x0000000000000200       0x34 ../ultrasonic_theremin_bsp/\libhal_bsp.a(altera_avalon_jtag_uart_write.o)
 .debug_frame   0x0000000000000234       0x60 ../ultrasonic_theremin_bsp/\libhal_bsp.a(altera_avalon_timer_sc.o)
 .debug_frame   0x0000000000000294       0x60 ../ultrasonic_theremin_bsp/\libhal_bsp.a(alt_close.o)
 .debug_frame   0x00000000000002f4       0x34 ../ultrasonic_theremin_bsp/\libhal_bsp.a(alt_dcache_flush_all.o)
 .debug_frame   0x0000000000000328       0x34 ../ultrasonic_theremin_bsp/\libhal_bsp.a(alt_dev.o)
 .debug_frame   0x000000000000035c       0x60 ../ultrasonic_theremin_bsp/\libhal_bsp.a(alt_dev_llist_insert.o)
 .debug_frame   0x00000000000003bc       0x38 ../ultrasonic_theremin_bsp/\libhal_bsp.a(alt_do_ctors.o)
 .debug_frame   0x00000000000003f4       0x38 ../ultrasonic_theremin_bsp/\libhal_bsp.a(alt_do_dtors.o)
 .debug_frame   0x000000000000042c       0x38 ../ultrasonic_theremin_bsp/\libhal_bsp.a(alt_icache_flush_all.o)
 .debug_frame   0x0000000000000464       0xa4 ../ultrasonic_theremin_bsp/\libhal_bsp.a(alt_iic.o)
 .debug_frame   0x0000000000000508       0x38 ../ultrasonic_theremin_bsp/\libhal_bsp.a(alt_iic_isr_register.o)
 .debug_frame   0x0000000000000540       0x60 ../ultrasonic_theremin_bsp/\libhal_bsp.a(alt_io_redirect.o)
 .debug_frame   0x00000000000005a0       0x38 ../ultrasonic_theremin_bsp/\libhal_bsp.a(alt_irq_handler.o)
 .debug_frame   0x00000000000005d8       0x84 ../ultrasonic_theremin_bsp/\libhal_bsp.a(alt_open.o)
 .debug_frame   0x000000000000065c       0x34 ../ultrasonic_theremin_bsp/\libhal_bsp.a(alt_release_fd.o)
 .debug_frame   0x0000000000000690       0x5c ../ultrasonic_theremin_bsp/\libhal_bsp.a(alt_tick.o)
 .debug_frame   0x00000000000006ec       0x34 ../ultrasonic_theremin_bsp/\libhal_bsp.a(altera_nios2_gen2_irq.o)
 .debug_frame   0x0000000000000720       0x38 ../ultrasonic_theremin_bsp/\libhal_bsp.a(alt_find_dev.o)
 .debug_frame   0x0000000000000758       0x38 ../ultrasonic_theremin_bsp/\libhal_bsp.a(alt_find_file.o)
 .debug_frame   0x0000000000000790       0x34 ../ultrasonic_theremin_bsp/\libhal_bsp.a(alt_get_fd.o)
 .debug_frame   0x00000000000007c4       0x34 ../ultrasonic_theremin_bsp/\libhal_bsp.a(alt_icache_flush.o)
 .debug_frame   0x00000000000007f8       0x5c ../ultrasonic_theremin_bsp/\libhal_bsp.a(alt_instruction_exception_entry.o)
 .debug_frame   0x0000000000000854       0x20 c:/alteraquartus/nios2eds/bin/gnu/h-x86_64-mingw32/bin/../lib/gcc/nios2-elf/5.3.0/../../../../../H-x86_64-mingw32/nios2-elf/lib\libsmallc.a(lib_a-atexit.o)
 .debug_frame   0x0000000000000874       0x28 c:/alteraquartus/nios2eds/bin/gnu/h-x86_64-mingw32/bin/../lib/gcc/nios2-elf/5.3.0/../../../../../H-x86_64-mingw32/nios2-elf/lib\libsmallc.a(lib_a-exit.o)
 .debug_frame   0x000000000000089c       0x20 c:/alteraquartus/nios2eds/bin/gnu/h-x86_64-mingw32/bin/../lib/gcc/nios2-elf/5.3.0/../../../../../H-x86_64-mingw32/nios2-elf/lib\libsmallc.a(lib_a-memcmp.o)
 .debug_frame   0x00000000000008bc       0x20 c:/alteraquartus/nios2eds/bin/gnu/h-x86_64-mingw32/bin/../lib/gcc/nios2-elf/5.3.0/../../../../../H-x86_64-mingw32/nios2-elf/lib\libsmallc.a(lib_a-strlen.o)
 .debug_frame   0x00000000000008dc       0x48 c:/alteraquartus/nios2eds/bin/gnu/h-x86_64-mingw32/bin/../lib/gcc/nios2-elf/5.3.0/../../../../../H-x86_64-mingw32/nios2-elf/lib\libsmallc.a(lib_a-__atexit.o)
 .debug_frame   0x0000000000000924       0x54 c:/alteraquartus/nios2eds/bin/gnu/h-x86_64-mingw32/bin/../lib/gcc/nios2-elf/5.3.0/../../../../../H-x86_64-mingw32/nios2-elf/lib\libsmallc.a(lib_a-__call_atexit.o)
 .debug_frame   0x0000000000000978       0x2c ../ultrasonic_theremin_bsp/\libhal_bsp.a(alt_exit.o)

.debug_str      0x0000000000000000     0x1803
 *(.debug_str)
 .debug_str     0x0000000000000000      0x132 obj/default/dev_ledmatrix.o
                                        0x181 (size before relaxing)
 .debug_str     0x0000000000000132      0x137 ../ultrasonic_theremin_bsp/\libhal_bsp.a(alt_load.o)
                                        0x21b (size before relaxing)
 .debug_str     0x0000000000000269       0x70 ../ultrasonic_theremin_bsp/\libhal_bsp.a(alt_main.o)
                                        0x1a6 (size before relaxing)
 .debug_str     0x00000000000002d9      0x188 ../ultrasonic_theremin_bsp/\libhal_bsp.a(alt_sys_init.o)
                                        0x313 (size before relaxing)
 .debug_str     0x0000000000000461       0x77 ../ultrasonic_theremin_bsp/\libhal_bsp.a(altera_avalon_jtag_uart_fd.o)
                                        0x2de (size before relaxing)
 .debug_str     0x00000000000004d8       0x48 ../ultrasonic_theremin_bsp/\libhal_bsp.a(altera_avalon_jtag_uart_read.o)
                                        0x228 (size before relaxing)
 .debug_str     0x0000000000000520       0x4a ../ultrasonic_theremin_bsp/\libhal_bsp.a(altera_avalon_jtag_uart_write.o)
                                        0x21e (size before relaxing)
 .debug_str     0x000000000000056a       0xb6 ../ultrasonic_theremin_bsp/\libhal_bsp.a(altera_avalon_timer_sc.o)
                                        0x254 (size before relaxing)
 .debug_str     0x0000000000000620       0x44 ../ultrasonic_theremin_bsp/\libhal_bsp.a(alt_close.o)
                                        0x214 (size before relaxing)
 .debug_str     0x0000000000000664       0x34 ../ultrasonic_theremin_bsp/\libhal_bsp.a(alt_dcache_flush_all.o)
                                        0x15e (size before relaxing)
 .debug_str     0x0000000000000698      0x120 ../ultrasonic_theremin_bsp/\libhal_bsp.a(alt_dev.o)
                                        0x30e (size before relaxing)
 .debug_str     0x00000000000007b8       0x45 ../ultrasonic_theremin_bsp/\libhal_bsp.a(alt_dev_llist_insert.o)
                                        0x1d5 (size before relaxing)
 .debug_str     0x00000000000007fd       0x48 ../ultrasonic_theremin_bsp/\libhal_bsp.a(alt_do_ctors.o)
                                         0xd9 (size before relaxing)
 .debug_str     0x0000000000000845       0x4c ../ultrasonic_theremin_bsp/\libhal_bsp.a(alt_do_dtors.o)
                                         0xd8 (size before relaxing)
 .debug_str     0x0000000000000891       0x14 ../ultrasonic_theremin_bsp/\libhal_bsp.a(alt_errno.o)
                                        0x14e (size before relaxing)
 .debug_str     0x00000000000008a5       0x34 ../ultrasonic_theremin_bsp/\libhal_bsp.a(alt_icache_flush_all.o)
                                        0x15e (size before relaxing)
 .debug_str     0x00000000000008d9       0xc4 ../ultrasonic_theremin_bsp/\libhal_bsp.a(alt_iic.o)
                                        0x247 (size before relaxing)
 .debug_str     0x000000000000099d       0x4c ../ultrasonic_theremin_bsp/\libhal_bsp.a(alt_iic_isr_register.o)
                                        0x1f1 (size before relaxing)
 .debug_str     0x00000000000009e9       0x56 ../ultrasonic_theremin_bsp/\libhal_bsp.a(alt_io_redirect.o)
                                        0x31f (size before relaxing)
 .debug_str     0x0000000000000a3f       0x3a ../ultrasonic_theremin_bsp/\libhal_bsp.a(alt_irq_handler.o)
                                        0x1a0 (size before relaxing)
 .debug_str     0x0000000000000a79       0x17 ../ultrasonic_theremin_bsp/\libhal_bsp.a(alt_irq_vars.o)
                                        0x143 (size before relaxing)
 .debug_str     0x0000000000000a90       0x2f ../ultrasonic_theremin_bsp/\libhal_bsp.a(alt_open.o)
                                        0x254 (size before relaxing)
 .debug_str     0x0000000000000abf       0x28 ../ultrasonic_theremin_bsp/\libhal_bsp.a(alt_release_fd.o)
                                        0x1dc (size before relaxing)
 .debug_str     0x0000000000000ae7       0x78 ../ultrasonic_theremin_bsp/\libhal_bsp.a(alt_tick.o)
                                        0x25b (size before relaxing)
 .debug_str     0x0000000000000b5f       0x3b ../ultrasonic_theremin_bsp/\libhal_bsp.a(altera_nios2_gen2_irq.o)
                                        0x165 (size before relaxing)
 .debug_str     0x0000000000000b9a       0x24 ../ultrasonic_theremin_bsp/\libhal_bsp.a(alt_find_dev.o)
                                        0x1f5 (size before relaxing)
 .debug_str     0x0000000000000bbe       0x26 ../ultrasonic_theremin_bsp/\libhal_bsp.a(alt_find_file.o)
                                        0x203 (size before relaxing)
 .debug_str     0x0000000000000be4       0x30 ../ultrasonic_theremin_bsp/\libhal_bsp.a(alt_get_fd.o)
                                        0x225 (size before relaxing)
 .debug_str     0x0000000000000c14       0x2c ../ultrasonic_theremin_bsp/\libhal_bsp.a(alt_icache_flush.o)
                                        0x164 (size before relaxing)
 .debug_str     0x0000000000000c40      0x48b ../ultrasonic_theremin_bsp/\libhal_bsp.a(alt_instruction_exception_entry.o)
                                        0x5a9 (size before relaxing)
 .debug_str     0x00000000000010cb      0x15d c:/alteraquartus/nios2eds/bin/gnu/h-x86_64-mingw32/bin/../lib/gcc/nios2-elf/5.3.0/../../../../../H-x86_64-mingw32/nios2-elf/lib\libsmallc.a(lib_a-atexit.o)
                                        0x202 (size before relaxing)
 .debug_str     0x0000000000001228       0x49 c:/alteraquartus/nios2eds/bin/gnu/h-x86_64-mingw32/bin/../lib/gcc/nios2-elf/5.3.0/../../../../../H-x86_64-mingw32/nios2-elf/lib\libsmallc.a(lib_a-exit.o)
                                        0x1d6 (size before relaxing)
 .debug_str     0x0000000000001271       0xc5 c:/alteraquartus/nios2eds/bin/gnu/h-x86_64-mingw32/bin/../lib/gcc/nios2-elf/5.3.0/../../../../../H-x86_64-mingw32/nios2-elf/lib\libsmallc.a(lib_a-int_errno.o)
                                        0x1be (size before relaxing)
 .debug_str     0x0000000000001336       0xd2 c:/alteraquartus/nios2eds/bin/gnu/h-x86_64-mingw32/bin/../lib/gcc/nios2-elf/5.3.0/../../../../../H-x86_64-mingw32/nios2-elf/lib\libsmallc.a(lib_a-memcmp.o)
                                        0x1c5 (size before relaxing)
 .debug_str     0x0000000000001408       0x41 c:/alteraquartus/nios2eds/bin/gnu/h-x86_64-mingw32/bin/../lib/gcc/nios2-elf/5.3.0/../../../../../H-x86_64-mingw32/nios2-elf/lib\libsmallc.a(lib_a-strlen.o)
                                        0x1cb (size before relaxing)
 .debug_str     0x0000000000001449      0x2e9 c:/alteraquartus/nios2eds/bin/gnu/h-x86_64-mingw32/bin/../lib/gcc/nios2-elf/5.3.0/../../../../../H-x86_64-mingw32/nios2-elf/lib\libsmallc.a(lib_a-__atexit.o)
                                        0x4e5 (size before relaxing)
 .debug_str     0x0000000000001732       0x62 c:/alteraquartus/nios2eds/bin/gnu/h-x86_64-mingw32/bin/../lib/gcc/nios2-elf/5.3.0/../../../../../H-x86_64-mingw32/nios2-elf/lib\libsmallc.a(lib_a-__call_atexit.o)
                                        0x4d1 (size before relaxing)
 .debug_str     0x0000000000001794       0x45 c:/alteraquartus/nios2eds/bin/gnu/h-x86_64-mingw32/bin/../lib/gcc/nios2-elf/5.3.0/../../../../../H-x86_64-mingw32/nios2-elf/lib\libsmallc.a(lib_a-impure.o)
                                        0x4a4 (size before relaxing)
 .debug_str     0x00000000000017d9       0x2a ../ultrasonic_theremin_bsp/\libhal_bsp.a(alt_exit.o)
                                        0x15a (size before relaxing)

.debug_loc      0x0000000000000000      0x413
 *(.debug_loc)
 .debug_loc     0x0000000000000000       0x2c c:/alteraquartus/nios2eds/bin/gnu/h-x86_64-mingw32/bin/../lib/gcc/nios2-elf/5.3.0/../../../../../H-x86_64-mingw32/nios2-elf/lib\libsmallc.a(lib_a-atexit.o)
 .debug_loc     0x000000000000002c       0x1e c:/alteraquartus/nios2eds/bin/gnu/h-x86_64-mingw32/bin/../lib/gcc/nios2-elf/5.3.0/../../../../../H-x86_64-mingw32/nios2-elf/lib\libsmallc.a(lib_a-exit.o)
 .debug_loc     0x000000000000004a       0x94 c:/alteraquartus/nios2eds/bin/gnu/h-x86_64-mingw32/bin/../lib/gcc/nios2-elf/5.3.0/../../../../../H-x86_64-mingw32/nios2-elf/lib\libsmallc.a(lib_a-memcmp.o)
 .debug_loc     0x00000000000000de       0x1e c:/alteraquartus/nios2eds/bin/gnu/h-x86_64-mingw32/bin/../lib/gcc/nios2-elf/5.3.0/../../../../../H-x86_64-mingw32/nios2-elf/lib\libsmallc.a(lib_a-strlen.o)
 .debug_loc     0x00000000000000fc      0x1c0 c:/alteraquartus/nios2eds/bin/gnu/h-x86_64-mingw32/bin/../lib/gcc/nios2-elf/5.3.0/../../../../../H-x86_64-mingw32/nios2-elf/lib\libsmallc.a(lib_a-__atexit.o)
 .debug_loc     0x00000000000002bc      0x157 c:/alteraquartus/nios2eds/bin/gnu/h-x86_64-mingw32/bin/../lib/gcc/nios2-elf/5.3.0/../../../../../H-x86_64-mingw32/nios2-elf/lib\libsmallc.a(lib_a-__call_atexit.o)

.debug_macinfo
 *(.debug_macinfo)

.debug_weaknames
 *(.debug_weaknames)

.debug_funcnames
 *(.debug_funcnames)

.debug_typenames
 *(.debug_typenames)

.debug_varnames
 *(.debug_varnames)

.debug_alt_sim_info
                0x0000000000000000       0x30
 *(.debug_alt_sim_info)
 .debug_alt_sim_info
                0x0000000000000000       0x30 ../ultrasonic_theremin_bsp//obj/HAL/src/crt0.o
                0x0000000000008000                __alt_data_end = 0x8000
                0x0000000000008000                PROVIDE (__alt_stack_pointer, __alt_data_end)
                [!provide]                        PROVIDE (__alt_stack_limit, __alt_stack_base)
                [!provide]                        PROVIDE (__alt_heap_start, end)
                [!provide]                        PROVIDE (__alt_heap_limit, 0x8000)
OUTPUT(dev_ledmatrix.elf elf32-littlenios2)

.debug_ranges   0x0000000000000000      0x130
 .debug_ranges  0x0000000000000000       0x20 ../ultrasonic_theremin_bsp//obj/HAL/src/crt0.o
 .debug_ranges  0x0000000000000020       0x18 ../ultrasonic_theremin_bsp/\libhal_bsp.a(altera_avalon_jtag_uart_read.o)
 .debug_ranges  0x0000000000000038       0x28 ../ultrasonic_theremin_bsp/\libhal_bsp.a(alt_irq_entry.o)
 .debug_ranges  0x0000000000000060       0x10 ../ultrasonic_theremin_bsp/\libhal_bsp.a(alt_irq_handler.o)
 .debug_ranges  0x0000000000000070       0x30 ../ultrasonic_theremin_bsp/\libhal_bsp.a(alt_exception_entry.o)
 .debug_ranges  0x00000000000000a0       0x18 ../ultrasonic_theremin_bsp/\libhal_bsp.a(alt_instruction_exception_entry.o)
 .debug_ranges  0x00000000000000b8       0x10 c:/alteraquartus/nios2eds/bin/gnu/h-x86_64-mingw32/bin/../lib/gcc/nios2-elf/5.3.0/../../../../../H-x86_64-mingw32/nios2-elf/lib\libsmallc.a(lib_a-atexit.o)
 .debug_ranges  0x00000000000000c8       0x10 c:/alteraquartus/nios2eds/bin/gnu/h-x86_64-mingw32/bin/../lib/gcc/nios2-elf/5.3.0/../../../../../H-x86_64-mingw32/nios2-elf/lib\libsmallc.a(lib_a-exit.o)
 .debug_ranges  0x00000000000000d8       0x10 c:/alteraquartus/nios2eds/bin/gnu/h-x86_64-mingw32/bin/../lib/gcc/nios2-elf/5.3.0/../../../../../H-x86_64-mingw32/nios2-elf/lib\libsmallc.a(lib_a-memcmp.o)
 .debug_ranges  0x00000000000000e8       0x10 c:/alteraquartus/nios2eds/bin/gnu/h-x86_64-mingw32/bin/../lib/gcc/nios2-elf/5.3.0/../../../../../H-x86_64-mingw32/nios2-elf/lib\libsmallc.a(lib_a-strlen.o)
 .debug_ranges  0x00000000000000f8       0x10 c:/alteraquartus/nios2eds/bin/gnu/h-x86_64-mingw32/bin/../lib/gcc/nios2-elf/5.3.0/../../../../../H-x86_64-mingw32/nios2-elf/lib\libsmallc.a(lib_a-__atexit.o)
 .debug_ranges  0x0000000000000108       0x28 c:/alteraquartus/nios2eds/bin/gnu/h-x86_64-mingw32/bin/../lib/gcc/nios2-elf/5.3.0/../../../../../H-x86_64-mingw32/nios2-elf/lib\libsmallc.a(lib_a-__call_atexit.o)
